12-08 00:34:59.030 W/A       ( 1538): 	at com.google.android.libraries.i.h.run(PG:2)
12-08 00:34:59.030 W/A       ( 1538): 	at java.lang.Thread.run(Thread.java:1012)
12-08 00:34:59.030 W/A       ( 1538): 	at com.google.android.libraries.i.ai.run(PG:5)
12-08 00:34:59.030 W/A       ( 1538): Caused by: com.google.frameworks.client.data.android.ac: Http networking stack error
12-08 00:34:59.030 W/A       ( 1538): 	at com.google.frameworks.client.data.android.y.run(PG:7)
12-08 00:34:59.030 W/A       ( 1538): 	... 6 more
12-08 00:34:59.030 W/A       ( 1538): Caused by: iq: Exception in CronetUrlRequest: net::ERR_NAME_NOT_RESOLVED, ErrorCode=1, InternalErrorCode=-105, Retryable=false
12-08 00:34:59.030 W/A       ( 1538): 	at org.chromium.net.impl.CronetUrlRequest.onError(:com.google.android.gms.dynamite_cronetdynamite@231818044@23.18.18 (190400-0):5)
12-08 00:34:59.031 W/A       ( 1538): unable to retrieve gws prefs while getting consent state
12-08 00:34:59.031 W/A       ( 1538): com.google.android.libraries.search.r.a.b: com.google.frameworks.client.data.android.ac: Http networking stack error
12-08 00:34:59.031 W/A       ( 1538): 	at com.google.android.libraries.search.r.a.f.apply(PG:3)
12-08 00:34:59.031 W/A       ( 1538): 	at com.google.apps.tiktok.tracing.ew.apply(PG:3)
12-08 00:34:59.031 W/A       ( 1538): 	at com.google.common.w.a.a.e(PG:2)
12-08 00:34:59.031 W/A       ( 1538): 	at com.google.common.w.a.c.run(PG:11)
12-08 00:34:59.031 W/A       ( 1538): 	at com.google.android.libraries.i.z.run(PG:1)
12-08 00:34:59.031 W/A       ( 1538): 	at java.util.concurrent.ThreadPoolExecutor.runWorker(ThreadPoolExecutor.java:1137)
12-08 00:34:59.031 W/A       ( 1538): 	at java.util.concurrent.ThreadPoolExecutor$Worker.run(ThreadPoolExecutor.java:637)
12-08 00:34:59.031 W/A       ( 1538): 	at com.google.android.libraries.i.h.run(PG:2)
12-08 00:34:59.031 W/A       ( 1538): 	at java.lang.Thread.run(Thread.java:1012)
12-08 00:34:59.031 W/A       ( 1538): 	at com.google.android.libraries.i.ai.run(PG:5)
12-08 00:34:59.031 W/A       ( 1538): Caused by: com.google.frameworks.client.data.android.ac: Http networking stack error
12-08 00:34:59.031 W/A       ( 1538): 	at com.google.frameworks.client.data.android.y.run(PG:7)
12-08 00:34:59.031 W/A       ( 1538): 	... 6 more
12-08 00:34:59.031 W/A       ( 1538): Caused by: iq: Exception in CronetUrlRequest: net::ERR_NAME_NOT_RESOLVED, ErrorCode=1, InternalErrorCode=-105, Retryable=false
12-08 00:34:59.031 W/A       ( 1538): 	at org.chromium.net.impl.CronetUrlRequest.onError(:com.google.android.gms.dynamite_cronetdynamite@231818044@23.18.18 (190400-0):5)
12-08 00:34:59.494 I/resolv  (  292): res_nsend: used send_dg 0 terrno: 110
12-08 00:34:59.796 I/resolv  (  292): res_nsend: used send_dg 0 terrno: 110
12-08 00:34:59.856 I/resolv  (  292): res_nsend: used send_dg 0 terrno: 110
12-08 00:34:59.856 I/resolv  (  292): res_nsend: used send_dg 0 terrno: 110
12-08 00:35:00.061 I/AiAiEcho( 1387): Predicting[0]: 
12-08 00:35:00.062 I/AiAiEcho( 1387): Ranked targets strategy: SORT, count: 0, ranking metadata: 
12-08 00:35:00.073 I/AiAiEcho( 1387): #postPredictionTargets: Sending updates to UISurface lockscreen with targets# 0
12-08 00:35:00.077 I/AiAiEcho( 1387): #postPredictionTargets: Sending updates to UISurface home with targets# 0
12-08 00:35:00.077 I/AiAiEcho( 1387): #postPredictionTargets: Sending updates to UISurface media_data_manager with targets# 0
12-08 00:35:00.174 D/SsMediaDataProvider(  691): Forwarding Smartspace updates []
12-08 00:35:00.177 D/EGL_emulation(  691): app_time_stats: avg=6699.34ms min=6699.34ms max=6699.34ms count=1
12-08 00:35:00.392 I/resolv  (  292): GetAddrInfoHandler::run: {101 786533 101 983141 10109 0}
12-08 00:35:00.397 I/resolv  (  292): res_nmkquery: (QUERY, IN, AAAA)
12-08 00:35:00.397 I/resolv  (  292): res_nmkquery: (QUERY, IN, A)
12-08 00:35:00.397 I/resolv  (  292): res_stats_usable_server: too many resolution errors, ignoring server
12-08 00:35:00.397 I/resolv  (  292): res_stats_usable_server: too many resolution errors, ignoring server
12-08 00:35:00.400 I/resolv  (  292): res_stats_usable_server: too many resolution errors, ignoring server
12-08 00:35:00.400 I/resolv  (  292): res_stats_usable_server: too many resolution errors, ignoring server
12-08 00:35:00.682 I/resolv  (  292): res_nsend: used send_dg 0 terrno: 110
12-08 00:35:00.684 I/resolv  (  292): res_nsend: used send_dg 0 terrno: 110
12-08 00:35:00.811 I/resolv  (  292): res_nsend: used send_dg 0 terrno: 110
12-08 00:35:00.818 I/resolv  (  292): res_nsend: used send_dg 0 terrno: 110
12-08 00:35:00.831 I/resolv  (  292): res_nsend: used send_dg 0 terrno: 110
12-08 00:35:00.831 I/resolv  (  292): doQuery: rcode=255, ancount=0, return value=-110
12-08 00:35:00.835 I/resolv  (  292): res_nsend: used send_dg 0 terrno: 110
12-08 00:35:00.835 I/resolv  (  292): doQuery: rcode=255, ancount=0, return value=-110
12-08 00:35:00.841 I/resolv  (  292): res_nsend: used send_dg 0 terrno: 110
12-08 00:35:00.841 I/resolv  (  292): res_nsend: used send_dg 0 terrno: 110
12-08 00:35:00.841 I/resolv  (  292): doQuery: rcode=255, ancount=0, return value=-110
12-08 00:35:00.841 I/resolv  (  292): doQuery: rcode=255, ancount=0, return value=-110
12-08 00:35:01.100 I/resolv  (  292): res_nsend: used send_dg 0 terrno: 110
12-08 00:35:01.101 I/resolv  (  292): res_nsend: used send_dg 0 terrno: 110
12-08 00:35:01.123 I/resolv  (  292): res_nsend: used send_dg 0 terrno: 110
12-08 00:35:01.128 I/resolv  (  292): res_nsend: used send_dg 0 terrno: 110
12-08 00:35:01.937 I/resolv  (  292): res_nsend: used send_dg 0 terrno: 110
12-08 00:35:01.937 I/resolv  (  292): res_nsend: used send_dg 0 terrno: 110
12-08 00:35:01.937 I/resolv  (  292): res_nsend: used send_dg 0 terrno: 110
12-08 00:35:01.938 I/resolv  (  292): res_nsend: used send_dg 0 terrno: 110
12-08 00:35:01.939 I/resolv  (  292): res_nsend: used send_dg 0 terrno: 110
12-08 00:35:01.939 I/resolv  (  292): res_nsend: used send_dg 0 terrno: 110
12-08 00:35:01.939 I/resolv  (  292): doQuery: rcode=255, ancount=0, return value=-110
12-08 00:35:01.941 I/resolv  (  292): res_nsend: used send_dg 0 terrno: 110
12-08 00:35:01.942 I/resolv  (  292): res_nsend: used send_dg 0 terrno: 110
12-08 00:35:01.942 I/resolv  (  292): doQuery: rcode=255, ancount=0, return value=-110
12-08 00:35:01.961 D/NetworkMonitor/101(  745): PROBE_HTTPS https://www.google.com/generate_204 Probe failed with exception java.net.UnknownHostException: Unable to resolve host "www.google.com": No address associated with hostname
12-08 00:35:02.157 I/resolv  (  292): res_nsend: used send_dg 0 terrno: 110
12-08 00:35:02.157 I/resolv  (  292): res_nsend: used send_dg 0 terrno: 110
12-08 00:35:03.692 I/resolv  (  292): res_nsend: used send_dg 0 terrno: 110
12-08 00:35:03.692 I/resolv  (  292): res_nsend: used send_dg 0 terrno: 110
12-08 00:35:03.694 I/resolv  (  292): doQuery: rcode=255, ancount=0, return value=-110
12-08 00:35:03.695 I/resolv  (  292): doQuery: rcode=255, ancount=0, return value=-110
12-08 00:35:03.789 I/resolv  (  292): GetAddrInfoHandler::run: {101 786533 101 983141 10109 0}
12-08 00:35:03.792 I/resolv  (  292): res_nmkquery: (QUERY, IN, A)
12-08 00:35:03.792 I/resolv  (  292): res_nmkquery: (QUERY, IN, AAAA)
12-08 00:35:03.792 I/resolv  (  292): res_stats_usable_server: too many resolution errors, ignoring server
12-08 00:35:03.792 I/resolv  (  292): res_stats_usable_server: too many resolution errors, ignoring server
12-08 00:35:03.794 I/resolv  (  292): res_stats_usable_server: too many resolution errors, ignoring server
12-08 00:35:03.794 I/resolv  (  292): res_stats_usable_server: too many resolution errors, ignoring server
12-08 00:35:04.100 I/resolv  (  292): GetAddrInfoHandler::run: {101 786533 101 983141 10109 0}
12-08 00:35:04.102 I/resolv  (  292): res_nmkquery: (QUERY, IN, AAAA)
12-08 00:35:04.102 I/resolv  (  292): res_stats_usable_server: too many resolution errors, ignoring server
12-08 00:35:04.102 I/resolv  (  292): res_stats_usable_server: too many resolution errors, ignoring server
12-08 00:35:04.103 I/resolv  (  292): res_nmkquery: (QUERY, IN, A)
12-08 00:35:04.107 I/resolv  (  292): res_stats_usable_server: too many resolution errors, ignoring server
12-08 00:35:04.107 I/resolv  (  292): res_stats_usable_server: too many resolution errors, ignoring server
12-08 00:35:04.131 W/YouTubeMusic( 1756): Could not register for notifications with InnerTube: 
12-08 00:35:04.131 W/YouTubeMusic( 1756): xvd: dlj: java.lang.IllegalStateException: DefaultAccountIdResolver could not resolve pseudonymous, pseudonymous
12-08 00:35:04.131 W/YouTubeMusic( 1756): 	at xut.apply(Unknown Source:4)
12-08 00:35:04.131 W/YouTubeMusic( 1756): 	at vws.p(PG:5)
12-08 00:35:04.131 W/YouTubeMusic( 1756): 	at vws.b(PG:2)
12-08 00:35:04.131 W/YouTubeMusic( 1756): 	at xuv.d(PG:4)
12-08 00:35:04.131 W/YouTubeMusic( 1756): 	at acvk.c(PG:51)
12-08 00:35:04.131 W/YouTubeMusic( 1756): 	at acvk.j(PG:38)
12-08 00:35:04.131 W/YouTubeMusic( 1756): 	at acvk.d(PG:3)
12-08 00:35:04.131 W/YouTubeMusic( 1756): 	at acvi.run(Unknown Source:2)
12-08 00:35:04.131 W/YouTubeMusic( 1756): 	at java.util.concurrent.Executors$RunnableAdapter.call(Executors.java:463)
12-08 00:35:04.131 W/YouTubeMusic( 1756): 	at java.util.concurrent.FutureTask.run(FutureTask.java:264)
12-08 00:35:04.131 W/YouTubeMusic( 1756): 	at java.util.concurrent.ThreadPoolExecutor.runWorker(ThreadPoolExecutor.java:1137)
12-08 00:35:04.131 W/YouTubeMusic( 1756): 	at java.util.concurrent.ThreadPoolExecutor$Worker.run(ThreadPoolExecutor.java:637)
12-08 00:35:04.131 W/YouTubeMusic( 1756): 	at qhq.run(PG:2)
12-08 00:35:04.131 W/YouTubeMusic( 1756): 	at qic.run(PG:4)
12-08 00:35:04.131 W/YouTubeMusic( 1756): 	at java.lang.Thread.run(Thread.java:1012)
12-08 00:35:04.131 W/YouTubeMusic( 1756): Caused by: dlj: java.lang.IllegalStateException: DefaultAccountIdResolver could not resolve pseudonymous, pseudonymous
12-08 00:35:04.131 W/YouTubeMusic( 1756): 	at wfa.b(PG:1)
12-08 00:35:04.131 W/YouTubeMusic( 1756): 	at wfa.run(PG:24)
12-08 00:35:04.131 W/YouTubeMusic( 1756): 	at java.util.concurrent.ThreadPoolExecutor.runWorker(ThreadPoolExecutor.java:1137)
12-08 00:35:04.131 W/YouTubeMusic( 1756): 	at java.util.concurrent.ThreadPoolExecutor$Worker.run(ThreadPoolExecutor.java:637)
12-08 00:35:04.131 W/YouTubeMusic( 1756): 	at vvz.run(PG:11)
12-08 00:35:04.131 W/YouTubeMusic( 1756): 	... 1 more
12-08 00:35:04.131 W/YouTubeMusic( 1756): Caused by: java.lang.IllegalStateException: DefaultAccountIdResolver could not resolve pseudonymous, pseudonymous
12-08 00:35:04.131 W/YouTubeMusic( 1756): 	at ucg.a(PG:7)
12-08 00:35:04.131 W/YouTubeMusic( 1756): 	at xsd.a(PG:1)
12-08 00:35:04.131 W/YouTubeMusic( 1756): 	at xtk.G(PG:5)
12-08 00:35:04.131 W/YouTubeMusic( 1756): 	at xtk.d(PG:2)
12-08 00:35:04.131 W/YouTubeMusic( 1756): 	at wfa.a(PG:15)
12-08 00:35:04.131 W/YouTubeMusic( 1756): 	at wfa.run(PG:21)
12-08 00:35:04.131 W/YouTubeMusic( 1756): 	... 4 more
12-08 00:35:04.131 W/YouTubeMusic( 1756): Caused by: java.util.concurrent.ExecutionException: aiwk: account of type pseudonymous is not enabled
12-08 00:35:04.131 W/YouTubeMusic( 1756): 	at akmv.o(PG:6)
12-08 00:35:04.131 W/YouTubeMusic( 1756): 	at akmv.get(PG:20)
12-08 00:35:04.131 W/YouTubeMusic( 1756): 	at akmq.get(PG:2)
12-08 00:35:04.131 W/YouTubeMusic( 1756): 	at ucg.a(PG:4)
12-08 00:35:04.131 W/YouTubeMusic( 1756): 	... 9 more
12-08 00:35:04.131 W/YouTubeMusic( 1756): Caused by: aiwk: account of type pseudonymous is not enabled
12-08 00:35:04.131 W/YouTubeMusic( 1756): 	at aixz.apply(PG:6)
12-08 00:35:04.131 W/YouTubeMusic( 1756): 	at ajls.apply(PG:2)
12-08 00:35:04.131 W/YouTubeMusic( 1756): 	at akmy.c(PG:2)
12-08 00:35:04.131 W/YouTubeMusic( 1756): 	at akmz.run(PG:9)
12-08 00:35:04.131 W/YouTubeMusic( 1756): 	at akod.execute(PG:1)
12-08 00:35:04.131 W/YouTubeMusic( 1756): 	at akmv.m(PG:1)
12-08 00:35:04.131 W/YouTubeMusic( 1756): 	at akmv.i(PG:12)
12-08 00:35:04.131 W/YouTubeMusic( 1756): 	at akmv.setFuture(PG:5)
12-08 00:35:04.131 W/YouTubeMusic( 1756): 	at akpf.run(PG:1)
12-08 00:35:04.131 W/YouTubeMusic( 1756): 	at akod.execute(PG:1)
12-08 00:35:04.131 W/YouTubeMusic( 1756): 	at akmv.m(PG:1)
12-08 00:35:04.131 W/YouTubeMusic( 1756): 	at akmv.i(PG:12)
12-08 00:35:04.131 W/YouTubeMusic( 1756): 	at akmv.setFuture(PG:5)
12-08 00:35:04.131 W/YouTubeMusic( 1756): 	at akmx.d(PG:2)
12-08 00:35:04.131 W/YouTubeMusic( 1756): 	at akmz.run(PG:12)
12-08 00:35:04.131 W/YouTubeMusic( 1756): 	at akod.execute(PG:1)
12-08 00:35:04.131 W/YouTubeMusic( 1756): 	at akmv.m(PG:1)
12-08 00:35:04.131 W/YouTubeMusic( 1756): 	at akmv.i(PG:12)
12-08 00:35:04.131 W/YouTubeMusic( 1756): 	at akmv.setFuture(PG:5)
12-08 00:35:04.131 W/YouTubeMusic( 1756): 	at aizz.setFuture(PG:1)
12-08 00:35:04.131 W/YouTubeMusic( 1756): 	at aizv.run(PG:4)
12-08 00:35:04.131 W/YouTubeMusic( 1756): 	at akod.execute(PG:1)
12-08 00:35:04.131 W/YouTubeMusic( 1756): 	at akmv.m(PG:1)
12-08 00:35:04.131 W/YouTubeMusic( 1756): 	at akmv.i(PG:12)
12-08 00:35:04.131 W/YouTubeMusic( 1756): 	at akmv.set(PG:2)
12-08 00:35:04.131 W/YouTubeMusic( 1756): 	at akoa.c(PG:1)
12-08 00:35:04.131 W/YouTubeMusic( 1756): 	at akob.e(PG:2)
12-08 00:35:04.131 W/YouTubeMusic( 1756): 	at akpo.run(PG:8)
12-08 00:35:04.131 W/YouTubeMusic( 1756): 	at akod.execute(PG:1)
12-08 00:35:04.131 W/YouTubeMusic( 1756): 	at akob.f(PG:1)
12-08 00:35:04.131 W/YouTubeMusic( 1756): 	at akoc.m(PG:1)
12-08 00:35:04.131 W/YouTubeMusic( 1756): 	at aknc.f(PG:6)
12-08 00:35:04.131 W/YouTubeMusic( 1756): 	at akna.run(PG:1)
12-08 00:35:04.131 W/YouTubeMusic( 1756): 	at akod.execute(PG:1)
12-08 00:35:04.131 W/YouTubeMusic( 1756): 	at akmv.m(PG:1)
12-08 00:35:04.131 W/YouTubeMusic( 1756): 	at akmv.i(PG:12)
12-08 00:35:04.131 W/YouTubeMusic( 1756): 	at akmv.setFuture(PG:5)
12-08 00:35:04.131 W/YouTubeMusic( 1756): 	at akmx.d(PG:2)
12-08 00:35:04.131 W/YouTubeMusic( 1756): 	at akmz.run(PG:12)
12-08 00:35:04.131 W/YouTubeMusic( 1756): 	at akod.execute(PG:1)
12-08 00:35:04.131 W/YouTubeMusic( 1756): 	at akmv.m(PG:1)
12-08 00:35:04.131 W/YouTubeMusic( 1756): 	at akmv.i(PG:12)
12-08 00:35:04.131 W/YouTubeMusic( 1756): 	at akmv.setFuture(PG:5)
12-08 00:35:04.131 W/YouTubeMusic( 1756): 	at akpf.run(PG:1)
12-08 00:35:04.131 W/YouTubeMusic( 1756): 	at akod.execute(PG:1)
12-08 00:35:04.131 W/YouTubeMusic( 1756): 	at akmv.m(PG:1)
12-08 00:35:04.131 W/YouTubeMusic( 1756): 	at akmv.i(PG:12)
12-08 00:35:04.131 W/YouTubeMusic( 1756): 	at akmv.setFuture(PG:5)
12-08 00:35:04.131 W/YouTubeMusic( 1756): 	at akmx.d(PG:2)
12-08 00:35:04.131 W/YouTubeMusic( 1756): 	at akmz.run(PG:12)
12-08 00:35:04.131 W/YouTubeMusic( 1756): 	at akod.execute(PG:1)
12-08 00:35:04.131 W/YouTubeMusic( 1756): 	at akmv.m(PG:1)
12-08 00:35:04.131 W/YouTubeMusic( 1756): 	at akmv.i(PG:12)
12-08 00:35:04.131 W/YouTubeMusic( 1756): 	at akmv.setFuture(PG:5)
12-08 00:35:04.131 W/YouTubeMusic( 1756): 	at aknz.c(PG:2)
12-08 00:35:04.131 W/YouTubeMusic( 1756): 	at akob.e(PG:2)
12-08 00:35:04.131 W/YouTubeMusic( 1756): 	at akpo.run(PG:8)
12-08 00:35:04.131 W/YouTubeMusic( 1756): 	at qiq.run(PG:1)
12-08 00:35:04.131 W/YouTubeMusic( 1756): 	at java.util.concurrent.ThreadPoolExecutor.runWorker(ThreadPoolExecutor.java:1137)
12-08 00:35:04.131 W/YouTubeMusic( 1756): 	at java.util.concurrent.ThreadPoolExecutor$Worker.run(ThreadPoolExecutor.java:637)
12-08 00:35:04.131 W/YouTubeMusic( 1756): 	at qhq.run(PG:2)
12-08 00:35:04.131 W/YouTubeMusic( 1756): 	at qic.run(PG:4)
12-08 00:35:04.131 W/YouTubeMusic( 1756): 	... 1 more
12-08 00:35:04.501 I/resolv  (  292): res_nsend: used send_dg 0 terrno: 110
12-08 00:35:04.802 I/resolv  (  292): res_nsend: used send_dg 0 terrno: 110
12-08 00:35:04.862 I/resolv  (  292): res_nsend: used send_dg 0 terrno: 110
12-08 00:35:04.862 I/resolv  (  292): res_nsend: used send_dg 0 terrno: 110
12-08 00:35:04.862 I/resolv  (  292): doQuery: rcode=255, ancount=0, return value=-110
12-08 00:35:04.862 I/resolv  (  292): doQuery: rcode=255, ancount=0, return value=-110
12-08 00:35:05.405 I/resolv  (  292): res_nsend: used send_dg 0 terrno: 110
12-08 00:35:05.406 I/resolv  (  292): res_nsend: used send_dg 0 terrno: 110
12-08 00:35:05.743 I/resolv  (  292): res_nsend: used send_dg 0 terrno: 110
12-08 00:35:05.744 I/resolv  (  292): doQuery: rcode=255, ancount=0, return value=-110
12-08 00:35:05.745 I/resolv  (  292): res_nsend: used send_dg 0 terrno: 110
12-08 00:35:05.745 I/resolv  (  292): doQuery: rcode=255, ancount=0, return value=-110
12-08 00:35:05.801 D/OomAdjuster(  496): Not killing cached processes
12-08 00:35:05.823 I/resolv  (  292): res_nsend: used send_dg 0 terrno: 110
12-08 00:35:05.828 I/resolv  (  292): res_nsend: used send_dg 0 terrno: 110
12-08 00:35:05.852 I/resolv  (  292): GetAddrInfoHandler::run: {101 786533 101 983141 10109 0}
12-08 00:35:05.859 I/resolv  (  292): res_nmkquery: (QUERY, IN, AAAA)
12-08 00:35:05.859 I/resolv  (  292): res_nmkquery: (QUERY, IN, A)
12-08 00:35:05.859 I/resolv  (  292): res_stats_usable_server: too many resolution errors, ignoring server
12-08 00:35:05.859 I/resolv  (  292): res_stats_usable_server: too many resolution errors, ignoring server
12-08 00:35:05.862 I/resolv  (  292): res_stats_usable_server: too many resolution errors, ignoring server
12-08 00:35:05.862 I/resolv  (  292): res_stats_usable_server: too many resolution errors, ignoring server
12-08 00:35:05.872 I/resolv  (  292): GetAddrInfoHandler::run: {101 786533 101 983141 10109 0}
12-08 00:35:05.873 I/resolv  (  292): res_nmkquery: (QUERY, IN, AAAA)
12-08 00:35:05.873 I/resolv  (  292): resolv_cache_lookup: Waiting for previous request
12-08 00:35:05.880 I/resolv  (  292): res_nmkquery: (QUERY, IN, A)
12-08 00:35:05.880 I/resolv  (  292): resolv_cache_lookup: Waiting for previous request
12-08 00:35:05.945 W/id.gms.unstable( 2862): Couldn't lock the profile file /data/user/0/com.google.android.gms/app_fb/oat/f.apk.cur.prof: Failed to open file '/data/user/0/com.google.android.gms/app_fb/oat/f.apk.cur.prof': No such file or directory
12-08 00:35:05.945 W/id.gms.unstable( 2862): Could not forcefully load profile /data/user/0/com.google.android.gms/app_fb/oat/f.apk.cur.prof
12-08 00:35:06.108 I/resolv  (  292): res_nsend: used send_dg 0 terrno: 110
12-08 00:35:06.108 I/resolv  (  292): res_nsend: used send_dg 0 terrno: 110
12-08 00:35:06.109 I/resolv  (  292): doQuery: rcode=255, ancount=0, return value=-110
12-08 00:35:06.109 I/resolv  (  292): doQuery: rcode=255, ancount=0, return value=-110
12-08 00:35:06.129 I/resolv  (  292): res_nsend: used send_dg 0 terrno: 110
12-08 00:35:06.129 I/resolv  (  292): doQuery: rcode=255, ancount=0, return value=-110
12-08 00:35:06.131 I/resolv  (  292): res_nsend: used send_dg 0 terrno: 110
12-08 00:35:06.131 I/resolv  (  292): doQuery: rcode=255, ancount=0, return value=-110
12-08 00:35:06.979 I/resolv  (  292): res_nsend: used send_dg 0 terrno: 110
12-08 00:35:06.979 I/resolv  (  292): res_nsend: used send_dg 0 terrno: 110
12-08 00:35:06.980 I/resolv  (  292): res_nsend: used send_dg 0 terrno: 110
12-08 00:35:06.980 I/resolv  (  292): res_nsend: used send_dg 0 terrno: 110
12-08 00:35:06.980 I/resolv  (  292): res_nsend: used send_dg 0 terrno: 110
12-08 00:35:06.981 I/resolv  (  292): res_nsend: used send_dg 0 terrno: 110
12-08 00:35:07.177 I/resolv  (  292): res_nsend: used send_dg 0 terrno: 110
12-08 00:35:07.178 I/resolv  (  292): res_nsend: used send_dg 0 terrno: 110
12-08 00:35:08.799 I/resolv  (  292): res_nsend: used send_dg 0 terrno: 110
12-08 00:35:08.802 I/resolv  (  292): res_nsend: used send_dg 0 terrno: 110
12-08 00:35:09.109 I/resolv  (  292): res_nsend: used send_dg 0 terrno: 110
12-08 00:35:09.113 I/resolv  (  292): res_nsend: used send_dg 0 terrno: 110
12-08 00:35:09.507 I/resolv  (  292): res_nsend: used send_dg 0 terrno: 110
12-08 00:35:09.507 I/resolv  (  292): doQuery: rcode=255, ancount=0, return value=-110
12-08 00:35:09.808 I/resolv  (  292): res_nsend: used send_dg 0 terrno: 110
12-08 00:35:09.808 I/resolv  (  292): doQuery: rcode=255, ancount=0, return value=-110
12-08 00:35:09.812 D/NetworkMonitor/101(  745): PROBE_HTTP http://connectivitycheck.gstatic.com/generate_204 Probe failed with exception java.net.UnknownHostException: Unable to resolve host "connectivitycheck.gstatic.com": No address associated with hostname
12-08 00:35:09.818 D/NetworkMonitor/101(  745): isCaptivePortal: isSuccessful()=false isPortal()=false RedirectUrl=null isPartialConnectivity()=false Time=41257ms
12-08 00:35:09.824 D/ConnectivityService(  496): [101 WIFI] validation failed
12-08 00:35:10.411 I/resolv  (  292): res_nsend: used send_dg 0 terrno: 110
12-08 00:35:10.411 I/resolv  (  292): res_nsend: used send_dg 0 terrno: 110
12-08 00:35:10.830 I/resolv  (  292): res_nsend: used send_dg 0 terrno: 110
12-08 00:35:10.830 I/resolv  (  292): doQuery: rcode=255, ancount=0, return value=-110
12-08 00:35:10.838 I/resolv  (  292): res_nsend: used send_dg 0 terrno: 110
12-08 00:35:10.838 I/resolv  (  292): doQuery: rcode=255, ancount=0, return value=-110
12-08 00:35:10.861 E/FirebaseInstanceId( 4409): Failed to get FIS auth token
12-08 00:35:10.861 E/FirebaseInstanceId( 4409): java.util.concurrent.ExecutionException: atyv: Firebase Installations Service is unavailable. Please try again later.
12-08 00:35:10.861 E/FirebaseInstanceId( 4409): 	at ogi.b(PG:2)
12-08 00:35:10.861 E/FirebaseInstanceId( 4409): 	at ogi.u(PG:6)
12-08 00:35:10.861 E/FirebaseInstanceId( 4409): 	at atwz.b(PG:7)
12-08 00:35:10.861 E/FirebaseInstanceId( 4409): 	at atyg.a(PG:4)
12-08 00:35:10.861 E/FirebaseInstanceId( 4409): 	at pbf.run(PG:2)
12-08 00:35:10.861 E/FirebaseInstanceId( 4409): 	at java.util.concurrent.ThreadPoolExecutor.runWorker(ThreadPoolExecutor.java:1137)
12-08 00:35:10.861 E/FirebaseInstanceId( 4409): 	at java.util.concurrent.ThreadPoolExecutor$Worker.run(ThreadPoolExecutor.java:637)
12-08 00:35:10.861 E/FirebaseInstanceId( 4409): 	at gyl.run(PG:16)
12-08 00:35:10.861 E/FirebaseInstanceId( 4409): 	at java.lang.Thread.run(Thread.java:1012)
12-08 00:35:10.861 E/FirebaseInstanceId( 4409): Caused by: atyv: Firebase Installations Service is unavailable. Please try again later.
12-08 00:35:10.861 E/FirebaseInstanceId( 4409): 	at atzh.c(PG:22)
12-08 00:35:10.861 E/FirebaseInstanceId( 4409): 	at atys.run(PG:19)
12-08 00:35:10.861 E/FirebaseInstanceId( 4409): 	at java.util.concurrent.ThreadPoolExecutor.runWorker(ThreadPoolExecutor.java:1137)
12-08 00:35:10.861 E/FirebaseInstanceId( 4409): 	at java.util.concurrent.ThreadPoolExecutor$Worker.run(ThreadPoolExecutor.java:637)
12-08 00:35:10.861 E/FirebaseInstanceId( 4409): 	... 1 more
12-08 00:35:10.863 I/resolv  (  292): res_nsend: used send_dg 0 terrno: 110
12-08 00:35:10.867 I/resolv  (  292): res_nsend: used send_dg 0 terrno: 110
12-08 00:35:10.870 D/OomAdjuster(  496): Not killing cached processes
12-08 00:35:10.904 W/FirebaseInstanceId( 4409): Token retrieval failed: SERVICE_NOT_AVAILABLE. Will retry token retrieval
12-08 00:35:11.865 I/resolv  (  292): GetAddrInfoHandler::run: {101 786533 101 983141 10109 0}
12-08 00:35:11.867 I/resolv  (  292): res_nmkquery: (QUERY, IN, A)
12-08 00:35:11.868 I/resolv  (  292): resolv_cache_lookup: Waiting for previous request
12-08 00:35:11.869 I/resolv  (  292): res_nmkquery: (QUERY, IN, AAAA)
12-08 00:35:11.869 I/resolv  (  292): resolv_cache_lookup: Waiting for previous request
12-08 00:35:11.986 I/resolv  (  292): res_nsend: used send_dg 0 terrno: 110
12-08 00:35:11.986 I/resolv  (  292): res_nsend: used send_dg 0 terrno: 110
12-08 00:35:11.986 I/resolv  (  292): doQuery: rcode=255, ancount=0, return value=-110
12-08 00:35:11.986 I/resolv  (  292): doQuery: rcode=255, ancount=0, return value=-110
12-08 00:35:11.986 I/resolv  (  292): res_stats_usable_server: too many resolution errors, ignoring server
12-08 00:35:11.986 I/resolv  (  292): res_stats_usable_server: too many resolution errors, ignoring server
12-08 00:35:11.987 I/resolv  (  292): res_nsend: used send_dg 0 terrno: 110
12-08 00:35:11.987 I/resolv  (  292): res_nsend: used send_dg 0 terrno: 110
12-08 00:35:11.987 I/resolv  (  292): res_stats_usable_server: too many resolution errors, ignoring server
12-08 00:35:11.987 I/resolv  (  292): res_stats_usable_server: too many resolution errors, ignoring server
12-08 00:35:11.987 I/resolv  (  292): doQuery: rcode=255, ancount=0, return value=-110
12-08 00:35:11.987 I/resolv  (  292): res_nsend: used send_dg 0 terrno: 110
12-08 00:35:11.989 I/resolv  (  292): res_nsend: used send_dg 0 terrno: 110
12-08 00:35:11.989 I/resolv  (  292): doQuery: rcode=255, ancount=0, return value=-110
12-08 00:35:11.989 I/resolv  (  292): res_stats_usable_server: too many resolution errors, ignoring server
12-08 00:35:11.989 I/resolv  (  292): res_stats_usable_server: too many resolution errors, ignoring server
12-08 00:35:11.989 I/resolv  (  292): res_stats_usable_server: too many resolution errors, ignoring server
12-08 00:35:11.989 I/resolv  (  292): res_stats_usable_server: too many resolution errors, ignoring server
12-08 00:35:12.188 I/resolv  (  292): res_nsend: used send_dg 0 terrno: 110
12-08 00:35:12.188 I/resolv  (  292): doQuery: rcode=255, ancount=0, return value=-110
12-08 00:35:12.189 I/resolv  (  292): res_nsend: used send_dg 0 terrno: 110
12-08 00:35:12.189 I/resolv  (  292): doQuery: rcode=255, ancount=0, return value=-110
12-08 00:35:13.470 D/EGL_emulation(  691): app_time_stats: avg=13291.88ms min=13291.88ms max=13291.88ms count=1
12-08 00:35:13.818 I/resolv  (  292): res_nsend: used send_dg 0 terrno: 110
12-08 00:35:13.818 I/resolv  (  292): res_nsend: used send_dg 0 terrno: 110
12-08 00:35:14.116 I/resolv  (  292): res_nsend: used send_dg 0 terrno: 110
12-08 00:35:14.119 I/resolv  (  292): res_nsend: used send_dg 0 terrno: 110
12-08 00:35:15.417 I/resolv  (  292): res_nsend: used send_dg 0 terrno: 110
12-08 00:35:15.418 I/resolv  (  292): res_nsend: used send_dg 0 terrno: 110
12-08 00:35:15.869 I/resolv  (  292): res_nsend: used send_dg 0 terrno: 110
12-08 00:35:15.869 I/resolv  (  292): res_nsend: used send_dg 0 terrno: 110
12-08 00:35:16.993 I/resolv  (  292): res_nsend: used send_dg 0 terrno: 110
12-08 00:35:16.995 I/resolv  (  292): res_nsend: used send_dg 0 terrno: 110
12-08 00:35:16.996 I/resolv  (  292): res_nsend: used send_dg 0 terrno: 110
12-08 00:35:16.996 I/resolv  (  292): doQuery: rcode=255, ancount=0, return value=-110
12-08 00:35:16.997 I/resolv  (  292): res_nsend: used send_dg 0 terrno: 110
12-08 00:35:16.998 I/resolv  (  292): doQuery: rcode=255, ancount=0, return value=-110
12-08 00:35:17.007 I/resolv  (  292): res_nsend: used send_dg 0 terrno: 110
12-08 00:35:17.017 I/resolv  (  292): res_nsend: used send_dg 0 terrno: 110
12-08 00:35:17.160 E/android.hardware.power.stats@1.0-service-mock(  317): Failed to getEnergyData
12-08 00:35:18.070 D/OomAdjuster(  496): Not killing cached processes
12-08 00:35:18.836 I/resolv  (  292): res_nsend: used send_dg 0 terrno: 110
12-08 00:35:18.850 I/resolv  (  292): res_nsend: used send_dg 0 terrno: 110
12-08 00:35:19.122 I/resolv  (  292): res_nsend: used send_dg 0 terrno: 110
12-08 00:35:19.125 I/resolv  (  292): res_nsend: used send_dg 0 terrno: 110
12-08 00:35:20.425 I/resolv  (  292): res_nsend: used send_dg 0 terrno: 110
12-08 00:35:20.425 I/resolv  (  292): res_nsend: used send_dg 0 terrno: 110
12-08 00:35:20.426 I/resolv  (  292): doQuery: rcode=255, ancount=0, return value=-110
12-08 00:35:20.426 I/resolv  (  292): doQuery: rcode=255, ancount=0, return value=-110
12-08 00:35:20.448 W/enyb    ( 1231): [{0}] Failed to resolve name. status={1}
12-08 00:35:20.875 I/resolv  (  292): res_nsend: used send_dg 0 terrno: 110
12-08 00:35:20.877 I/resolv  (  292): res_nsend: used send_dg 0 terrno: 110
12-08 00:35:22.003 I/resolv  (  292): res_nsend: used send_dg 0 terrno: 110
12-08 00:35:22.005 I/resolv  (  292): res_nsend: used send_dg 0 terrno: 110
12-08 00:35:22.015 I/resolv  (  292): res_nsend: used send_dg 0 terrno: 110
12-08 00:35:22.025 I/resolv  (  292): res_nsend: used send_dg 0 terrno: 110
12-08 00:35:23.843 I/resolv  (  292): res_nsend: used send_dg 0 terrno: 110
12-08 00:35:23.845 I/resolv  (  292): doQuery: rcode=255, ancount=0, return value=-110
12-08 00:35:23.856 I/resolv  (  292): res_nsend: used send_dg 0 terrno: 110
12-08 00:35:23.856 I/resolv  (  292): doQuery: rcode=255, ancount=0, return value=-110
12-08 00:35:23.867 I/resolv  (  292): GetAddrInfoHandler::run: {101 786533 101 983141 10109 0}
12-08 00:35:23.868 I/resolv  (  292): res_nmkquery: (QUERY, IN, A)
12-08 00:35:23.869 I/resolv  (  292): res_nmkquery: (QUERY, IN, AAAA)
12-08 00:35:23.869 I/resolv  (  292): res_stats_usable_server: too many resolution errors, ignoring server
12-08 00:35:23.869 I/resolv  (  292): res_stats_usable_server: too many resolution errors, ignoring server
12-08 00:35:23.871 I/resolv  (  292): res_stats_usable_server: too many resolution errors, ignoring server
12-08 00:35:23.871 I/resolv  (  292): res_stats_usable_server: too many resolution errors, ignoring server
12-08 00:35:24.129 I/resolv  (  292): res_nsend: used send_dg 0 terrno: 110
12-08 00:35:24.129 I/resolv  (  292): doQuery: rcode=255, ancount=0, return value=-110
12-08 00:35:24.130 I/resolv  (  292): res_nsend: used send_dg 0 terrno: 110
12-08 00:35:24.130 I/resolv  (  292): doQuery: rcode=255, ancount=0, return value=-110
12-08 00:35:25.629 D/OomAdjuster(  496): Not killing cached processes
12-08 00:35:25.841 D/TrafficStats(  745): tagSocket(5) with statsTag=0xffffff81, statsUid=-1
12-08 00:35:25.842 D/TrafficStats(  745): tagSocket(67) with statsTag=0xffffff81, statsUid=-1
12-08 00:35:25.852 D/TrafficStats(  745): tagSocket(5) with statsTag=0xffffff81, statsUid=-1
12-08 00:35:25.853 D/TrafficStats(  745): tagSocket(67) with statsTag=0xffffff81, statsUid=-1
12-08 00:35:25.860 I/resolv  (  292): ResNSendHandler::run: 0 / {101 983141 101 983141 1073 1}
12-08 00:35:25.860 I/resolv  (  292): ResNSendHandler::run: 0 / {101 983141 101 983141 1073 1}
12-08 00:35:25.860 I/resolv  (  292): res_stats_usable_server: too many resolution errors, ignoring server
12-08 00:35:25.860 I/resolv  (  292): res_stats_usable_server: too many resolution errors, ignoring server
12-08 00:35:25.860 I/resolv  (  292): ResNSendHandler::run: 0 / {101 983141 101 983141 1073 1}
12-08 00:35:25.860 I/resolv  (  292): ResNSendHandler::run: 0 / {101 983141 101 983141 1073 1}
12-08 00:35:25.860 I/resolv  (  292): res_stats_usable_server: too many resolution errors, ignoring server
12-08 00:35:25.860 I/resolv  (  292): res_stats_usable_server: too many resolution errors, ignoring server
12-08 00:35:25.864 I/resolv  (  292): res_stats_usable_server: too many resolution errors, ignoring server
12-08 00:35:25.864 I/resolv  (  292): res_stats_usable_server: too many resolution errors, ignoring server
12-08 00:35:25.864 I/resolv  (  292): res_stats_usable_server: too many resolution errors, ignoring server
12-08 00:35:25.867 I/resolv  (  292): res_stats_usable_server: too many resolution errors, ignoring server
12-08 00:35:25.880 I/resolv  (  292): res_nsend: used send_dg 0 terrno: 110
12-08 00:35:25.880 I/resolv  (  292): res_nsend: used send_dg 0 terrno: 110
12-08 00:35:25.880 I/resolv  (  292): doQuery: rcode=255, ancount=0, return value=-110
12-08 00:35:25.880 I/resolv  (  292): doQuery: rcode=255, ancount=0, return value=-110
12-08 00:35:25.898 I/resolv  (  292): GetAddrInfoHandler::run: {101 786533 101 983141 10109 0}
12-08 00:35:25.900 I/resolv  (  292): res_nmkquery: (QUERY, IN, A)
12-08 00:35:25.908 I/resolv  (  292): res_stats_usable_server: too many resolution errors, ignoring server
12-08 00:35:25.908 I/resolv  (  292): res_stats_usable_server: too many resolution errors, ignoring server
12-08 00:35:25.915 I/resolv  (  292): res_nmkquery: (QUERY, IN, AAAA)
12-08 00:35:25.917 I/resolv  (  292): res_stats_usable_server: too many resolution errors, ignoring server
12-08 00:35:25.917 I/resolv  (  292): res_stats_usable_server: too many resolution errors, ignoring server
12-08 00:35:27.011 I/resolv  (  292): res_nsend: used send_dg 0 terrno: 110
12-08 00:35:27.011 I/resolv  (  292): res_nsend: used send_dg 0 terrno: 110
12-08 00:35:27.020 I/resolv  (  292): res_nsend: used send_dg 0 terrno: 110
12-08 00:35:27.030 I/resolv  (  292): res_nsend: used send_dg 0 terrno: 110
12-08 00:35:28.842 I/resolv  (  292): GetAddrInfoHandler::run: {101 983141 101 983141 1073 1}
12-08 00:35:28.844 I/resolv  (  292): res_nmkquery: (QUERY, IN, AAAA)
12-08 00:35:28.844 I/resolv  (  292): res_nmkquery: (QUERY, IN, A)
12-08 00:35:28.844 I/resolv  (  292): resolv_cache_lookup: Waiting for previous request
12-08 00:35:28.844 I/resolv  (  292): resolv_cache_lookup: Waiting for previous request
12-08 00:35:28.875 I/resolv  (  292): res_nsend: used send_dg 0 terrno: 110
12-08 00:35:28.878 I/resolv  (  292): res_nsend: used send_dg 0 terrno: 110
12-08 00:35:30.884 I/resolv  (  292): res_nsend: used send_dg 0 terrno: 110
12-08 00:35:30.887 I/resolv  (  292): res_nsend: used send_dg 0 terrno: 110
12-08 00:35:30.888 I/resolv  (  292): res_nsend: used send_dg 0 terrno: 110
12-08 00:35:30.903 I/resolv  (  292): res_nsend: used send_dg 0 terrno: 110
12-08 00:35:30.914 I/resolv  (  292): res_nsend: used send_dg 0 terrno: 110
12-08 00:35:30.924 I/resolv  (  292): res_nsend: used send_dg 0 terrno: 110
12-08 00:35:31.893 I/resolv  (  292): GetAddrInfoHandler::run: {101 786533 101 983141 10109 0}
12-08 00:35:31.897 I/resolv  (  292): res_nmkquery: (QUERY, IN, AAAA)
12-08 00:35:31.898 I/resolv  (  292): res_nmkquery: (QUERY, IN, A)
12-08 00:35:31.899 I/resolv  (  292): resolv_cache_lookup: Waiting for previous request
12-08 00:35:31.900 I/resolv  (  292): resolv_cache_lookup: Waiting for previous request
12-08 00:35:32.017 I/resolv  (  292): res_nsend: used send_dg 0 terrno: 110
12-08 00:35:32.017 I/resolv  (  292): doQuery: rcode=255, ancount=0, return value=-110
12-08 00:35:32.018 I/resolv  (  292): res_stats_usable_server: too many resolution errors, ignoring server
12-08 00:35:32.018 I/resolv  (  292): res_stats_usable_server: too many resolution errors, ignoring server
12-08 00:35:32.018 I/resolv  (  292): res_nsend: used send_dg 0 terrno: 110
12-08 00:35:32.018 I/resolv  (  292): doQuery: rcode=255, ancount=0, return value=-110
12-08 00:35:32.026 I/resolv  (  292): res_nsend: used send_dg 0 terrno: 110
12-08 00:35:32.026 I/resolv  (  292): doQuery: rcode=255, ancount=0, return value=-110
12-08 00:35:32.032 I/resolv  (  292): res_stats_usable_server: too many resolution errors, ignoring server
12-08 00:35:32.032 I/resolv  (  292): res_stats_usable_server: too many resolution errors, ignoring server
12-08 00:35:32.036 I/resolv  (  292): res_nsend: used send_dg 0 terrno: 110
12-08 00:35:32.036 I/resolv  (  292): doQuery: rcode=255, ancount=0, return value=-110
12-08 00:35:33.151 D/OomAdjuster(  496): Not killing cached processes
12-08 00:35:33.512 D/EGL_emulation(  691): app_time_stats: avg=20041.36ms min=20041.36ms max=20041.36ms count=1
12-08 00:35:33.887 I/resolv  (  292): res_nsend: used send_dg 0 terrno: 110
12-08 00:35:33.895 I/resolv  (  292): res_nsend: used send_dg 0 terrno: 110
12-08 00:35:35.892 I/resolv  (  292): res_nsend: used send_dg 0 terrno: 110
12-08 00:35:35.892 I/resolv  (  292): res_nsend: used send_dg 0 terrno: 110
12-08 00:35:35.896 I/resolv  (  292): res_nsend: used send_dg 0 terrno: 110
12-08 00:35:35.910 I/resolv  (  292): res_nsend: used send_dg 0 terrno: 110
12-08 00:35:35.917 I/resolv  (  292): res_nsend: used send_dg 0 terrno: 110
12-08 00:35:35.931 I/resolv  (  292): res_nsend: used send_dg 0 terrno: 110
12-08 00:35:37.025 I/resolv  (  292): res_nsend: used send_dg 0 terrno: 110
12-08 00:35:37.038 I/resolv  (  292): res_nsend: used send_dg 0 terrno: 110
12-08 00:35:38.361 D/NetworkMonitor/101(  745): PROBE_DNS www.google.com 12523ms FAIL in type ADDRCONFIG Timeout
12-08 00:35:38.362 D/NetworkMonitor/101(  745): PROBE_DNS connectivitycheck.gstatic.com 12524ms FAIL in type ADDRCONFIG Timeout
12-08 00:35:38.376 I/resolv  (  292): GetAddrInfoHandler::run: {101 983141 101 983141 1073 1}
12-08 00:35:38.376 I/resolv  (  292): GetAddrInfoHandler::run: {101 983141 101 983141 1073 1}
12-08 00:35:38.378 I/resolv  (  292): res_nmkquery: (QUERY, IN, A)
12-08 00:35:38.379 I/resolv  (  292): res_nmkquery: (QUERY, IN, A)
12-08 00:35:38.379 I/resolv  (  292): resolv_cache_lookup: Waiting for previous request
12-08 00:35:38.379 I/resolv  (  292): res_nmkquery: (QUERY, IN, AAAA)
12-08 00:35:38.379 I/resolv  (  292): resolv_cache_lookup: Waiting for previous request
12-08 00:35:38.381 I/resolv  (  292): resolv_cache_lookup: Waiting for previous request
12-08 00:35:38.381 I/resolv  (  292): res_nmkquery: (QUERY, IN, AAAA)
12-08 00:35:38.381 I/resolv  (  292): resolv_cache_lookup: Waiting for previous request
12-08 00:35:38.895 I/resolv  (  292): res_nsend: used send_dg 0 terrno: 110
12-08 00:35:38.901 I/resolv  (  292): res_nsend: used send_dg 0 terrno: 110
12-08 00:35:40.699 D/OomAdjuster(  496): Not killing cached processes
12-08 00:35:40.899 I/resolv  (  292): res_nsend: used send_dg 0 terrno: 110
12-08 00:35:40.899 I/resolv  (  292): res_nsend: used send_dg 0 terrno: 110
12-08 00:35:40.900 I/resolv  (  292): res_nsend: used send_dg 0 terrno: 110
12-08 00:35:40.958 I/resolv  (  292): res_nsend: used send_dg 0 terrno: 110
12-08 00:35:40.958 I/resolv  (  292): res_nsend: used send_dg 0 terrno: 110
12-08 00:35:40.960 I/resolv  (  292): res_nsend: used send_dg 0 terrno: 110
12-08 00:35:42.044 I/resolv  (  292): res_nsend: used send_dg 0 terrno: 110
12-08 00:35:42.064 I/resolv  (  292): res_nsend: used send_dg 0 terrno: 110
12-08 00:35:42.560 I/resolv  (  292): GetAddrInfoHandler::run: {101 983141 101 983141 1000 1}
12-08 00:35:42.564 I/resolv  (  292): res_nmkquery: (QUERY, IN, AAAA)
12-08 00:35:42.564 I/resolv  (  292): res_stats_usable_server: too many resolution errors, ignoring server
12-08 00:35:42.564 I/resolv  (  292): res_stats_usable_server: too many resolution errors, ignoring server
12-08 00:35:42.568 I/resolv  (  292): res_nmkquery: (QUERY, IN, A)
12-08 00:35:42.571 I/resolv  (  292): res_stats_usable_server: too many resolution errors, ignoring server
12-08 00:35:42.571 I/resolv  (  292): res_stats_usable_server: too many resolution errors, ignoring server
12-08 00:35:42.673 I/ChimeraConfigurator( 1557): Starting update, reason: 4 urgentFeatures: vision.ocr:-1
12-08 00:35:42.711 I/GCM-GMS ( 1557): Registering GMS for direct boot.
12-08 00:35:42.721 I/NetworkScheduler.Stats( 1231): Task com.google.android.gms/com.google.android.gms.gcm.gmsproc.GcmInGmsTaskService started execution. cause:4 exec_start_elapsed_seconds: 273 [CONTEXT service_id=218 ]
12-08 00:35:42.751 W/GCM-GMS ( 1557): Failed to get direct boot token: java.io.IOException: SERVICE_NOT_AVAILABLE
12-08 00:35:42.752 I/ChimeraConfigurator( 1557): Detected pending changes for urgent request: [vision.ocr]. Pending module sets: container:2318189190400+mlkit.ocr.common,tflite_dynamite:2439308015100400+tflite_dynamite,vision_ocr:2316024025100000+vision.ocr
12-08 00:35:42.760 I/NetworkScheduler.Stats( 1231): Task com.google.android.gms/com.google.android.gms.gcm.gmsproc.GcmInGmsTaskService finished executing. cause:4 result: 3 elapsed_millis: 67 uptime_millis: 67 exec_start_elapsed_seconds: 273 [CONTEXT service_id=218 ]
12-08 00:35:42.785 I/GmsDebugLogger( 1557): [73] 1801
12-08 00:35:42.790 W/ZappDownloader( 1557): No successful module downloads for requested features [vision.ocr].
12-08 00:35:42.791 I/GmsDebugLogger( 1557): [30] [VisionOcrDynamite.integ:231602402100000],[MlkitOcrCommon.optional:231818100400],[TfliteDynamiteDynamite.integ:243930801100400]
12-08 00:35:42.796 W/ChimeraConfigService( 1557): Retry attempt was throttled. [CONTEXT service_id=264 ]
12-08 00:35:42.796 I/GmsDebugLogger( 1557): [83] 1 [vision.ocr]
12-08 00:35:42.800 W/Vision  ( 1557): Request for optional module download of ocr failed. Request again.
12-08 00:35:42.803 W/Vision  ( 1557): Would have logged:
12-08 00:35:42.803 W/Vision  ( 1557): # dsae@37884fe7
12-08 00:35:42.804 I/Vision  ( 1557): Schedule retrying download ocr at 273753 with backoff 160 seconds
12-08 00:35:42.994 I/NetworkScheduler.Stats( 1231): Task com.google.android.gms/com.google.android.gms.tapandpay.gcmtask.TapAndPayGcmTaskService started execution. cause:5 exec_start_elapsed_seconds: 273 [CONTEXT service_id=218 ]
12-08 00:35:43.054 I/NetworkScheduler.Stats( 1231): Task com.google.android.gms/com.google.android.gms.gcm.gmsproc.GcmInGmsTaskService started execution. cause:5 exec_start_elapsed_seconds: 273 [CONTEXT service_id=218 ]
12-08 00:35:43.055 I/GCM-GMS ( 1557): Registering GMS 745476177629
12-08 00:35:43.060 I/NetworkScheduler.Stats( 1231): Task com.google.android.gms/com.google.android.gms.tapandpay.gcmtask.TapAndPayGcmTaskService finished executing. cause:5 result: 1 elapsed_millis: 109 uptime_millis: 109 exec_start_elapsed_seconds: 273 [CONTEXT service_id=218 ]
12-08 00:35:43.083 W/GCM-GMS ( 1557): Failed to get registration: java.io.IOException: SERVICE_NOT_AVAILABLE
12-08 00:35:43.089 I/NetworkScheduler.Stats( 1231): Task com.google.android.gms/com.google.android.gms.gcm.gmsproc.GcmInGmsTaskService finished executing. cause:5 result: 3 elapsed_millis: 98 uptime_millis: 98 exec_start_elapsed_seconds: 273 [CONTEXT service_id=218 ]
12-08 00:35:43.203 I/gle.android.gms( 1557): Background young concurrent copying GC freed 157083(6046KB) AllocSpace objects, 76(3532KB) LOS objects, 34% free, 16MB/24MB, paused 3.241ms,21us total 457.959ms
12-08 00:35:43.893 I/resolv  (  292): GetAddrInfoHandler::run: {101 786533 101 983141 10109 0}
12-08 00:35:43.897 I/resolv  (  292): res_nmkquery: (QUERY, IN, A)
12-08 00:35:43.897 I/resolv  (  292): res_nmkquery: (QUERY, IN, AAAA)
12-08 00:35:43.899 I/resolv  (  292): res_stats_usable_server: too many resolution errors, ignoring server
12-08 00:35:43.899 I/resolv  (  292): res_stats_usable_server: too many resolution errors, ignoring server
12-08 00:35:43.899 I/resolv  (  292): res_nsend: used send_dg 0 terrno: 110
12-08 00:35:43.900 I/resolv  (  292): doQuery: rcode=255, ancount=0, return value=-110
12-08 00:35:43.902 I/resolv  (  292): res_stats_usable_server: too many resolution errors, ignoring server
12-08 00:35:43.902 I/resolv  (  292): res_stats_usable_server: too many resolution errors, ignoring server
12-08 00:35:43.914 I/resolv  (  292): res_nsend: used send_dg 0 terrno: 110
12-08 00:35:43.914 I/resolv  (  292): doQuery: rcode=255, ancount=0, return value=-110
12-08 00:35:45.902 I/resolv  (  292): res_nsend: used send_dg 0 terrno: 110
12-08 00:35:45.907 I/resolv  (  292): res_stats_usable_server: too many resolution errors, ignoring server
12-08 00:35:45.907 I/resolv  (  292): res_stats_usable_server: too many resolution errors, ignoring server
12-08 00:35:45.908 I/resolv  (  292): res_stats_usable_server: too many resolution errors, ignoring server
12-08 00:35:45.908 I/resolv  (  292): res_nsend: used send_dg 0 terrno: 110
12-08 00:35:45.909 I/resolv  (  292): res_nsend: used send_dg 0 terrno: 110
12-08 00:35:45.910 W/DnsResolver(  745): resNetworkResult:android.system.ErrnoException: resNetworkResult failed: ETIMEDOUT (Connection timed out)
12-08 00:35:45.911 I/resolv  (  292): res_stats_usable_server: too many resolution errors, ignoring server
12-08 00:35:45.911 I/resolv  (  292): res_stats_usable_server: too many resolution errors, ignoring server
12-08 00:35:45.912 I/resolv  (  292): res_stats_usable_server: too many resolution errors, ignoring server
12-08 00:35:45.914 W/DnsResolver(  745): resNetworkResult:android.system.ErrnoException: resNetworkResult failed: ETIMEDOUT (Connection timed out)
12-08 00:35:45.914 I/resolv  (  292): res_stats_usable_server: too many resolution errors, ignoring server
12-08 00:35:45.914 I/resolv  (  292): res_stats_usable_server: too many resolution errors, ignoring server
12-08 00:35:45.915 I/resolv  (  292): res_stats_usable_server: too many resolution errors, ignoring server
12-08 00:35:45.915 I/resolv  (  292): res_stats_usable_server: too many resolution errors, ignoring server
12-08 00:35:45.918 W/DnsResolver(  745): resNetworkResult:android.system.ErrnoException: resNetworkResult failed: ETIMEDOUT (Connection timed out)
12-08 00:35:45.964 I/resolv  (  292): res_nsend: used send_dg 0 terrno: 110
12-08 00:35:45.964 I/resolv  (  292): res_nsend: used send_dg 0 terrno: 110
12-08 00:35:45.964 I/resolv  (  292): res_nsend: used send_dg 0 terrno: 110
12-08 00:35:45.964 I/resolv  (  292): doQuery: rcode=255, ancount=0, return value=-110
12-08 00:35:45.965 I/resolv  (  292): doQuery: rcode=255, ancount=0, return value=-110
12-08 00:35:45.965 I/resolv  (  292): res_stats_usable_server: too many resolution errors, ignoring server
12-08 00:35:45.965 I/resolv  (  292): res_stats_usable_server: too many resolution errors, ignoring server
12-08 00:35:45.965 W/DnsResolver(  745): resNetworkResult:android.system.ErrnoException: resNetworkResult failed: ETIMEDOUT (Connection timed out)
12-08 00:35:46.018 I/resolv  (  292): GetAddrInfoHandler::run: {101 786533 101 983141 10109 0}
12-08 00:35:46.019 I/resolv  (  292): res_nmkquery: (QUERY, IN, A)
12-08 00:35:46.020 I/resolv  (  292): res_nmkquery: (QUERY, IN, AAAA)
12-08 00:35:46.021 I/resolv  (  292): res_stats_usable_server: too many resolution errors, ignoring server
12-08 00:35:46.021 I/resolv  (  292): res_stats_usable_server: too many resolution errors, ignoring server
12-08 00:35:46.023 I/resolv  (  292): res_stats_usable_server: too many resolution errors, ignoring server
12-08 00:35:46.023 I/resolv  (  292): res_stats_usable_server: too many resolution errors, ignoring server
12-08 00:35:47.069 I/resolv  (  292): res_nsend: used send_dg 0 terrno: 110
12-08 00:35:47.072 I/resolv  (  292): res_nsend: used send_dg 0 terrno: 110
12-08 00:35:47.574 I/resolv  (  292): res_nsend: used send_dg 0 terrno: 110
12-08 00:35:47.574 I/resolv  (  292): res_nsend: used send_dg 0 terrno: 110
12-08 00:35:48.902 I/resolv  (  292): res_nsend: used send_dg 0 terrno: 110
12-08 00:35:48.908 I/resolv  (  292): res_nsend: used send_dg 0 terrno: 110
12-08 00:35:49.464 E/JobScheduler.Quota(  496): <0>com.google.android.contacts has 0 EJ quota without running anything
12-08 00:35:50.724 E/JobScheduler.Quota(  496): <0>com.google.android.apps.docs has 0 EJ quota without running anything
12-08 00:35:50.914 I/resolv  (  292): res_nsend: used send_dg 0 terrno: 110
12-08 00:35:50.924 I/resolv  (  292): res_nsend: used send_dg 0 terrno: 110
12-08 00:35:50.924 I/resolv  (  292): res_nsend: used send_dg 0 terrno: 110
12-08 00:35:50.926 I/resolv  (  292): res_nsend: used send_dg 0 terrno: 110
12-08 00:35:50.929 I/resolv  (  292): res_nsend: used send_dg 0 terrno: 110
12-08 00:35:50.967 I/resolv  (  292): res_nsend: used send_dg 0 terrno: 110
12-08 00:35:51.028 I/resolv  (  292): res_nsend: used send_dg 0 terrno: 110
12-08 00:35:51.028 I/resolv  (  292): res_nsend: used send_dg 0 terrno: 110
12-08 00:35:52.049 I/resolv  (  292): GetAddrInfoHandler::run: {101 786533 101 983141 10109 0}
12-08 00:35:52.055 I/resolv  (  292): res_nmkquery: (QUERY, IN, AAAA)
12-08 00:35:52.055 I/resolv  (  292): res_nmkquery: (QUERY, IN, A)
12-08 00:35:52.056 I/resolv  (  292): resolv_cache_lookup: Waiting for previous request
12-08 00:35:52.056 I/resolv  (  292): resolv_cache_lookup: Waiting for previous request
12-08 00:35:52.075 I/resolv  (  292): res_nsend: used send_dg 0 terrno: 110
12-08 00:35:52.075 I/resolv  (  292): doQuery: rcode=255, ancount=0, return value=-110
12-08 00:35:52.077 I/resolv  (  292): res_nsend: used send_dg 0 terrno: 110
12-08 00:35:52.077 I/resolv  (  292): doQuery: rcode=255, ancount=0, return value=-110
12-08 00:35:52.077 I/resolv  (  292): res_stats_usable_server: too many resolution errors, ignoring server
12-08 00:35:52.077 I/resolv  (  292): res_stats_usable_server: too many resolution errors, ignoring server
12-08 00:35:52.078 I/resolv  (  292): res_stats_usable_server: too many resolution errors, ignoring server
12-08 00:35:52.078 I/resolv  (  292): res_stats_usable_server: too many resolution errors, ignoring server
12-08 00:35:52.363 D/TrafficStats(  745): tagSocket(67) with statsTag=0xffffff81, statsUid=-1
12-08 00:35:52.363 D/TrafficStats(  745): tagSocket(5) with statsTag=0xffffff81, statsUid=-1
12-08 00:35:52.366 D/TrafficStats(  745): tagSocket(5) with statsTag=0xffffff81, statsUid=-1
12-08 00:35:52.367 D/TrafficStats(  745): tagSocket(67) with statsTag=0xffffff81, statsUid=-1
12-08 00:35:52.371 I/resolv  (  292): ResNSendHandler::run: 0 / {100 983140 100 983140 1073 1}
12-08 00:35:52.371 I/resolv  (  292): res_stats_usable_server: too many resolution errors, ignoring server
12-08 00:35:52.371 I/resolv  (  292): ResNSendHandler::run: 0 / {100 983140 100 983140 1073 1}
12-08 00:35:52.372 I/resolv  (  292): res_stats_usable_server: too many resolution errors, ignoring server
12-08 00:35:52.374 I/resolv  (  292): ResNSendHandler::run: 0 / {100 983140 100 983140 1073 1}
12-08 00:35:52.374 I/resolv  (  292): ResNSendHandler::run: 0 / {100 983140 100 983140 1073 1}
12-08 00:35:52.374 I/resolv  (  292): res_stats_usable_server: too many resolution errors, ignoring server
12-08 00:35:52.374 I/resolv  (  292): res_stats_usable_server: too many resolution errors, ignoring server
12-08 00:35:52.580 I/resolv  (  292): res_nsend: used send_dg 0 terrno: 110
12-08 00:35:52.581 I/resolv  (  292): res_nsend: used send_dg 0 terrno: 110
12-08 00:35:52.735 D/TaplEvents( 1078): TIS / TouchInteractionService.onInputEvent: MotionEvent { action=ACTION_DOWN, actionButton=0, id[0]=0, x[0]=257.96997, y[0]=1832.9297, toolType[0]=TOOL_TYPE_FINGER, buttonState=0, classification=NONE, metaState=0, flags=0x0, edgeFlags=0x0, pointerCount=1, historySize=0, eventTime=283642, downTime=283642, deviceId=3, source=0x5002, displayId=0, eventId=616398224 }
