--------- beginning of kernel
12-08 00:33:51.226 I/logd    (  156): logdr: UID=2000 GID=2000 PID=4990 b tail=0 logMask=99 pid=0 start=0ns deadline=0ns
--------- beginning of main
12-08 00:33:50.897 I/resolv  (  292): res_nsend: used send_dg 0 terrno: 110
12-08 00:33:50.903 I/resolv  (  292): res_nsend: used send_dg 0 terrno: 110
12-08 00:33:51.029 I/resolv  (  292): res_nsend: used send_dg 0 terrno: 110
12-08 00:33:51.032 I/resolv  (  292): res_nsend: used send_dg 0 terrno: 110
12-08 00:33:51.036 I/resolv  (  292): res_nsend: used send_dg 0 terrno: 110
12-08 00:33:51.036 I/resolv  (  292): res_nsend: used send_dg 0 terrno: 110
12-08 00:33:51.218 I/resolv  (  292): res_nsend: used send_dg 0 terrno: 110
12-08 00:33:51.218 I/resolv  (  292): res_nsend: used send_dg 0 terrno: 110
12-08 00:33:51.488 I/resolv  (  292): res_nsend: used send_dg 0 terrno: 110
12-08 00:33:51.492 I/resolv  (  292): res_nsend: used send_dg 0 terrno: 110
12-08 00:33:51.549 I/resolv  (  292): res_nsend: used send_dg 0 terrno: 110
12-08 00:33:51.551 I/resolv  (  292): res_nsend: used send_dg 0 terrno: 110
12-08 00:33:51.556 I/resolv  (  292): res_nsend: used send_dg 0 terrno: 110
12-08 00:33:51.609 I/resolv  (  292): GetAddrInfoHandler::run: {101 101 101 983141 10144 0}
12-08 00:33:51.611 I/resolv  (  292): res_nmkquery: (QUERY, IN, AAAA)
12-08 00:33:51.612 I/resolv  (  292): res_stats_usable_server: too many resolution errors, ignoring server
12-08 00:33:51.612 I/resolv  (  292): res_stats_usable_server: too many resolution errors, ignoring server
12-08 00:33:51.615 I/resolv  (  292): res_nmkquery: (QUERY, IN, A)
12-08 00:33:51.618 I/resolv  (  292): res_stats_usable_server: too many resolution errors, ignoring server
12-08 00:33:51.618 I/resolv  (  292): res_stats_usable_server: too many resolution errors, ignoring server
12-08 00:33:51.912 I/resolv  (  292): res_nsend: used send_dg 0 terrno: 110
12-08 00:33:51.913 I/resolv  (  292): res_nsend: used send_dg 0 terrno: 110
12-08 00:33:51.914 I/resolv  (  292): doQuery: rcode=255, ancount=0, return value=-110
12-08 00:33:51.918 I/resolv  (  292): doQuery: rcode=255, ancount=0, return value=-110
12-08 00:33:51.962 W/enyb    ( 1231): [{0}] Failed to resolve name. status={1}
12-08 00:33:52.124 I/resolv  (  292): res_nsend: used send_dg 0 terrno: 110
12-08 00:33:52.340 I/resolv  (  292): GetAddrInfoHandler::run: {101 262245 101 983141 10120 0}
12-08 00:33:52.350 I/resolv  (  292): res_nmkquery: (QUERY, IN, A)
12-08 00:33:52.350 I/resolv  (  292): res_nmkquery: (QUERY, IN, AAAA)
12-08 00:33:52.350 I/resolv  (  292): res_stats_usable_server: too many resolution errors, ignoring server
12-08 00:33:52.350 I/resolv  (  292): res_stats_usable_server: too many resolution errors, ignoring server
12-08 00:33:52.356 I/resolv  (  292): res_stats_usable_server: too many resolution errors, ignoring server
12-08 00:33:52.356 I/resolv  (  292): res_stats_usable_server: too many resolution errors, ignoring server
12-08 00:33:52.381 I/resolv  (  292): res_nsend: used send_dg 0 terrno: 110
12-08 00:33:52.381 I/resolv  (  292): res_nsend: used send_dg 0 terrno: 110
12-08 00:33:52.548 I/resolv  (  292): GetAddrInfoHandler::run: {101 786533 101 983141 10109 0}
12-08 00:33:52.551 I/resolv  (  292): res_nmkquery: (QUERY, IN, AAAA)
12-08 00:33:52.551 I/resolv  (  292): resolv_cache_lookup: Waiting for previous request
12-08 00:33:52.552 I/resolv  (  292): res_nmkquery: (QUERY, IN, A)
12-08 00:33:52.553 I/resolv  (  292): resolv_cache_lookup: Waiting for previous request
12-08 00:33:52.792 D/NetworkMonitor/101(  745): PROBE_DNS connectivitycheck.gstatic.com 12537ms FAIL in type ADDRCONFIG Timeout
12-08 00:33:52.793 D/NetworkMonitor/101(  745): PROBE_DNS www.google.com 12545ms FAIL in type ADDRCONFIG Timeout
12-08 00:33:52.835 I/resolv  (  292): GetAddrInfoHandler::run: {101 983141 101 983141 1073 1}
12-08 00:33:52.835 I/resolv  (  292): GetAddrInfoHandler::run: {101 983141 101 983141 1073 1}
12-08 00:33:52.838 I/resolv  (  292): res_nmkquery: (QUERY, IN, AAAA)
12-08 00:33:52.838 I/resolv  (  292): res_nmkquery: (QUERY, IN, A)
12-08 00:33:52.838 I/resolv  (  292): res_nmkquery: (QUERY, IN, A)
12-08 00:33:52.838 I/resolv  (  292): res_nmkquery: (QUERY, IN, AAAA)
12-08 00:33:52.838 I/resolv  (  292): resolv_cache_lookup: Waiting for previous request
12-08 00:33:52.839 I/resolv  (  292): resolv_cache_lookup: Waiting for previous request
12-08 00:33:52.839 I/resolv  (  292): resolv_cache_lookup: Waiting for previous request
12-08 00:33:52.839 I/resolv  (  292): resolv_cache_lookup: Waiting for previous request
12-08 00:33:52.903 I/resolv  (  292): res_nsend: used send_dg 0 terrno: 110
12-08 00:33:52.908 I/resolv  (  292): res_nsend: used send_dg 0 terrno: 110
12-08 00:33:53.284 I/resolv  (  292): res_nsend: used send_dg 0 terrno: 110
12-08 00:33:53.284 I/resolv  (  292): res_nsend: used send_dg 0 terrno: 110
12-08 00:33:54.243 I/resolv  (  292): res_nsend: used send_dg 0 terrno: 110
12-08 00:33:54.277 I/resolv  (  292): res_nsend: used send_dg 0 terrno: 110
12-08 00:33:55.310 I/resolv  (  292): res_nsend: used send_dg 0 terrno: 110
12-08 00:33:55.311 I/resolv  (  292): res_nsend: used send_dg 0 terrno: 110
12-08 00:33:55.500 I/resolv  (  292): res_nsend: used send_dg 0 terrno: 110
12-08 00:33:55.500 I/resolv  (  292): res_nsend: used send_dg 0 terrno: 110
12-08 00:33:55.500 I/resolv  (  292): res_nsend: used send_dg 0 terrno: 110
12-08 00:33:55.503 I/resolv  (  292): res_nsend: used send_dg 0 terrno: 110
12-08 00:33:55.503 I/resolv  (  292): res_nsend: used send_dg 0 terrno: 110
12-08 00:33:55.503 I/resolv  (  292): res_nsend: used send_dg 0 terrno: 110
12-08 00:33:55.578 I/resolv  (  292): res_nsend: used send_dg 0 terrno: 110
12-08 00:33:55.578 I/resolv  (  292): res_nsend: used send_dg 0 terrno: 110
12-08 00:33:55.585 I/resolv  (  292): res_nsend: used send_dg 0 terrno: 110
12-08 00:33:55.607 I/resolv  (  292): res_nsend: used send_dg 0 terrno: 110
--------- beginning of system
12-08 00:33:55.627 D/OomAdjuster(  496): Not killing cached processes
12-08 00:33:55.679 I/resolv  (  292): res_nsend: used send_dg 0 terrno: 110
12-08 00:33:55.679 I/resolv  (  292): doQuery: rcode=255, ancount=0, return value=-110
12-08 00:33:55.679 I/resolv  (  292): res_nsend: used send_dg 0 terrno: 110
12-08 00:33:55.679 I/resolv  (  292): doQuery: rcode=255, ancount=0, return value=-110
12-08 00:33:55.681 I/resolv  (  292): res_stats_usable_server: too many resolution errors, ignoring server
12-08 00:33:55.681 I/resolv  (  292): res_stats_usable_server: too many resolution errors, ignoring server
12-08 00:33:55.683 I/resolv  (  292): res_stats_usable_server: too many resolution errors, ignoring server
12-08 00:33:55.683 I/resolv  (  292): res_stats_usable_server: too many resolution errors, ignoring server
12-08 00:33:55.740 I/resolv  (  292): res_nsend: used send_dg 0 terrno: 110
12-08 00:33:55.746 I/resolv  (  292): res_nsend: used send_dg 0 terrno: 110
12-08 00:33:55.901 I/resolv  (  292): res_nsend: used send_dg 0 terrno: 110
12-08 00:33:55.901 I/resolv  (  292): doQuery: rcode=255, ancount=0, return value=-110
12-08 00:33:55.909 I/resolv  (  292): res_nsend: used send_dg 0 terrno: 110
12-08 00:33:55.909 I/resolv  (  292): doQuery: rcode=255, ancount=0, return value=-110
12-08 00:33:55.913 D/NetworkMonitor/100(  745): PROBE_FALLBACK http://www.google.com/gen_204 Probe failed with exception java.net.UnknownHostException: Unable to resolve host "www.google.com": No address associated with hostname
12-08 00:33:55.913 I/resolv  (  292): GetAddrInfoHandler::run: {101 786533 101 983141 10109 0}
12-08 00:33:55.915 I/resolv  (  292): res_nmkquery: (QUERY, IN, AAAA)
12-08 00:33:55.915 I/resolv  (  292): res_nmkquery: (QUERY, IN, A)
12-08 00:33:55.915 I/resolv  (  292): resolv_cache_lookup: Waiting for previous request
12-08 00:33:55.915 I/resolv  (  292): resolv_cache_lookup: Waiting for previous request
12-08 00:33:55.992 I/resolv  (  292): GetAddrInfoHandler::run: {101 786533 101 983141 10112 0}
12-08 00:33:55.992 I/resolv  (  292): res_nmkquery: (QUERY, IN, A)
12-08 00:33:55.992 I/resolv  (  292): resolv_cache_lookup: Waiting for previous request
12-08 00:33:55.993 I/resolv  (  292): res_nmkquery: (QUERY, IN, AAAA)
12-08 00:33:55.993 I/resolv  (  292): resolv_cache_lookup: Waiting for previous request
12-08 00:33:56.034 I/resolv  (  292): res_nsend: used send_dg 0 terrno: 110
12-08 00:33:56.034 I/resolv  (  292): doQuery: rcode=255, ancount=0, return value=-110
12-08 00:33:56.035 I/resolv  (  292): res_nsend: used send_dg 0 terrno: 110
12-08 00:33:56.035 I/resolv  (  292): doQuery: rcode=255, ancount=0, return value=-110
12-08 00:33:56.037 D/NetworkMonitor/100(  745): PROBE_HTTPS https://www.google.com/generate_204 Probe failed with exception java.net.UnknownHostException: Unable to resolve host "www.google.com": No address associated with hostname
12-08 00:33:56.041 I/resolv  (  292): res_nsend: used send_dg 0 terrno: 110
12-08 00:33:56.041 I/resolv  (  292): doQuery: rcode=255, ancount=0, return value=-110
12-08 00:33:56.041 I/resolv  (  292): res_nsend: used send_dg 0 terrno: 110
12-08 00:33:56.041 I/resolv  (  292): doQuery: rcode=255, ancount=0, return value=-110
12-08 00:33:56.042 D/NetworkMonitor/100(  745): PROBE_HTTP http://connectivitycheck.gstatic.com/generate_204 Probe failed with exception java.net.UnknownHostException: Unable to resolve host "connectivitycheck.gstatic.com": No address associated with hostname
12-08 00:33:56.043 D/NetworkMonitor/100(  745): isCaptivePortal: isSuccessful()=false isPortal()=false RedirectUrl=null isPartialConnectivity()=false Time=20839ms
12-08 00:33:56.050 D/ConnectivityService(  496): [100 CELLULAR] validation failed
12-08 00:33:56.230 I/resolv  (  292): res_nsend: used send_dg 0 terrno: 110
12-08 00:33:56.275 I/resolv  (  292): res_nsend: used send_dg 0 terrno: 110
12-08 00:33:56.495 I/resolv  (  292): res_nsend: used send_dg 0 terrno: 110
12-08 00:33:56.497 I/resolv  (  292): res_nsend: used send_dg 0 terrno: 110
12-08 00:33:56.553 I/resolv  (  292): res_nsend: used send_dg 0 terrno: 110
12-08 00:33:56.554 I/resolv  (  292): doQuery: rcode=255, ancount=0, return value=-110
12-08 00:33:56.555 I/resolv  (  292): res_nsend: used send_dg 0 terrno: 110
12-08 00:33:56.568 I/resolv  (  292): res_nsend: used send_dg 0 terrno: 110
12-08 00:33:56.621 I/resolv  (  292): res_nsend: used send_dg 0 terrno: 110
12-08 00:33:56.623 I/resolv  (  292): res_nsend: used send_dg 0 terrno: 110
12-08 00:33:56.713 I/earchbox:search( 1538): oneway function results for code 2 on binder at 0xb4000073ca5869e0 will be dropped but finished with status UNKNOWN_TRANSACTION
12-08 00:33:57.130 I/resolv  (  292): res_nsend: used send_dg 0 terrno: 110
12-08 00:33:57.131 I/resolv  (  292): doQuery: rcode=255, ancount=0, return value=-110
12-08 00:33:57.139 W/SntpClient(  496): Unknown host: time.android.com
12-08 00:33:57.139 D/SntpClient(  496): request time failed
12-08 00:33:57.362 I/resolv  (  292): res_nsend: used send_dg 0 terrno: 110
12-08 00:33:57.363 I/resolv  (  292): res_nsend: used send_dg 0 terrno: 110
12-08 00:33:57.386 I/resolv  (  292): res_nsend: used send_dg 0 terrno: 110
12-08 00:33:57.387 I/resolv  (  292): res_nsend: used send_dg 0 terrno: 110
12-08 00:33:57.907 I/resolv  (  292): res_nsend: used send_dg 0 terrno: 110
12-08 00:33:57.907 I/resolv  (  292): doQuery: rcode=255, ancount=0, return value=-110
12-08 00:33:57.910 I/resolv  (  292): res_stats_usable_server: too many resolution errors, ignoring server
12-08 00:33:57.910 I/resolv  (  292): res_stats_usable_server: too many resolution errors, ignoring server
12-08 00:33:57.910 I/resolv  (  292): res_stats_usable_server: too many resolution errors, ignoring server
12-08 00:33:57.910 I/resolv  (  292): res_stats_usable_server: too many resolution errors, ignoring server
12-08 00:33:57.916 I/resolv  (  292): res_nsend: used send_dg 0 terrno: 110
12-08 00:33:57.917 I/resolv  (  292): doQuery: rcode=255, ancount=0, return value=-110
12-08 00:33:57.917 I/resolv  (  292): res_stats_usable_server: too many resolution errors, ignoring server
12-08 00:33:57.917 I/resolv  (  292): res_stats_usable_server: too many resolution errors, ignoring server
12-08 00:33:57.918 I/resolv  (  292): res_stats_usable_server: too many resolution errors, ignoring server
12-08 00:33:57.918 I/resolv  (  292): res_stats_usable_server: too many resolution errors, ignoring server
12-08 00:33:57.931 I/resolv  (  292): GetAddrInfoHandler::run: {101 786533 101 983141 10109 0}
12-08 00:33:57.933 I/resolv  (  292): res_nmkquery: (QUERY, IN, A)
12-08 00:33:57.933 I/resolv  (  292): res_nmkquery: (QUERY, IN, AAAA)
12-08 00:33:57.933 I/resolv  (  292): res_stats_usable_server: too many resolution errors, ignoring server
12-08 00:33:57.933 I/resolv  (  292): res_stats_usable_server: too many resolution errors, ignoring server
12-08 00:33:57.936 I/resolv  (  292): res_stats_usable_server: too many resolution errors, ignoring server
12-08 00:33:57.936 I/resolv  (  292): res_stats_usable_server: too many resolution errors, ignoring server
12-08 00:33:58.293 I/resolv  (  292): res_nsend: used send_dg 0 terrno: 110
12-08 00:33:58.294 I/resolv  (  292): res_nsend: used send_dg 0 terrno: 110
12-08 00:33:58.341 I/resolv  (  292): GetAddrInfoHandler::run: {101 262245 101 983141 10120 0}
12-08 00:33:58.343 I/resolv  (  292): res_nmkquery: (QUERY, IN, A)
12-08 00:33:58.343 I/resolv  (  292): res_nmkquery: (QUERY, IN, AAAA)
12-08 00:33:58.343 I/resolv  (  292): res_stats_usable_server: too many resolution errors, ignoring server
12-08 00:33:58.343 I/resolv  (  292): res_stats_usable_server: too many resolution errors, ignoring server
12-08 00:33:58.345 I/resolv  (  292): res_stats_usable_server: too many resolution errors, ignoring server
12-08 00:33:58.345 I/resolv  (  292): res_stats_usable_server: too many resolution errors, ignoring server
12-08 00:33:59.249 I/resolv  (  292): res_nsend: used send_dg 0 terrno: 110
12-08 00:33:59.282 I/resolv  (  292): res_nsend: used send_dg 0 terrno: 110
12-08 00:34:00.059 I/AiAiEcho( 1387): Predicting[0]: 
12-08 00:34:00.060 I/AiAiEcho( 1387): Ranked targets strategy: SORT, count: 0, ranking metadata: 
12-08 00:34:00.072 I/AiAiEcho( 1387): #postPredictionTargets: Sending updates to UISurface lockscreen with targets# 0
12-08 00:34:00.074 I/AiAiEcho( 1387): #postPredictionTargets: Sending updates to UISurface home with targets# 0
12-08 00:34:00.074 I/AiAiEcho( 1387): #postPredictionTargets: Sending updates to UISurface media_data_manager with targets# 0
12-08 00:34:00.137 D/EGL_emulation(  691): app_time_stats: avg=3478.70ms min=9.79ms max=31173.28ms count=9
12-08 00:34:00.147 D/SsMediaDataProvider(  691): Forwarding Smartspace updates []
12-08 00:34:00.317 I/resolv  (  292): res_nsend: used send_dg 0 terrno: 110
12-08 00:34:00.317 I/resolv  (  292): res_nsend: used send_dg 0 terrno: 110
12-08 00:34:00.319 I/resolv  (  292): res_stats_usable_server: too many resolution errors, ignoring server
12-08 00:34:00.319 I/resolv  (  292): res_stats_usable_server: too many resolution errors, ignoring server
12-08 00:34:00.320 I/resolv  (  292): res_stats_usable_server: too many resolution errors, ignoring server
12-08 00:34:00.320 I/resolv  (  292): res_stats_usable_server: too many resolution errors, ignoring server
12-08 00:34:00.320 W/DnsResolver(  745): resNetworkResult:android.system.ErrnoException: resNetworkResult failed: ETIMEDOUT (Connection timed out)
12-08 00:34:00.321 W/DnsResolver(  745): resNetworkResult:android.system.ErrnoException: resNetworkResult failed: ETIMEDOUT (Connection timed out)
12-08 00:34:00.503 I/resolv  (  292): res_nsend: used send_dg 0 terrno: 110
12-08 00:34:00.503 I/resolv  (  292): res_nsend: used send_dg 0 terrno: 110
12-08 00:34:00.506 I/resolv  (  292): res_nsend: used send_dg 0 terrno: 110
12-08 00:34:00.506 I/resolv  (  292): res_nsend: used send_dg 0 terrno: 110
12-08 00:34:00.507 I/resolv  (  292): res_nsend: used send_dg 0 terrno: 110
12-08 00:34:00.509 I/resolv  (  292): res_nsend: used send_dg 0 terrno: 110
12-08 00:34:00.583 I/resolv  (  292): res_nsend: used send_dg 0 terrno: 110
12-08 00:34:00.585 I/resolv  (  292): res_nsend: used send_dg 0 terrno: 110
12-08 00:34:00.586 I/resolv  (  292): res_nsend: used send_dg 0 terrno: 110
12-08 00:34:00.616 I/resolv  (  292): res_nsend: used send_dg 0 terrno: 110
12-08 00:34:00.690 I/resolv  (  292): res_nsend: used send_dg 0 terrno: 110
12-08 00:34:00.692 I/resolv  (  292): res_nsend: used send_dg 0 terrno: 110
12-08 00:34:00.745 I/resolv  (  292): res_nsend: used send_dg 0 terrno: 110
12-08 00:34:00.745 I/resolv  (  292): doQuery: rcode=255, ancount=0, return value=-110
12-08 00:34:00.749 I/resolv  (  292): res_stats_usable_server: too many resolution errors, ignoring server
12-08 00:34:00.749 I/resolv  (  292): res_stats_usable_server: too many resolution errors, ignoring server
12-08 00:34:00.749 I/resolv  (  292): res_nsend: used send_dg 0 terrno: 110
12-08 00:34:00.749 I/resolv  (  292): doQuery: rcode=255, ancount=0, return value=-110
12-08 00:34:00.749 I/resolv  (  292): res_stats_usable_server: too many resolution errors, ignoring server
12-08 00:34:00.749 I/resolv  (  292): res_stats_usable_server: too many resolution errors, ignoring server
12-08 00:34:00.763 E/FirebaseInstanceId( 1756): Failed to get FIS auth token
12-08 00:34:00.763 E/FirebaseInstanceId( 1756): java.util.concurrent.ExecutionException: aljg: Firebase Installations Service is unavailable. Please try again later.
12-08 00:34:00.763 E/FirebaseInstanceId( 1756): 	at ppz.f(PG:5)
12-08 00:34:00.763 E/FirebaseInstanceId( 1756): 	at ppz.d(PG:8)
12-08 00:34:00.763 E/FirebaseInstanceId( 1756): 	at aliq.a(PG:14)
12-08 00:34:00.763 E/FirebaseInstanceId( 1756): 	at alib.a(PG:15)
12-08 00:34:00.763 E/FirebaseInstanceId( 1756): 	at pov.run(PG:1)
12-08 00:34:00.763 E/FirebaseInstanceId( 1756): 	at java.util.concurrent.ThreadPoolExecutor.runWorker(ThreadPoolExecutor.java:1137)
12-08 00:34:00.763 E/FirebaseInstanceId( 1756): 	at java.util.concurrent.ThreadPoolExecutor$Worker.run(ThreadPoolExecutor.java:637)
12-08 00:34:00.763 E/FirebaseInstanceId( 1756): 	at nwf.run(PG:2)
12-08 00:34:00.763 E/FirebaseInstanceId( 1756): 	at java.lang.Thread.run(Thread.java:1012)
12-08 00:34:00.763 E/FirebaseInstanceId( 1756): Caused by: aljg: Firebase Installations Service is unavailable. Please try again later.
12-08 00:34:00.763 E/FirebaseInstanceId( 1756): 	at aljz.c(PG:42)
12-08 00:34:00.763 E/FirebaseInstanceId( 1756): 	at alja.run(PG:25)
12-08 00:34:00.763 E/FirebaseInstanceId( 1756): 	at java.util.concurrent.ThreadPoolExecutor.runWorker(ThreadPoolExecutor.java:1137)
12-08 00:34:00.763 E/FirebaseInstanceId( 1756): 	at java.util.concurrent.ThreadPoolExecutor$Worker.run(ThreadPoolExecutor.java:637)
12-08 00:34:00.763 E/FirebaseInstanceId( 1756): 	... 1 more
12-08 00:34:00.778 D/OomAdjuster(  496): Not killing cached processes
12-08 00:34:01.120 D/WifiNl80211Manager(  496): Scan result ready event
12-08 00:34:01.122 D/WifiNative(  496): Scan result ready event
12-08 00:34:01.237 I/resolv  (  292): res_nsend: used send_dg 0 terrno: 110
12-08 00:34:01.281 I/resolv  (  292): res_nsend: used send_dg 0 terrno: 110
12-08 00:34:01.503 I/resolv  (  292): res_nsend: used send_dg 0 terrno: 110
12-08 00:34:01.503 I/resolv  (  292): res_nsend: used send_dg 0 terrno: 110
12-08 00:34:01.560 I/resolv  (  292): res_nsend: used send_dg 0 terrno: 110
12-08 00:34:01.574 I/resolv  (  292): res_nsend: used send_dg 0 terrno: 110
12-08 00:34:01.628 I/resolv  (  292): res_nsend: used send_dg 0 terrno: 110
12-08 00:34:01.630 I/resolv  (  292): res_nsend: used send_dg 0 terrno: 110
12-08 00:34:02.368 I/resolv  (  292): res_nsend: used send_dg 0 terrno: 110
12-08 00:34:02.369 I/resolv  (  292): res_nsend: used send_dg 0 terrno: 110
12-08 00:34:02.392 I/resolv  (  292): res_nsend: used send_dg 0 terrno: 110
12-08 00:34:02.392 I/resolv  (  292): res_nsend: used send_dg 0 terrno: 110
12-08 00:34:02.917 I/resolv  (  292): res_nsend: used send_dg 0 terrno: 110
12-08 00:34:02.917 I/resolv  (  292): res_nsend: used send_dg 0 terrno: 110
12-08 00:34:02.924 I/resolv  (  292): res_nsend: used send_dg 0 terrno: 110
12-08 00:34:02.924 I/resolv  (  292): res_nsend: used send_dg 0 terrno: 110
12-08 00:34:02.939 I/resolv  (  292): res_nsend: used send_dg 0 terrno: 110
12-08 00:34:02.939 I/resolv  (  292): res_nsend: used send_dg 0 terrno: 110
12-08 00:34:03.300 I/resolv  (  292): res_nsend: used send_dg 0 terrno: 110
12-08 00:34:03.300 I/resolv  (  292): doQuery: rcode=255, ancount=0, return value=-110
12-08 00:34:03.300 I/resolv  (  292): res_nsend: used send_dg 0 terrno: 110
12-08 00:34:03.300 I/resolv  (  292): doQuery: rcode=255, ancount=0, return value=-110
12-08 00:34:03.316 D/NetworkMonitor/101(  745): PROBE_FALLBACK http://play.googleapis.com/generate_204 Probe failed with exception java.net.UnknownHostException: Unable to resolve host "play.googleapis.com": No address associated with hostname
12-08 00:34:03.351 I/resolv  (  292): res_nsend: used send_dg 0 terrno: 110
12-08 00:34:03.352 I/resolv  (  292): res_nsend: used send_dg 0 terrno: 110
12-08 00:34:03.936 I/resolv  (  292): GetAddrInfoHandler::run: {101 786533 101 983141 10109 0}
12-08 00:34:03.938 I/resolv  (  292): res_nmkquery: (QUERY, IN, AAAA)
12-08 00:34:03.938 I/resolv  (  292): res_nmkquery: (QUERY, IN, A)
12-08 00:34:03.939 I/resolv  (  292): resolv_cache_lookup: Waiting for previous request
12-08 00:34:03.940 I/resolv  (  292): resolv_cache_lookup: Waiting for previous request
12-08 00:34:04.255 I/resolv  (  292): res_nsend: used send_dg 0 terrno: 110
12-08 00:34:04.256 W/DnsResolver(  745): resNetworkResult:android.system.ErrnoException: resNetworkResult failed: ETIMEDOUT (Connection timed out)
12-08 00:34:04.285 I/resolv  (  292): res_nsend: used send_dg 0 terrno: 110
12-08 00:34:04.286 W/DnsResolver(  745): resNetworkResult:android.system.ErrnoException: resNetworkResult failed: ETIMEDOUT (Connection timed out)
12-08 00:34:04.548 I/resolv  (  292): GetAddrInfoHandler::run: {101 786533 101 983141 10109 0}
12-08 00:34:04.551 I/resolv  (  292): res_nmkquery: (QUERY, IN, AAAA)
12-08 00:34:04.551 I/resolv  (  292): resolv_cache_lookup: Waiting for previous request
12-08 00:34:04.551 I/resolv  (  292): res_nmkquery: (QUERY, IN, A)
12-08 00:34:04.551 I/resolv  (  292): resolv_cache_lookup: Waiting for previous request
12-08 00:34:05.326 I/resolv  (  292): res_nsend: used send_dg 0 terrno: 110
12-08 00:34:05.327 I/resolv  (  292): res_nsend: used send_dg 0 terrno: 110
12-08 00:34:05.509 I/resolv  (  292): res_nsend: used send_dg 0 terrno: 110
12-08 00:34:05.509 I/resolv  (  292): doQuery: rcode=255, ancount=0, return value=-110
12-08 00:34:05.509 I/resolv  (  292): res_nsend: used send_dg 0 terrno: 110
12-08 00:34:05.510 I/resolv  (  292): doQuery: rcode=255, ancount=0, return value=-110
12-08 00:34:05.510 I/resolv  (  292): res_nsend: used send_dg 0 terrno: 110
12-08 00:34:05.510 I/resolv  (  292): doQuery: rcode=255, ancount=0, return value=-110
12-08 00:34:05.511 I/resolv  (  292): res_nsend: used send_dg 0 terrno: 110
12-08 00:34:05.511 I/resolv  (  292): doQuery: rcode=255, ancount=0, return value=-110
12-08 00:34:05.512 I/resolv  (  292): res_nsend: used send_dg 0 terrno: 110
12-08 00:34:05.512 I/resolv  (  292): doQuery: rcode=255, ancount=0, return value=-110
12-08 00:34:05.513 I/resolv  (  292): res_nsend: used send_dg 0 terrno: 110
12-08 00:34:05.514 I/resolv  (  292): doQuery: rcode=255, ancount=0, return value=-110
12-08 00:34:05.540 I/resolv  (  292): GetAddrInfoHandler::run: {101 786533 101 983141 10109 0}
12-08 00:34:05.541 I/resolv  (  292): res_nmkquery: (QUERY, IN, AAAA)
12-08 00:34:05.542 I/resolv  (  292): res_stats_usable_server: too many resolution errors, ignoring server
12-08 00:34:05.542 I/resolv  (  292): res_stats_usable_server: too many resolution errors, ignoring server
12-08 00:34:05.546 I/resolv  (  292): res_nmkquery: (QUERY, IN, A)
12-08 00:34:05.550 I/resolv  (  292): res_stats_usable_server: too many resolution errors, ignoring server
12-08 00:34:05.550 I/resolv  (  292): res_stats_usable_server: too many resolution errors, ignoring server
12-08 00:34:05.587 I/resolv  (  292): res_nsend: used send_dg 0 terrno: 110
12-08 00:34:05.587 I/resolv  (  292): doQuery: rcode=255, ancount=0, return value=-110
12-08 00:34:05.591 I/resolv  (  292): res_nsend: used send_dg 0 terrno: 110
12-08 00:34:05.591 I/resolv  (  292): res_nsend: used send_dg 0 terrno: 110
12-08 00:34:05.591 I/resolv  (  292): doQuery: rcode=255, ancount=0, return value=-110
12-08 00:34:05.591 I/resolv  (  292): doQuery: rcode=255, ancount=0, return value=-110
12-08 00:34:05.618 I/resolv  (  292): res_nsend: used send_dg 0 terrno: 110
12-08 00:34:05.618 I/resolv  (  292): doQuery: rcode=255, ancount=0, return value=-110
12-08 00:34:05.634 W/Checkin ( 1557): [CheckinRequestProcessor] Default Task : Checkin failed: https://android.googleapis.com/checkin (fragment #0) Unable to resolve host "android.googleapis.com": No address associated with hostname
12-08 00:34:05.696 I/resolv  (  292): res_nsend: used send_dg 0 terrno: 110
12-08 00:34:05.698 I/resolv  (  292): res_nsend: used send_dg 0 terrno: 110
12-08 00:34:05.706 I/Checkin ( 1557): [CheckinOperation] Checkin Operation finished with result: FAILURE finish time: 176655.
12-08 00:34:05.709 I/AlarmManager( 1231): setExactAndAllowWhileIdle [name: GCM_CONN_ALARM type: 2 triggerAtMillis: 186658]
12-08 00:34:05.751 I/resolv  (  292): res_nsend: used send_dg 0 terrno: 110
12-08 00:34:05.752 I/resolv  (  292): res_nsend: used send_dg 0 terrno: 110
12-08 00:34:05.767 I/Checkin ( 1557): [ScheduledCheckinGmsTaskService] scheduleCheckinTask
12-08 00:34:05.788 D/OomAdjuster(  496): Not killing cached processes
12-08 00:34:05.789 I/AccountSeedingPrefetchI( 1557): AccountSeedingPrefetchInit intent operation started. [CONTEXT service_id=42 ]
12-08 00:34:05.800 I/Checkin ( 1557): [ExecutionManager] Checkin scheduled at 7236972.
12-08 00:34:06.244 I/resolv  (  292): res_nsend: used send_dg 0 terrno: 110
12-08 00:34:06.247 I/resolv  (  292): doQuery: rcode=255, ancount=0, return value=-110
12-08 00:34:06.251 I/resolv  (  292): res_stats_usable_server: too many resolution errors, ignoring server
12-08 00:34:06.251 I/resolv  (  292): res_stats_usable_server: too many resolution errors, ignoring server
12-08 00:34:06.251 I/resolv  (  292): res_stats_usable_server: too many resolution errors, ignoring server
12-08 00:34:06.252 I/resolv  (  292): res_stats_usable_server: too many resolution errors, ignoring server
12-08 00:34:06.284 I/resolv  (  292): res_nsend: used send_dg 0 terrno: 110
12-08 00:34:06.284 I/resolv  (  292): doQuery: rcode=255, ancount=0, return value=-110
12-08 00:34:06.624 I/resolv  (  292): res_nsend: used send_dg 0 terrno: 110
12-08 00:34:06.624 I/resolv  (  292): res_nsend: used send_dg 0 terrno: 110
12-08 00:34:06.625 I/resolv  (  292): doQuery: rcode=255, ancount=0, return value=-110
12-08 00:34:06.628 I/resolv  (  292): res_nsend: used send_dg 0 terrno: 110
12-08 00:34:06.628 I/resolv  (  292): doQuery: rcode=255, ancount=0, return value=-110
12-08 00:34:06.628 I/resolv  (  292): doQuery: rcode=255, ancount=0, return value=-110
12-08 00:34:06.579 I/resolv  (  292): res_nsend: used send_dg 0 terrno: 110
12-08 00:34:06.629 I/resolv  (  292): doQuery: rcode=255, ancount=0, return value=-110
12-08 00:34:06.630 I/resolv  (  292): res_stats_usable_server: too many resolution errors, ignoring server
12-08 00:34:06.630 I/resolv  (  292): res_stats_usable_server: too many resolution errors, ignoring server
12-08 00:34:06.635 I/resolv  (  292): res_stats_usable_server: too many resolution errors, ignoring server
12-08 00:34:06.635 I/resolv  (  292): res_stats_usable_server: too many resolution errors, ignoring server
12-08 00:34:06.636 I/resolv  (  292): res_nsend: used send_dg 0 terrno: 110
12-08 00:34:06.640 I/resolv  (  292): res_nsend: used send_dg 0 terrno: 110
12-08 00:34:06.785 D/BoundBrokerSvc( 1557): onUnbind: Intent { act=com.google.android.gms.potokens.service.IntegrityTokenRefreshTaskService.ACTION_TASK_READY dat=chimera-action:/... cmp=com.google.android.gms/.chimera.GmsInternalBoundBrokerService }
12-08 00:34:06.810 I/NetworkScheduler.Stats( 1231): Task com.google.android.gms/com.google.android.gms.potokens.service.IntegrityTokenRefreshTaskService finished executing. cause:5 result: 3 elapsed_millis: 156729 uptime_millis: 156729 exec_start_elapsed_seconds: 20 [CONTEXT service_id=218 ]
12-08 00:34:07.089 I/NetworkScheduler.Stats( 1231): Task com.google.android.gms/com.google.android.gms.telephonyspam.sync.SpamListSyncTaskService started execution. cause:5 exec_start_elapsed_seconds: 177 [CONTEXT service_id=218 ]
12-08 00:34:07.096 I/TelephonySpamChimeraSer( 1557): Running Telephony Spam Chimera Service [CONTEXT service_id=150 ]
12-08 00:34:07.124 I/TelephonySpamChimeraSer( 1557): Cleaning SIP Header local table of old entries [CONTEXT service_id=150 ]
12-08 00:34:07.125 I/SpamListSync( 1557): Call spam module disabled. Skipping cleaning cache sip header table. [CONTEXT service_id=150 ]
12-08 00:34:07.125 I/TelephonySpamChimeraSer( 1557): Syncing Call Spam List [CONTEXT service_id=150 ]
12-08 00:34:07.126 I/SpamListSync( 1557): SpamListSyncChimeraService.syncSpamList called with tag: telephonyspam.SpamListSyncOneOffTask, extras: Bundle[{SpamList Type=0, Action=1.0}] [CONTEXT service_id=150 ]
12-08 00:34:07.138 I/SpamListSync( 1557): Call spam module disabled. Skipping spam list syncing. [CONTEXT service_id=150 ]
12-08 00:34:07.173 I/NetworkScheduler.Stats( 1231): Task com.google.android.gms/com.google.android.gms.telephonyspam.sync.SpamListSyncTaskService finished executing. cause:5 result: 1 elapsed_millis: 188 uptime_millis: 188 exec_start_elapsed_seconds: 177 [CONTEXT service_id=218 ]
12-08 00:34:07.385 I/resolv  (  292): res_nsend: used send_dg 0 terrno: 110
12-08 00:34:07.385 I/resolv  (  292): res_nsend: used send_dg 0 terrno: 110
12-08 00:34:07.394 I/resolv  (  292): res_nsend: used send_dg 0 terrno: 110
12-08 00:34:07.398 I/resolv  (  292): doQuery: rcode=255, ancount=0, return value=-110
12-08 00:34:07.403 I/resolv  (  292): res_nsend: used send_dg 0 terrno: 110
12-08 00:34:07.404 I/resolv  (  292): doQuery: rcode=255, ancount=0, return value=-110
12-08 00:34:07.448 I/NetworkScheduler.Stats( 1231): Task com.google.android.gms/com.google.android.gms.gcm.gmsproc.GcmInGmsTaskService started execution. cause:5 exec_start_elapsed_seconds: 178 [CONTEXT service_id=218 ]
12-08 00:34:07.457 I/GCM-GMS ( 1557): Registering GMS 745476177629
12-08 00:34:07.757 W/MessengerIpcClient( 1557): Timing out request: 1
12-08 00:34:07.769 W/GCM-GMS ( 1557): Failed to get direct boot token: java.io.IOException: SERVICE_NOT_AVAILABLE
12-08 00:34:07.789 I/NetworkScheduler.Stats( 1231): Task com.google.android.gms/com.google.android.gms.gcm.gmsproc.GcmInGmsTaskService finished executing. cause:5 result: 3 elapsed_millis: 30139 uptime_millis: 30139 exec_start_elapsed_seconds: 148 [CONTEXT service_id=218 ]
12-08 00:34:07.901 I/NetworkScheduler.Stats( 1231): Task com.google.android.gms/com.google.android.gms.droidguard.DroidGuardGcmTaskService started execution. cause:5 exec_start_elapsed_seconds: 178 [CONTEXT service_id=218 ]
12-08 00:34:07.928 I/resolv  (  292): res_nsend: used send_dg 0 terrno: 110
12-08 00:34:07.928 I/resolv  (  292): res_nsend: used send_dg 0 terrno: 110
12-08 00:34:07.928 I/resolv  (  292): res_nsend: used send_dg 0 terrno: 110
12-08 00:34:07.928 I/resolv  (  292): res_nsend: used send_dg 0 terrno: 110
12-08 00:34:07.943 I/resolv  (  292): res_nsend: used send_dg 0 terrno: 110
12-08 00:34:07.945 I/resolv  (  292): res_nsend: used send_dg 0 terrno: 110
12-08 00:34:07.946 I/NetworkScheduler.Stats( 1231): Task com.google.android.gms/com.google.android.gms.droidguard.DroidGuardGcmTaskService finished executing. cause:5 result: 1 elapsed_millis: 92 uptime_millis: 92 exec_start_elapsed_seconds: 178 [CONTEXT service_id=218 ]
12-08 00:34:08.358 I/resolv  (  292): res_nsend: used send_dg 0 terrno: 110
12-08 00:34:08.358 I/resolv  (  292): res_nsend: used send_dg 0 terrno: 110
12-08 00:34:08.933 E/WakeLock( 1557): DG:service ** IS FORCE-RELEASED ON TIMEOUT **
12-08 00:34:09.823 W/FirebaseInstanceId( 1756): Token retrieval failed: SERVICE_NOT_AVAILABLE. Will retry token retrieval
12-08 00:34:09.990 I/resolv  (  292): GetAddrInfoHandler::run: {101 786533 101 983141 10109 0}
12-08 00:34:09.992 I/resolv  (  292): res_nmkquery: (QUERY, IN, AAAA)
12-08 00:34:09.992 I/resolv  (  292): res_nmkquery: (QUERY, IN, A)
12-08 00:34:09.992 I/resolv  (  292): res_stats_usable_server: too many resolution errors, ignoring server
12-08 00:34:09.992 I/resolv  (  292): res_stats_usable_server: too many resolution errors, ignoring server
12-08 00:34:09.995 I/resolv  (  292): res_stats_usable_server: too many resolution errors, ignoring server
12-08 00:34:09.995 I/resolv  (  292): res_stats_usable_server: too many resolution errors, ignoring server
12-08 00:34:10.342 I/resolv  (  292): GetAddrInfoHandler::run: {101 262245 101 983141 10120 0}
12-08 00:34:10.348 I/resolv  (  292): res_nmkquery: (QUERY, IN, A)
12-08 00:34:10.348 I/resolv  (  292): res_nmkquery: (QUERY, IN, AAAA)
12-08 00:34:10.348 I/resolv  (  292): res_stats_usable_server: too many resolution errors, ignoring server
12-08 00:34:10.348 I/resolv  (  292): res_stats_usable_server: too many resolution errors, ignoring server
12-08 00:34:10.350 I/resolv  (  292): res_stats_usable_server: too many resolution errors, ignoring server
12-08 00:34:10.350 I/resolv  (  292): res_stats_usable_server: too many resolution errors, ignoring server
12-08 00:34:10.362 I/resolv  (  292): res_nsend: used send_dg 0 terrno: 110
12-08 00:34:10.363 I/resolv  (  292): res_nsend: used send_dg 0 terrno: 110
12-08 00:34:10.549 I/resolv  (  292): res_nsend: used send_dg 0 terrno: 110
12-08 00:34:10.558 I/resolv  (  292): res_nsend: used send_dg 0 terrno: 110
12-08 00:34:10.707 I/resolv  (  292): res_nsend: used send_dg 0 terrno: 110
12-08 00:34:10.707 I/resolv  (  292): res_nsend: used send_dg 0 terrno: 110
12-08 00:34:10.761 I/resolv  (  292): res_nsend: used send_dg 0 terrno: 110
12-08 00:34:10.761 I/resolv  (  292): res_nsend: used send_dg 0 terrno: 110
12-08 00:34:10.888 W/MessengerIpcClient( 4409): Timing out request: 2
12-08 00:34:10.976 D/OomAdjuster(  496): Not killing cached processes
12-08 00:34:11.000 E/YouTubeMusic( 1756): Given up trying to get FCM Registration Id: 
12-08 00:34:11.000 E/YouTubeMusic( 1756): java.io.IOException: SERVICE_NOT_AVAILABLE
12-08 00:34:11.000 E/YouTubeMusic( 1756): 	at com.google.firebase.iid.FirebaseInstanceId.n(PG:2)
12-08 00:34:11.000 E/YouTubeMusic( 1756): 	at com.google.firebase.iid.FirebaseInstanceId.l(PG:4)
12-08 00:34:11.000 E/YouTubeMusic( 1756): 	at acvm.g(PG:17)
12-08 00:34:11.000 E/YouTubeMusic( 1756): 	at acvk.c(PG:5)
12-08 00:34:11.000 E/YouTubeMusic( 1756): 	at acvk.j(PG:38)
12-08 00:34:11.000 E/YouTubeMusic( 1756): 	at acvk.d(PG:3)
12-08 00:34:11.000 E/YouTubeMusic( 1756): 	at acvi.run(Unknown Source:2)
12-08 00:34:11.000 E/YouTubeMusic( 1756): 	at java.util.concurrent.Executors$RunnableAdapter.call(Executors.java:463)
12-08 00:34:11.000 E/YouTubeMusic( 1756): 	at java.util.concurrent.FutureTask.run(FutureTask.java:264)
12-08 00:34:11.000 E/YouTubeMusic( 1756): 	at java.util.concurrent.ThreadPoolExecutor.runWorker(ThreadPoolExecutor.java:1137)
12-08 00:34:11.000 E/YouTubeMusic( 1756): 	at java.util.concurrent.ThreadPoolExecutor$Worker.run(ThreadPoolExecutor.java:637)
12-08 00:34:11.000 E/YouTubeMusic( 1756): 	at qhq.run(PG:2)
12-08 00:34:11.000 E/YouTubeMusic( 1756): 	at qic.run(PG:4)
12-08 00:34:11.000 E/YouTubeMusic( 1756): 	at java.lang.Thread.run(Thread.java:1012)
12-08 00:34:11.243 W/YouTubeMusic( 1756): Could not register for notifications with InnerTube: 
12-08 00:34:11.243 W/YouTubeMusic( 1756): xvd: dlj: java.lang.IllegalStateException: DefaultAccountIdResolver could not resolve pseudonymous, pseudonymous
12-08 00:34:11.243 W/YouTubeMusic( 1756): 	at xut.apply(Unknown Source:4)
12-08 00:34:11.243 W/YouTubeMusic( 1756): 	at vws.p(PG:5)
12-08 00:34:11.243 W/YouTubeMusic( 1756): 	at vws.b(PG:2)
12-08 00:34:11.243 W/YouTubeMusic( 1756): 	at xuv.d(PG:4)
12-08 00:34:11.243 W/YouTubeMusic( 1756): 	at acvk.c(PG:51)
12-08 00:34:11.243 W/YouTubeMusic( 1756): 	at acvk.j(PG:38)
12-08 00:34:11.243 W/YouTubeMusic( 1756): 	at acvk.d(PG:3)
12-08 00:34:11.243 W/YouTubeMusic( 1756): 	at acvi.run(Unknown Source:2)
12-08 00:34:11.243 W/YouTubeMusic( 1756): 	at java.util.concurrent.Executors$RunnableAdapter.call(Executors.java:463)
12-08 00:34:11.243 W/YouTubeMusic( 1756): 	at java.util.concurrent.FutureTask.run(FutureTask.java:264)
12-08 00:34:11.243 W/YouTubeMusic( 1756): 	at java.util.concurrent.ThreadPoolExecutor.runWorker(ThreadPoolExecutor.java:1137)
12-08 00:34:11.243 W/YouTubeMusic( 1756): 	at java.util.concurrent.ThreadPoolExecutor$Worker.run(ThreadPoolExecutor.java:637)
12-08 00:34:11.243 W/YouTubeMusic( 1756): 	at qhq.run(PG:2)
12-08 00:34:11.243 W/YouTubeMusic( 1756): 	at qic.run(PG:4)
12-08 00:34:11.243 W/YouTubeMusic( 1756): 	at java.lang.Thread.run(Thread.java:1012)
12-08 00:34:11.243 W/YouTubeMusic( 1756): Caused by: dlj: java.lang.IllegalStateException: DefaultAccountIdResolver could not resolve pseudonymous, pseudonymous
12-08 00:34:11.243 W/YouTubeMusic( 1756): 	at wfa.b(PG:1)
12-08 00:34:11.243 W/YouTubeMusic( 1756): 	at wfa.run(PG:24)
12-08 00:34:11.243 W/YouTubeMusic( 1756): 	at java.util.concurrent.ThreadPoolExecutor.runWorker(ThreadPoolExecutor.java:1137)
12-08 00:34:11.243 W/YouTubeMusic( 1756): 	at java.util.concurrent.ThreadPoolExecutor$Worker.run(ThreadPoolExecutor.java:637)
12-08 00:34:11.243 W/YouTubeMusic( 1756): 	at vvz.run(PG:11)
12-08 00:34:11.243 W/YouTubeMusic( 1756): 	... 1 more
12-08 00:34:11.243 W/YouTubeMusic( 1756): Caused by: java.lang.IllegalStateException: DefaultAccountIdResolver could not resolve pseudonymous, pseudonymous
12-08 00:34:11.243 W/YouTubeMusic( 1756): 	at ucg.a(PG:7)
12-08 00:34:11.243 W/YouTubeMusic( 1756): 	at xsd.a(PG:1)
12-08 00:34:11.243 W/YouTubeMusic( 1756): 	at xtk.G(PG:5)
12-08 00:34:11.243 W/YouTubeMusic( 1756): 	at xtk.d(PG:2)
12-08 00:34:11.243 W/YouTubeMusic( 1756): 	at wfa.a(PG:15)
12-08 00:34:11.243 W/YouTubeMusic( 1756): 	at wfa.run(PG:21)
12-08 00:34:11.243 W/YouTubeMusic( 1756): 	... 4 more
12-08 00:34:11.243 W/YouTubeMusic( 1756): Caused by: java.util.concurrent.ExecutionException: aiwk: account of type pseudonymous is not enabled
12-08 00:34:11.243 W/YouTubeMusic( 1756): 	at akmv.o(PG:6)
12-08 00:34:11.243 W/YouTubeMusic( 1756): 	at akmv.get(PG:20)
12-08 00:34:11.243 W/YouTubeMusic( 1756): 	at akmq.get(PG:2)
12-08 00:34:11.243 W/YouTubeMusic( 1756): 	at ucg.a(PG:4)
12-08 00:34:11.243 W/YouTubeMusic( 1756): 	... 9 more
12-08 00:34:11.243 W/YouTubeMusic( 1756): Caused by: aiwk: account of type pseudonymous is not enabled
12-08 00:34:11.243 W/YouTubeMusic( 1756): 	at aixz.apply(PG:6)
12-08 00:34:11.243 W/YouTubeMusic( 1756): 	at ajls.apply(PG:2)
12-08 00:34:11.243 W/YouTubeMusic( 1756): 	at akmy.c(PG:2)
12-08 00:34:11.243 W/YouTubeMusic( 1756): 	at akmz.run(PG:9)
12-08 00:34:11.243 W/YouTubeMusic( 1756): 	at akod.execute(PG:1)
12-08 00:34:11.243 W/YouTubeMusic( 1756): 	at akmv.m(PG:1)
12-08 00:34:11.243 W/YouTubeMusic( 1756): 	at akmv.i(PG:12)
12-08 00:34:11.243 W/YouTubeMusic( 1756): 	at akmv.setFuture(PG:5)
12-08 00:34:11.243 W/YouTubeMusic( 1756): 	at akpf.run(PG:1)
12-08 00:34:11.243 W/YouTubeMusic( 1756): 	at akod.execute(PG:1)
12-08 00:34:11.243 W/YouTubeMusic( 1756): 	at akmv.m(PG:1)
12-08 00:34:11.243 W/YouTubeMusic( 1756): 	at akmv.i(PG:12)
12-08 00:34:11.243 W/YouTubeMusic( 1756): 	at akmv.setFuture(PG:5)
12-08 00:34:11.243 W/YouTubeMusic( 1756): 	at akmx.d(PG:2)
12-08 00:34:11.243 W/YouTubeMusic( 1756): 	at akmz.run(PG:12)
12-08 00:34:11.243 W/YouTubeMusic( 1756): 	at akod.execute(PG:1)
12-08 00:34:11.243 W/YouTubeMusic( 1756): 	at akmv.m(PG:1)
12-08 00:34:11.243 W/YouTubeMusic( 1756): 	at akmv.i(PG:12)
12-08 00:34:11.243 W/YouTubeMusic( 1756): 	at akmv.setFuture(PG:5)
12-08 00:34:11.243 W/YouTubeMusic( 1756): 	at aizz.setFuture(PG:1)
12-08 00:34:11.243 W/YouTubeMusic( 1756): 	at aizv.run(PG:4)
12-08 00:34:11.243 W/YouTubeMusic( 1756): 	at akod.execute(PG:1)
12-08 00:34:11.243 W/YouTubeMusic( 1756): 	at akmv.m(PG:1)
12-08 00:34:11.243 W/YouTubeMusic( 1756): 	at akmv.i(PG:12)
12-08 00:34:11.243 W/YouTubeMusic( 1756): 	at akmv.set(PG:2)
12-08 00:34:11.243 W/YouTubeMusic( 1756): 	at akoa.c(PG:1)
12-08 00:34:11.243 W/YouTubeMusic( 1756): 	at akob.e(PG:2)
12-08 00:34:11.243 W/YouTubeMusic( 1756): 	at akpo.run(PG:8)
12-08 00:34:11.243 W/YouTubeMusic( 1756): 	at akod.execute(PG:1)
12-08 00:34:11.243 W/YouTubeMusic( 1756): 	at akob.f(PG:1)
12-08 00:34:11.243 W/YouTubeMusic( 1756): 	at akoc.m(PG:1)
12-08 00:34:11.243 W/YouTubeMusic( 1756): 	at aknc.f(PG:6)
12-08 00:34:11.243 W/YouTubeMusic( 1756): 	at akna.run(PG:1)
12-08 00:34:11.243 W/YouTubeMusic( 1756): 	at akod.execute(PG:1)
12-08 00:34:11.243 W/YouTubeMusic( 1756): 	at akmv.m(PG:1)
12-08 00:34:11.243 W/YouTubeMusic( 1756): 	at akmv.i(PG:12)
12-08 00:34:11.243 W/YouTubeMusic( 1756): 	at akmv.setFuture(PG:5)
12-08 00:34:11.243 W/YouTubeMusic( 1756): 	at akmx.d(PG:2)
12-08 00:34:11.243 W/YouTubeMusic( 1756): 	at akmz.run(PG:12)
12-08 00:34:11.243 W/YouTubeMusic( 1756): 	at akod.execute(PG:1)
12-08 00:34:11.243 W/YouTubeMusic( 1756): 	at akmv.m(PG:1)
12-08 00:34:11.243 W/YouTubeMusic( 1756): 	at akmv.i(PG:12)
12-08 00:34:11.243 W/YouTubeMusic( 1756): 	at akmv.setFuture(PG:5)
12-08 00:34:11.243 W/YouTubeMusic( 1756): 	at akpf.run(PG:1)
12-08 00:34:11.243 W/YouTubeMusic( 1756): 	at akod.execute(PG:1)
12-08 00:34:11.243 W/YouTubeMusic( 1756): 	at akmv.m(PG:1)
12-08 00:34:11.243 W/YouTubeMusic( 1756): 	at akmv.i(PG:12)
12-08 00:34:11.243 W/YouTubeMusic( 1756): 	at akmv.setFuture(PG:5)
12-08 00:34:11.243 W/YouTubeMusic( 1756): 	at akmx.d(PG:2)
12-08 00:34:11.243 W/YouTubeMusic( 1756): 	at akmz.run(PG:12)
12-08 00:34:11.243 W/YouTubeMusic( 1756): 	at akod.execute(PG:1)
12-08 00:34:11.243 W/YouTubeMusic( 1756): 	at akmv.m(PG:1)
12-08 00:34:11.243 W/YouTubeMusic( 1756): 	at akmv.i(PG:12)
12-08 00:34:11.243 W/YouTubeMusic( 1756): 	at akmv.setFuture(PG:5)
12-08 00:34:11.243 W/YouTubeMusic( 1756): 	at aknz.c(PG:2)
12-08 00:34:11.243 W/YouTubeMusic( 1756): 	at akob.e(PG:2)
12-08 00:34:11.243 W/YouTubeMusic( 1756): 	at akpo.run(PG:8)
12-08 00:34:11.243 W/YouTubeMusic( 1756): 	at qiq.run(PG:1)
12-08 00:34:11.243 W/YouTubeMusic( 1756): 	at java.util.concurrent.ThreadPoolExecutor.runWorker(ThreadPoolExecutor.java:1137)
12-08 00:34:11.243 W/YouTubeMusic( 1756): 	at java.util.concurrent.ThreadPoolExecutor$Worker.run(ThreadPoolExecutor.java:637)
12-08 00:34:11.243 W/YouTubeMusic( 1756): 	at qhq.run(PG:2)
12-08 00:34:11.243 W/YouTubeMusic( 1756): 	at qic.run(PG:4)
12-08 00:34:11.243 W/YouTubeMusic( 1756): 	... 1 more
12-08 00:34:11.262 I/resolv  (  292): res_nsend: used send_dg 0 terrno: 110
12-08 00:34:11.263 I/resolv  (  292): res_nsend: used send_dg 0 terrno: 110
12-08 00:34:11.541 I/resolv  (  292): GetAddrInfoHandler::run: {101 786533 101 983141 10109 0}
12-08 00:34:11.542 I/resolv  (  292): res_nmkquery: (QUERY, IN, AAAA)
12-08 00:34:11.542 I/resolv  (  292): res_nmkquery: (QUERY, IN, A)
12-08 00:34:11.542 I/resolv  (  292): res_stats_usable_server: too many resolution errors, ignoring server
12-08 00:34:11.542 I/resolv  (  292): res_stats_usable_server: too many resolution errors, ignoring server
12-08 00:34:11.546 I/resolv  (  292): res_stats_usable_server: too many resolution errors, ignoring server
12-08 00:34:11.546 I/resolv  (  292): res_stats_usable_server: too many resolution errors, ignoring server
12-08 00:34:11.641 I/resolv  (  292): res_nsend: used send_dg 0 terrno: 110
12-08 00:34:11.642 I/resolv  (  292): res_nsend: used send_dg 0 terrno: 110
12-08 00:34:11.643 I/resolv  (  292): doQuery: rcode=255, ancount=0, return value=-110
12-08 00:34:11.661 I/resolv  (  292): res_nsend: used send_dg 0 terrno: 110
12-08 00:34:11.661 I/resolv  (  292): res_nsend: used send_dg 0 terrno: 110
12-08 00:34:11.661 I/resolv  (  292): doQuery: rcode=255, ancount=0, return value=-110
12-08 00:34:11.708 E/FirebaseInstanceId( 1852): Failed to get FIS auth token
12-08 00:34:11.708 E/FirebaseInstanceId( 1852): java.util.concurrent.ExecutionException: alxt: Firebase Installations Service is unavailable. Please try again later.
12-08 00:34:11.708 E/FirebaseInstanceId( 1852): 	at ppu.x(PG:32)
12-08 00:34:11.708 E/FirebaseInstanceId( 1852): 	at ppu.g(PG:31)
12-08 00:34:11.708 E/FirebaseInstanceId( 1852): 	at alxh.a(PG:107)
12-08 00:34:11.708 E/FirebaseInstanceId( 1852): 	at amjc.d(PG:44)
12-08 00:34:11.708 E/FirebaseInstanceId( 1852): 	at alxf.a(PG:43)
12-08 00:34:11.708 E/FirebaseInstanceId( 1852): 	at pid.run(PG:1730)
12-08 00:34:11.708 E/FirebaseInstanceId( 1852): 	at java.util.concurrent.ThreadPoolExecutor.runWorker(ThreadPoolExecutor.java:1137)
12-08 00:34:11.708 E/FirebaseInstanceId( 1852): 	at java.util.concurrent.ThreadPoolExecutor$Worker.run(ThreadPoolExecutor.java:637)
12-08 00:34:11.708 E/FirebaseInstanceId( 1852): 	at ovw.run(PG:39)
12-08 00:34:11.708 E/FirebaseInstanceId( 1852): 	at java.lang.Thread.run(Thread.java:1012)
12-08 00:34:11.708 E/FirebaseInstanceId( 1852): Caused by: alxt: Firebase Installations Service is unavailable. Please try again later.
12-08 00:34:11.708 E/FirebaseInstanceId( 1852): 	at alyf.c(PG:286)
12-08 00:34:11.708 E/FirebaseInstanceId( 1852): 	at alxq.run(PG:64)
12-08 00:34:11.708 E/FirebaseInstanceId( 1852): 	at java.util.concurrent.ThreadPoolExecutor.runWorker(ThreadPoolExecutor.java:1137)
12-08 00:34:11.708 E/FirebaseInstanceId( 1852): 	at java.util.concurrent.ThreadPoolExecutor$Worker.run(ThreadPoolExecutor.java:637)
12-08 00:34:11.708 E/FirebaseInstanceId( 1852): 	... 1 more
12-08 00:34:12.046 W/ActivityManager(  496): Unable to start service Intent { act=com.google.android.gms.drive.ApiService.RESET_AFTER_BOOT flg=0x4 cmp=com.google.android.gms/.drive.api.ApiService (has extras) } U=0: not found
12-08 00:34:12.394 I/resolv  (  292): res_nsend: used send_dg 0 terrno: 110
12-08 00:34:12.395 I/resolv  (  292): doQuery: rcode=255, ancount=0, return value=-110
12-08 00:34:12.395 I/resolv  (  292): res_nsend: used send_dg 0 terrno: 110
12-08 00:34:12.396 I/resolv  (  292): doQuery: rcode=255, ancount=0, return value=-110
12-08 00:34:12.455 W/A       ( 1538): v2 eligibility check failed
12-08 00:34:12.455 W/A       ( 1538): com.google.android.libraries.search.r.a.b: com.google.frameworks.client.data.android.ac: Http networking stack error
12-08 00:34:12.455 W/A       ( 1538): 	at com.google.android.libraries.search.r.a.f.apply(PG:3)
12-08 00:34:12.455 W/A       ( 1538): 	at com.google.apps.tiktok.tracing.ew.apply(PG:3)
12-08 00:34:12.455 W/A       ( 1538): 	at com.google.common.w.a.a.e(PG:2)
12-08 00:34:12.455 W/A       ( 1538): 	at com.google.common.w.a.c.run(PG:11)
12-08 00:34:12.455 W/A       ( 1538): 	at com.google.android.libraries.i.z.run(PG:1)
12-08 00:34:12.455 W/A       ( 1538): 	at java.util.concurrent.ThreadPoolExecutor.runWorker(ThreadPoolExecutor.java:1137)
12-08 00:34:12.455 W/A       ( 1538): 	at java.util.concurrent.ThreadPoolExecutor$Worker.run(ThreadPoolExecutor.java:637)
12-08 00:34:12.455 W/A       ( 1538): 	at com.google.android.libraries.i.h.run(PG:2)
12-08 00:34:12.455 W/A       ( 1538): 	at java.lang.Thread.run(Thread.java:1012)
12-08 00:34:12.455 W/A       ( 1538): 	at com.google.android.libraries.i.ai.run(PG:5)
12-08 00:34:12.455 W/A       ( 1538): Caused by: com.google.frameworks.client.data.android.ac: Http networking stack error
12-08 00:34:12.455 W/A       ( 1538): 	at com.google.frameworks.client.data.android.y.run(PG:7)
12-08 00:34:12.455 W/A       ( 1538): 	... 6 more
12-08 00:34:12.455 W/A       ( 1538): Caused by: iq: Exception in CronetUrlRequest: net::ERR_NAME_NOT_RESOLVED, ErrorCode=1, InternalErrorCode=-105, Retryable=false
12-08 00:34:12.455 W/A       ( 1538): 	at org.chromium.net.impl.CronetUrlRequest.onError(:com.google.android.gms.dynamite_cronetdynamite@231818044@23.18.18 (190400-0):5)
12-08 00:34:12.465 W/A       ( 1538): unable to retrieve gws prefs while getting consent state
12-08 00:34:12.465 W/A       ( 1538): com.google.android.libraries.search.r.a.b: com.google.frameworks.client.data.android.ac: Http networking stack error
12-08 00:34:12.465 W/A       ( 1538): 	at com.google.android.libraries.search.r.a.f.apply(PG:3)
12-08 00:34:12.465 W/A       ( 1538): 	at com.google.apps.tiktok.tracing.ew.apply(PG:3)
12-08 00:34:12.465 W/A       ( 1538): 	at com.google.common.w.a.a.e(PG:2)
12-08 00:34:12.465 W/A       ( 1538): 	at com.google.common.w.a.c.run(PG:11)
12-08 00:34:12.465 W/A       ( 1538): 	at com.google.android.libraries.i.z.run(PG:1)
12-08 00:34:12.465 W/A       ( 1538): 	at java.util.concurrent.ThreadPoolExecutor.runWorker(ThreadPoolExecutor.java:1137)
12-08 00:34:12.465 W/A       ( 1538): 	at java.util.concurrent.ThreadPoolExecutor$Worker.run(ThreadPoolExecutor.java:637)
12-08 00:34:12.465 W/A       ( 1538): 	at com.google.android.libraries.i.h.run(PG:2)
12-08 00:34:12.465 W/A       ( 1538): 	at java.lang.Thread.run(Thread.java:1012)
12-08 00:34:12.465 W/A       ( 1538): 	at com.google.android.libraries.i.ai.run(PG:5)
12-08 00:34:12.465 W/A       ( 1538): Caused by: com.google.frameworks.client.data.android.ac: Http networking stack error
12-08 00:34:12.465 W/A       ( 1538): 	at com.google.frameworks.client.data.android.y.run(PG:7)
12-08 00:34:12.465 W/A       ( 1538): 	... 6 more
12-08 00:34:12.465 W/A       ( 1538): Caused by: iq: Exception in CronetUrlRequest: net::ERR_NAME_NOT_RESOLVED, ErrorCode=1, InternalErrorCode=-105, Retryable=false
