12-08 00:35:52.757 D/TaplEvents( 1078): TIS / TouchInteractionService.onInputEvent: MotionEvent { action=ACTION_UP, actionButton=0, id[0]=0, x[0]=257.96997, y[0]=1832.9297, toolType[0]=TOOL_TYPE_FINGER, buttonState=0, classification=NONE, metaState=0, flags=0x0, edgeFlags=0x0, pointerCount=1, historySize=0, eventTime=283706, downTime=283642, deviceId=3, source=0x5002, displayId=0, eventId=959552775 }
12-08 00:35:52.910 D/EGL_emulation( 3806): app_time_stats: avg=7413.18ms min=0.97ms max=125956.34ms count=17
12-08 00:35:52.972 D/EGL_emulation( 3806): app_time_stats: avg=11997.07ms min=3.11ms max=128114.68ms count=12
12-08 00:35:52.982 D/CoreBackPreview(  496): Window{7b1044f u0 com.sih.rockfall/com.sih.rockfall.MainActivity}: Setting back callback null
12-08 00:35:53.072 W/InputManager-JNI(  496): Input channel object '7b1044f com.sih.rockfall/com.sih.rockfall.MainActivity (client)' was disposed without first being removed with the input manager!
12-08 00:35:53.073 D/AudioFlinger(  328): mixer(0xb400007aca1109a0) throttle end: throttle time(39)
12-08 00:35:53.100 V/WindowManager(  496): Unknown focus tokens, dropping reportFocusChanged
12-08 00:35:53.151 I/GoogleInputMethodService( 1352): GoogleInputMethodService.onFinishInput():3227 
12-08 00:35:53.157 W/TransactionTracing(  331): Could not find layer handle 0xb4000078e0ded050
12-08 00:35:53.161 I/GoogleInputMethodService( 1352): GoogleInputMethodService.updateDeviceLockedStatus():2087 repeatCheckTimes = 0, unlocked = true
12-08 00:35:53.161 I/GoogleInputMethodService( 1352): GoogleInputMethodService.onStartInput():1877 onStartInput(EditorInfo{inputType=0x0(NULL) imeOptions=0x0 privateImeOptions=null actionName=UNSPECIFIED actionLabel=null actionId=0 initialSelStart=-1 initialSelEnd=-1 initialCapsMode=0x0 hintText=null label=null packageName=com.sih.rockfall fieldId=-1 fieldName=null extras=null}, false)
12-08 00:35:53.161 I/GoogleInputMethodService( 1352): GoogleInputMethodService.shouldHideHeaderOnInitialState():4008 ShouldHideHeaderOnInitialState = false
12-08 00:35:53.162 I/GoogleInputMethodService( 1352): GoogleInputMethodService.updateDeviceLockedStatus():2087 repeatCheckTimes = 2, unlocked = true
12-08 00:35:53.305 W/TransactionTracing(  331): Could not find layer handle 0xb4000078e0df97d0
12-08 00:35:53.305 W/TransactionTracing(  331): Could not find layer handle 0xb4000078e0df4310
12-08 00:35:53.305 W/TransactionTracing(  331): Could not find layer handle 0xb4000078e0dfad90
12-08 00:35:53.305 W/TransactionTracing(  331): Could not find layer handle 0xb4000078e0dfad90
12-08 00:35:53.305 W/TransactionTracing(  331): Could not find layer handle 0xb4000078e0df4310
12-08 00:35:53.909 I/resolv  (  292): res_nsend: used send_dg 0 terrno: 110
12-08 00:35:53.911 I/resolv  (  292): res_nsend: used send_dg 0 terrno: 110
12-08 00:35:55.371 I/resolv  (  292): GetAddrInfoHandler::run: {100 983140 100 983140 1073 1}
12-08 00:35:55.381 I/resolv  (  292): res_nmkquery: (QUERY, IN, AAAA)
12-08 00:35:55.381 I/resolv  (  292): resolv_cache_lookup: Waiting for previous request
12-08 00:35:55.383 I/resolv  (  292): res_nmkquery: (QUERY, IN, A)
12-08 00:35:55.383 I/resolv  (  292): resolv_cache_lookup: Waiting for previous request
12-08 00:35:55.784 D/OomAdjuster(  496): Not killing cached processes
12-08 00:35:55.921 I/resolv  (  292): res_nsend: used send_dg 0 terrno: 110
12-08 00:35:55.932 I/resolv  (  292): res_nsend: used send_dg 0 terrno: 110
12-08 00:35:55.932 I/resolv  (  292): res_nsend: used send_dg 0 terrno: 110
12-08 00:35:55.932 I/resolv  (  292): res_nsend: used send_dg 0 terrno: 110
12-08 00:35:55.941 I/resolv  (  292): res_nsend: used send_dg 0 terrno: 110
12-08 00:35:55.971 I/resolv  (  292): res_nsend: used send_dg 0 terrno: 110
12-08 00:35:56.033 I/resolv  (  292): res_nsend: used send_dg 0 terrno: 110
12-08 00:35:56.035 I/resolv  (  292): res_nsend: used send_dg 0 terrno: 110
12-08 00:35:56.945 I/rkstack.process(  745): Background young concurrent copying GC freed 54159(2223KB) AllocSpace objects, 0(0B) LOS objects, 48% free, 2469KB/4817KB, paused 113us,6us total 137.697ms
12-08 00:35:57.084 I/resolv  (  292): res_nsend: used send_dg 0 terrno: 110
12-08 00:35:57.085 I/resolv  (  292): res_nsend: used send_dg 0 terrno: 110
12-08 00:35:57.378 I/resolv  (  292): res_nsend: used send_dg 0 terrno: 110
12-08 00:35:57.379 I/resolv  (  292): res_nsend: used send_dg 0 terrno: 110
12-08 00:35:57.379 I/resolv  (  292): res_nsend: used send_dg 0 terrno: 110
12-08 00:35:57.379 I/resolv  (  292): res_nsend: used send_dg 0 terrno: 110
12-08 00:35:57.585 I/resolv  (  292): res_nsend: used send_dg 0 terrno: 110
12-08 00:35:57.587 I/resolv  (  292): res_nsend: used send_dg 0 terrno: 110
12-08 00:35:58.918 I/resolv  (  292): res_nsend: used send_dg 0 terrno: 110
12-08 00:35:58.919 I/resolv  (  292): res_nsend: used send_dg 0 terrno: 110
12-08 00:36:00.039 I/AiAiEcho( 1387): Predicting[0]: 
12-08 00:36:00.039 I/AiAiEcho( 1387): Ranked targets strategy: SORT, count: 0, ranking metadata: 
12-08 00:36:00.051 I/AiAiEcho( 1387): #postPredictionTargets: Sending updates to UISurface lockscreen with targets# 0
12-08 00:36:00.055 I/AiAiEcho( 1387): #postPredictionTargets: Sending updates to UISurface home with targets# 0
12-08 00:36:00.057 I/AiAiEcho( 1387): #postPredictionTargets: Sending updates to UISurface media_data_manager with targets# 0
12-08 00:36:00.067 D/SsMediaDataProvider(  691): Forwarding Smartspace updates []
12-08 00:36:00.104 D/EGL_emulation(  691): app_time_stats: avg=26591.73ms min=26591.73ms max=26591.73ms count=1
12-08 00:36:00.929 I/resolv  (  292): res_nsend: used send_dg 0 terrno: 110
12-08 00:36:00.936 I/resolv  (  292): res_nsend: used send_dg 0 terrno: 110
12-08 00:36:00.938 I/resolv  (  292): res_nsend: used send_dg 0 terrno: 110
12-08 00:36:00.938 I/resolv  (  292): res_nsend: used send_dg 0 terrno: 110
12-08 00:36:00.947 I/resolv  (  292): res_nsend: used send_dg 0 terrno: 110
12-08 00:36:00.977 I/resolv  (  292): res_nsend: used send_dg 0 terrno: 110
12-08 00:36:01.040 I/resolv  (  292): res_nsend: used send_dg 0 terrno: 110
12-08 00:36:01.041 I/resolv  (  292): res_nsend: used send_dg 0 terrno: 110
12-08 00:36:02.091 I/resolv  (  292): res_nsend: used send_dg 0 terrno: 110
12-08 00:36:02.092 I/resolv  (  292): res_nsend: used send_dg 0 terrno: 110
12-08 00:36:02.385 I/resolv  (  292): res_nsend: used send_dg 0 terrno: 110
12-08 00:36:02.386 I/resolv  (  292): res_nsend: used send_dg 0 terrno: 110
12-08 00:36:02.386 I/resolv  (  292): res_nsend: used send_dg 0 terrno: 110
12-08 00:36:02.386 I/resolv  (  292): res_nsend: used send_dg 0 terrno: 110
12-08 00:36:02.390 W/DnsResolver(  745): resNetworkResult:android.system.ErrnoException: resNetworkResult failed: ETIMEDOUT (Connection timed out)
12-08 00:36:02.390 W/DnsResolver(  745): resNetworkResult:android.system.ErrnoException: resNetworkResult failed: ETIMEDOUT (Connection timed out)
12-08 00:36:02.392 I/resolv  (  292): res_stats_usable_server: too many resolution errors, ignoring server
12-08 00:36:02.393 D/NetworkMonitor/100(  745): PROBE_DNS www.google.com 10030ms FAIL in type ADDRCONFIG android.net.DnsResolver$DnsException: android.system.ErrnoException: resNetworkResult failed: ETIMEDOUT (Connection timed out)
12-08 00:36:02.393 W/DnsResolver(  745): resNetworkResult:android.system.ErrnoException: resNetworkResult failed: ETIMEDOUT (Connection timed out)
12-08 00:36:02.395 I/resolv  (  292): res_stats_usable_server: too many resolution errors, ignoring server
12-08 00:36:02.395 W/DnsResolver(  745): resNetworkResult:android.system.ErrnoException: resNetworkResult failed: ETIMEDOUT (Connection timed out)
12-08 00:36:02.396 D/NetworkMonitor/100(  745): PROBE_DNS connectivitycheck.gstatic.com 10033ms FAIL in type ADDRCONFIG android.net.DnsResolver$DnsException: android.system.ErrnoException: resNetworkResult failed: ETIMEDOUT (Connection timed out)
12-08 00:36:02.403 I/resolv  (  292): GetAddrInfoHandler::run: {100 983140 100 983140 1073 1}
12-08 00:36:02.403 I/resolv  (  292): GetAddrInfoHandler::run: {100 983140 100 983140 1073 1}
12-08 00:36:02.404 I/resolv  (  292): res_nmkquery: (QUERY, IN, A)
12-08 00:36:02.404 I/resolv  (  292): res_nmkquery: (QUERY, IN, AAAA)
12-08 00:36:02.404 I/resolv  (  292): res_stats_usable_server: too many resolution errors, ignoring server
12-08 00:36:02.406 I/resolv  (  292): res_nmkquery: (QUERY, IN, A)
12-08 00:36:02.406 I/resolv  (  292): res_nmkquery: (QUERY, IN, AAAA)
12-08 00:36:02.406 I/resolv  (  292): res_stats_usable_server: too many resolution errors, ignoring server
12-08 00:36:02.406 I/resolv  (  292): res_stats_usable_server: too many resolution errors, ignoring server
12-08 00:36:02.408 I/resolv  (  292): res_stats_usable_server: too many resolution errors, ignoring server
12-08 00:36:02.587 I/resolv  (  292): res_nsend: used send_dg 0 terrno: 110
12-08 00:36:02.588 I/resolv  (  292): doQuery: rcode=255, ancount=0, return value=-110
12-08 00:36:02.593 I/resolv  (  292): res_nsend: used send_dg 0 terrno: 110
12-08 00:36:02.593 I/resolv  (  292): doQuery: rcode=255, ancount=0, return value=-110
12-08 00:36:02.596 W/SntpClient(  496): Unknown host: time.android.com
12-08 00:36:02.596 D/SntpClient(  496): request time failed
12-08 00:36:03.925 I/resolv  (  292): res_nsend: used send_dg 0 terrno: 110
12-08 00:36:03.925 I/resolv  (  292): res_nsend: used send_dg 0 terrno: 110
12-08 00:36:03.925 I/resolv  (  292): doQuery: rcode=255, ancount=0, return value=-110
12-08 00:36:03.925 I/resolv  (  292): doQuery: rcode=255, ancount=0, return value=-110
12-08 00:36:04.056 I/resolv  (  292): GetAddrInfoHandler::run: {101 786533 101 983141 10109 0}
12-08 00:36:04.057 I/resolv  (  292): res_nmkquery: (QUERY, IN, A)
12-08 00:36:04.057 I/resolv  (  292): res_nmkquery: (QUERY, IN, AAAA)
12-08 00:36:04.057 I/resolv  (  292): res_stats_usable_server: too many resolution errors, ignoring server
12-08 00:36:04.057 I/resolv  (  292): res_stats_usable_server: too many resolution errors, ignoring server
12-08 00:36:04.061 I/resolv  (  292): res_stats_usable_server: too many resolution errors, ignoring server
12-08 00:36:04.061 I/resolv  (  292): res_stats_usable_server: too many resolution errors, ignoring server
12-08 00:36:05.936 I/resolv  (  292): res_nsend: used send_dg 0 terrno: 110
12-08 00:36:05.936 I/resolv  (  292): doQuery: rcode=255, ancount=0, return value=-110
12-08 00:36:05.943 I/resolv  (  292): res_nsend: used send_dg 0 terrno: 110
12-08 00:36:05.943 I/resolv  (  292): doQuery: rcode=255, ancount=0, return value=-110
12-08 00:36:05.943 I/resolv  (  292): res_nsend: used send_dg 0 terrno: 110
12-08 00:36:05.943 I/resolv  (  292): doQuery: rcode=255, ancount=0, return value=-110
12-08 00:36:05.946 I/resolv  (  292): res_nsend: used send_dg 0 terrno: 110
12-08 00:36:05.946 I/resolv  (  292): doQuery: rcode=255, ancount=0, return value=-110
12-08 00:36:05.946 D/NetworkMonitor/101(  745): PROBE_FALLBACK http://www.google.com/gen_204 Probe failed with exception java.net.UnknownHostException: Unable to resolve host "www.google.com": No address associated with hostname
12-08 00:36:05.953 I/resolv  (  292): res_nsend: used send_dg 0 terrno: 110
12-08 00:36:05.953 I/resolv  (  292): doQuery: rcode=255, ancount=0, return value=-110
12-08 00:36:05.954 D/NetworkMonitor/101(  745): PROBE_HTTPS https://www.google.com/generate_204 Probe failed with exception java.net.UnknownHostException: Unable to resolve host "www.google.com": No address associated with hostname
12-08 00:36:05.983 I/resolv  (  292): res_nsend: used send_dg 0 terrno: 110
12-08 00:36:05.983 I/resolv  (  292): doQuery: rcode=255, ancount=0, return value=-110
12-08 00:36:05.984 D/NetworkMonitor/101(  745): PROBE_HTTP http://connectivitycheck.gstatic.com/generate_204 Probe failed with exception java.net.UnknownHostException: Unable to resolve host "connectivitycheck.gstatic.com": No address associated with hostname
12-08 00:36:05.985 D/NetworkMonitor/101(  745): isCaptivePortal: isSuccessful()=false isPortal()=false RedirectUrl=null isPartialConnectivity()=false Time=40149ms
12-08 00:36:05.988 D/ConnectivityService(  496): [101 WIFI] validation failed
12-08 00:36:06.045 I/resolv  (  292): res_nsend: used send_dg 0 terrno: 110
12-08 00:36:06.046 I/resolv  (  292): res_nsend: used send_dg 0 terrno: 110
12-08 00:36:06.046 I/resolv  (  292): doQuery: rcode=255, ancount=0, return value=-110
12-08 00:36:06.046 I/resolv  (  292): doQuery: rcode=255, ancount=0, return value=-110
12-08 00:36:06.056 I/resolv  (  292): GetAddrInfoHandler::run: {101 786533 101 983141 10109 0}
12-08 00:36:06.056 I/resolv  (  292): res_nmkquery: (QUERY, IN, A)
12-08 00:36:06.056 I/resolv  (  292): res_nmkquery: (QUERY, IN, AAAA)
12-08 00:36:06.056 I/resolv  (  292): res_stats_usable_server: too many resolution errors, ignoring server
12-08 00:36:06.056 I/resolv  (  292): res_stats_usable_server: too many resolution errors, ignoring server
12-08 00:36:06.059 I/resolv  (  292): res_stats_usable_server: too many resolution errors, ignoring server
12-08 00:36:06.059 I/resolv  (  292): res_stats_usable_server: too many resolution errors, ignoring server
12-08 00:36:06.294 I/resolv  (  292): GetAddrInfoHandler::run: {101 786533 101 983141 10109 0}
12-08 00:36:06.295 I/resolv  (  292): res_nmkquery: (QUERY, IN, AAAA)
12-08 00:36:06.295 I/resolv  (  292): res_stats_usable_server: too many resolution errors, ignoring server
12-08 00:36:06.295 I/resolv  (  292): res_stats_usable_server: too many resolution errors, ignoring server
12-08 00:36:06.296 I/resolv  (  292): res_nmkquery: (QUERY, IN, A)
12-08 00:36:06.299 I/resolv  (  292): res_stats_usable_server: too many resolution errors, ignoring server
12-08 00:36:06.299 I/resolv  (  292): res_stats_usable_server: too many resolution errors, ignoring server
12-08 00:36:07.098 I/resolv  (  292): res_nsend: used send_dg 0 terrno: 110
12-08 00:36:07.099 I/resolv  (  292): res_nsend: used send_dg 0 terrno: 110
12-08 00:36:07.416 I/resolv  (  292): res_nsend: used send_dg 0 terrno: 110
12-08 00:36:07.418 I/resolv  (  292): res_nsend: used send_dg 0 terrno: 110
12-08 00:36:07.418 I/resolv  (  292): res_nsend: used send_dg 0 terrno: 110
12-08 00:36:07.438 I/resolv  (  292): res_nsend: used send_dg 0 terrno: 110
12-08 00:36:07.446 I/resolv  (  292): res_nsend: used send_dg 0 terrno: 110
12-08 00:36:07.446 I/resolv  (  292): res_nsend: used send_dg 0 terrno: 110
12-08 00:36:09.096 I/resolv  (  292): res_nsend: used send_dg 0 terrno: 110
12-08 00:36:09.095 I/resolv  (  292): res_nsend: used send_dg 0 terrno: 110
12-08 00:36:09.875 I/GMS_MM_Logger( 1231): Memory Metric Logging not allowed. Stopping.
12-08 00:36:09.897 I/resolv  (  292): GetAddrInfoHandler::run: {101 101 101 983141 10128 0}
12-08 00:36:09.898 I/resolv  (  292): res_nmkquery: (QUERY, IN, AAAA)
12-08 00:36:09.898 I/resolv  (  292): res_stats_usable_server: too many resolution errors, ignoring server
12-08 00:36:09.898 I/resolv  (  292): res_stats_usable_server: too many resolution errors, ignoring server
12-08 00:36:09.899 I/resolv  (  292): res_nmkquery: (QUERY, IN, A)
12-08 00:36:09.901 I/resolv  (  292): res_stats_usable_server: too many resolution errors, ignoring server
12-08 00:36:09.901 I/resolv  (  292): res_stats_usable_server: too many resolution errors, ignoring server
12-08 00:36:11.064 I/resolv  (  292): res_nsend: used send_dg 0 terrno: 110
12-08 00:36:11.065 I/resolv  (  292): res_nsend: used send_dg 0 terrno: 110
12-08 00:36:11.301 I/resolv  (  292): res_nsend: used send_dg 0 terrno: 110
12-08 00:36:11.305 I/resolv  (  292): res_nsend: used send_dg 0 terrno: 110
12-08 00:36:12.063 I/resolv  (  292): GetAddrInfoHandler::run: {101 786533 101 983141 10109 0}
12-08 00:36:12.067 I/resolv  (  292): res_nmkquery: (QUERY, IN, AAAA)
12-08 00:36:12.068 I/resolv  (  292): resolv_cache_lookup: Waiting for previous request
12-08 00:36:12.070 I/resolv  (  292): res_nmkquery: (QUERY, IN, A)
12-08 00:36:12.070 I/resolv  (  292): resolv_cache_lookup: Waiting for previous request
12-08 00:36:12.103 I/resolv  (  292): res_nsend: used send_dg 0 terrno: 110
12-08 00:36:12.103 I/resolv  (  292): doQuery: rcode=255, ancount=0, return value=-110
12-08 00:36:12.104 I/resolv  (  292): res_nsend: used send_dg 0 terrno: 110
12-08 00:36:12.104 I/resolv  (  292): doQuery: rcode=255, ancount=0, return value=-110
12-08 00:36:12.109 I/resolv  (  292): res_stats_usable_server: too many resolution errors, ignoring server
12-08 00:36:12.109 I/resolv  (  292): res_stats_usable_server: too many resolution errors, ignoring server
12-08 00:36:12.113 I/resolv  (  292): res_stats_usable_server: too many resolution errors, ignoring server
12-08 00:36:12.113 I/resolv  (  292): res_stats_usable_server: too many resolution errors, ignoring server
12-08 00:36:12.420 I/resolv  (  292): res_nsend: used send_dg 0 terrno: 110
12-08 00:36:12.420 I/resolv  (  292): doQuery: rcode=255, ancount=0, return value=-110
12-08 00:36:12.424 I/resolv  (  292): res_nsend: used send_dg 0 terrno: 110
12-08 00:36:12.424 I/resolv  (  292): res_nsend: used send_dg 0 terrno: 110
12-08 00:36:12.424 I/resolv  (  292): doQuery: rcode=255, ancount=0, return value=-110
12-08 00:36:12.424 I/resolv  (  292): doQuery: rcode=255, ancount=0, return value=-110
12-08 00:36:12.427 D/NetworkMonitor/100(  745): PROBE_FALLBACK http://www.google.com/gen_204 Probe failed with exception java.net.UnknownHostException: Unable to resolve host "www.google.com": No address associated with hostname
12-08 00:36:12.454 I/resolv  (  292): res_nsend: used send_dg 0 terrno: 110
12-08 00:36:12.454 I/resolv  (  292): doQuery: rcode=255, ancount=0, return value=-110
12-08 00:36:12.455 I/resolv  (  292): res_nsend: used send_dg 0 terrno: 110
12-08 00:36:12.455 I/resolv  (  292): doQuery: rcode=255, ancount=0, return value=-110
12-08 00:36:12.456 I/resolv  (  292): res_nsend: used send_dg 0 terrno: 110
12-08 00:36:12.456 I/resolv  (  292): doQuery: rcode=255, ancount=0, return value=-110
12-08 00:36:12.457 D/NetworkMonitor/100(  745): PROBE_HTTPS https://www.google.com/generate_204 Probe failed with exception java.net.UnknownHostException: Unable to resolve host "www.google.com": No address associated with hostname
12-08 00:36:12.458 D/NetworkMonitor/100(  745): PROBE_HTTP http://connectivitycheck.gstatic.com/generate_204 Probe failed with exception java.net.UnknownHostException: Unable to resolve host "connectivitycheck.gstatic.com": No address associated with hostname
12-08 00:36:12.461 D/NetworkMonitor/100(  745): isCaptivePortal: isSuccessful()=false isPortal()=false RedirectUrl=null isPartialConnectivity()=false Time=20101ms
12-08 00:36:12.464 D/ConnectivityService(  496): [100 CELLULAR] validation failed
12-08 00:36:14.136 I/resolv  (  292): res_nsend: used send_dg 0 terrno: 110
12-08 00:36:14.136 I/resolv  (  292): res_nsend: used send_dg 0 terrno: 110
12-08 00:36:14.903 I/resolv  (  292): res_nsend: used send_dg 0 terrno: 110
12-08 00:36:14.903 I/resolv  (  292): res_nsend: used send_dg 0 terrno: 110
12-08 00:36:15.875 I/DropBoxManagerService(  496): add tag=system_server_strictmode isTagEnabled=true flags=0x2
12-08 00:36:15.887 I/DropBoxManagerService(  496): add tag=system_server_strictmode isTagEnabled=true flags=0x2
12-08 00:36:15.888 I/DropBoxManagerService(  496): add tag=system_server_strictmode isTagEnabled=true flags=0x2
12-08 00:36:15.889 I/DropBoxManagerService(  496): add tag=system_server_strictmode isTagEnabled=true flags=0x2
12-08 00:36:15.889 I/DropBoxManagerService(  496): add tag=system_server_strictmode isTagEnabled=true flags=0x2
12-08 00:36:15.890 I/DropBoxManagerService(  496): add tag=system_server_strictmode isTagEnabled=true flags=0x2
12-08 00:36:15.891 I/DropBoxManagerService(  496): add tag=system_server_strictmode isTagEnabled=true flags=0x2
12-08 00:36:15.892 I/DropBoxManagerService(  496): add tag=system_server_strictmode isTagEnabled=true flags=0x2
12-08 00:36:15.893 I/DropBoxManagerService(  496): add tag=system_server_strictmode isTagEnabled=true flags=0x2
12-08 00:36:15.894 I/DropBoxManagerService(  496): add tag=system_server_strictmode isTagEnabled=true flags=0x2
12-08 00:36:16.069 I/resolv  (  292): res_nsend: used send_dg 0 terrno: 110
12-08 00:36:16.070 I/resolv  (  292): res_nsend: used send_dg 0 terrno: 110
12-08 00:36:16.308 I/resolv  (  292): res_nsend: used send_dg 0 terrno: 110
12-08 00:36:16.317 I/resolv  (  292): res_nsend: used send_dg 0 terrno: 110
12-08 00:36:17.115 I/resolv  (  292): res_nsend: used send_dg 0 terrno: 110
12-08 00:36:17.118 I/resolv  (  292): res_nsend: used send_dg 0 terrno: 110
12-08 00:36:17.896 W/BroadcastQueue(  496): Background execution not allowed: receiving Intent { act=android.intent.action.DROPBOX_ENTRY_ADDED flg=0x10 (has extras) } to com.google.android.gms/.stats.service.DropBoxEntryAddedReceiver
12-08 00:36:17.896 W/BroadcastQueue(  496): Background execution not allowed: receiving Intent { act=android.intent.action.DROPBOX_ENTRY_ADDED flg=0x10 (has extras) } to com.google.android.gms/.chimera.GmsIntentOperationService$PersistentTrustedReceiver
12-08 00:36:17.961 D/OomAdjuster(  496): Not killing cached processes
12-08 00:36:18.123 I/resolv  (  292): GetAddrInfoHandler::run: {101 101 101 983141 10144 0}
12-08 00:36:18.126 I/resolv  (  292): res_nmkquery: (QUERY, IN, AAAA)
12-08 00:36:18.126 I/resolv  (  292): res_nmkquery: (QUERY, IN, A)
12-08 00:36:18.126 I/resolv  (  292): resolv_cache_lookup: Waiting for previous request
12-08 00:36:18.127 I/resolv  (  292): resolv_cache_lookup: Waiting for previous request
12-08 00:36:18.991 W/CCTBackstopTask( 1231): Backstop checks have failed.
12-08 00:36:19.143 I/resolv  (  292): res_nsend: used send_dg 0 terrno: 110
12-08 00:36:19.144 I/resolv  (  292): res_nsend: used send_dg 0 terrno: 110
12-08 00:36:19.171 I/resolv  (  292): GetAddrInfoHandler::run: {101 786533 101 983141 10109 0}
12-08 00:36:19.172 I/resolv  (  292): res_nmkquery: (QUERY, IN, A)
12-08 00:36:19.172 I/resolv  (  292): res_nmkquery: (QUERY, IN, AAAA)
12-08 00:36:19.173 I/resolv  (  292): res_stats_usable_server: too many resolution errors, ignoring server
12-08 00:36:19.173 I/resolv  (  292): res_stats_usable_server: too many resolution errors, ignoring server
12-08 00:36:19.175 I/resolv  (  292): res_stats_usable_server: too many resolution errors, ignoring server
12-08 00:36:19.175 I/resolv  (  292): res_stats_usable_server: too many resolution errors, ignoring server
12-08 00:36:19.908 I/resolv  (  292): res_nsend: used send_dg 0 terrno: 110
12-08 00:36:19.909 I/resolv  (  292): res_nsend: used send_dg 0 terrno: 110
12-08 00:36:20.916 I/resolv  (  292): GetAddrInfoHandler::run: {101 786533 101 983141 10112 0}
12-08 00:36:20.917 I/resolv  (  292): res_nmkquery: (QUERY, IN, AAAA)
12-08 00:36:20.917 I/resolv  (  292): res_nmkquery: (QUERY, IN, A)
12-08 00:36:20.917 I/resolv  (  292): resolv_cache_lookup: Waiting for previous request
12-08 00:36:20.918 I/resolv  (  292): resolv_cache_lookup: Waiting for previous request
12-08 00:36:21.071 I/resolv  (  292): res_nsend: used send_dg 0 terrno: 110
12-08 00:36:21.076 I/resolv  (  292): res_nsend: used send_dg 0 terrno: 110
12-08 00:36:21.317 I/resolv  (  292): res_nsend: used send_dg 0 terrno: 110
12-08 00:36:21.323 I/resolv  (  292): res_nsend: used send_dg 0 terrno: 110
12-08 00:36:22.121 I/resolv  (  292): res_nsend: used send_dg 0 terrno: 110
12-08 00:36:22.123 I/resolv  (  292): res_nsend: used send_dg 0 terrno: 110
12-08 00:36:24.064 I/resolv  (  292): GetAddrInfoHandler::run: {101 786533 101 983141 10109 0}
12-08 00:36:24.068 I/resolv  (  292): res_nmkquery: (QUERY, IN, AAAA)
12-08 00:36:24.070 I/resolv  (  292): res_stats_usable_server: too many resolution errors, ignoring server
12-08 00:36:24.070 I/resolv  (  292): res_stats_usable_server: too many resolution errors, ignoring server
12-08 00:36:24.072 I/resolv  (  292): res_nmkquery: (QUERY, IN, A)
12-08 00:36:24.076 I/resolv  (  292): res_stats_usable_server: too many resolution errors, ignoring server
12-08 00:36:24.076 I/resolv  (  292): res_stats_usable_server: too many resolution errors, ignoring server
12-08 00:36:24.150 I/resolv  (  292): res_nsend: used send_dg 0 terrno: 110
12-08 00:36:24.150 I/resolv  (  292): doQuery: rcode=255, ancount=0, return value=-110
12-08 00:36:24.150 I/resolv  (  292): res_nsend: used send_dg 0 terrno: 110
12-08 00:36:24.150 I/resolv  (  292): doQuery: rcode=255, ancount=0, return value=-110
12-08 00:36:24.180 I/resolv  (  292): res_nsend: used send_dg 0 terrno: 110
12-08 00:36:24.183 I/resolv  (  292): res_nsend: used send_dg 0 terrno: 110
12-08 00:36:24.915 I/resolv  (  292): res_nsend: used send_dg 0 terrno: 110
12-08 00:36:24.915 I/resolv  (  292): res_nsend: used send_dg 0 terrno: 110
12-08 00:36:25.004 D/OomAdjuster(  496): Not killing cached processes
12-08 00:36:25.104 D/BoundBrokerSvc( 1557): onUnbind: Intent { act=com.google.android.mobstore.service.START pkg=com.google.android.gms }
12-08 00:36:25.202 I/resolv  (  292): GetAddrInfoHandler::run: {101 786533 101 983141 10109 0}
12-08 00:36:25.205 I/resolv  (  292): res_nmkquery: (QUERY, IN, AAAA)
12-08 00:36:25.205 I/resolv  (  292): resolv_cache_lookup: Waiting for previous request
12-08 00:36:25.206 I/resolv  (  292): res_nmkquery: (QUERY, IN, A)
12-08 00:36:25.206 I/resolv  (  292): resolv_cache_lookup: Waiting for previous request
12-08 00:36:25.398 D/BoundBrokerSvc( 1557): onUnbind: Intent { act=com.google.android.gms.chimera.container.moduleinstall.ModuleInstallService.START dat=chimera-action:/... cmp=com.google.android.gms/.chimera.GmsApiService }
12-08 00:36:25.446 D/BoundBrokerSvc( 1557): onUnbind: Intent { act=com.google.android.gms.credential.manager.service.firstparty.START dat=chimera-action:/... cmp=com.google.android.gms/.chimera.GmsApiService }
12-08 00:36:25.557 D/BoundBrokerSvc( 1557): onUnbind: Intent { act=com.google.android.gms.languageprofile.service.START pkg=com.google.android.gms }
12-08 00:36:26.072 I/resolv  (  292): res_nsend: used send_dg 0 terrno: 110
12-08 00:36:26.072 I/resolv  (  292): doQuery: rcode=255, ancount=0, return value=-110
12-08 00:36:26.076 D/BoundBrokerSvc( 1231): onUnbind: Intent { act=com.google.android.gms.auth.account.data.service.START pkg=com.google.android.gms }
12-08 00:36:26.081 I/resolv  (  292): res_nsend: used send_dg 0 terrno: 110
12-08 00:36:26.081 I/resolv  (  292): doQuery: rcode=255, ancount=0, return value=-110
12-08 00:36:26.127 I/resolv  (  292): GetAddrInfoHandler::run: {101 786533 101 983141 10109 0}
12-08 00:36:26.130 I/resolv  (  292): res_nmkquery: (QUERY, IN, A)
12-08 00:36:26.130 I/resolv  (  292): res_nmkquery: (QUERY, IN, AAAA)
12-08 00:36:26.131 I/resolv  (  292): res_stats_usable_server: too many resolution errors, ignoring server
12-08 00:36:26.131 I/resolv  (  292): res_stats_usable_server: too many resolution errors, ignoring server
12-08 00:36:26.133 I/resolv  (  292): res_stats_usable_server: too many resolution errors, ignoring server
12-08 00:36:26.133 I/resolv  (  292): res_stats_usable_server: too many resolution errors, ignoring server
12-08 00:36:26.327 I/resolv  (  292): res_nsend: used send_dg 0 terrno: 110
12-08 00:36:26.328 I/resolv  (  292): doQuery: rcode=255, ancount=0, return value=-110
12-08 00:36:26.329 I/resolv  (  292): res_nsend: used send_dg 0 terrno: 110
12-08 00:36:26.329 I/resolv  (  292): doQuery: rcode=255, ancount=0, return value=-110
12-08 00:36:26.336 W/enyb    ( 1231): [{0}] Failed to resolve name. status={1}
12-08 00:36:27.127 I/resolv  (  292): res_nsend: used send_dg 0 terrno: 110
12-08 00:36:27.127 I/resolv  (  292): res_nsend: used send_dg 0 terrno: 110
12-08 00:36:27.168 I/lowmemorykiller(  146): Kill 'com.android.keychain' (1503), uid 1000, oom_score_adj 999 to free 35060kB rss, 28720kB swap; reason: device is not responding
12-08 00:36:27.179 E/lowmemorykiller(  146): process_mrelease 1503 failed: No such process
12-08 00:36:27.336 I/ActivityManager(  496): Process com.android.keychain (pid 1503) has died: cch+99 CEM 
12-08 00:36:27.339 I/libprocessgroup(  496): Successfully killed process cgroup uid 1000 pid 1503 in 0ms
12-08 00:36:27.342 I/Zygote  (  293): Process 1503 exited due to signal 9 (Killed)
12-08 00:36:27.482 I/AiAi    ( 1387): onTrimMemory() with level 15
12-08 00:36:27.578 I/ReactNativeJNI( 3806): Memory warning (pressure level: TRIM_MEMORY_RUNNING_CRITICAL) received by JS VM, running a GC
12-08 00:36:27.971 I/AppBase ( 1352): AppBase.onTrimMemory():497 onTrimMemory(): 15
12-08 00:36:28.006 W/m.android.shell( 3346): Long monitor contention with owner binder:3346_3 (3361) at boolean android.os.MessageQueue.enqueueMessage(android.os.Message, long)(MessageQueue.java:600) waiters=0 in android.os.Message android.os.MessageQueue.next() for 295ms
12-08 00:36:28.126 I/GoogleInputMethodService( 1352): GoogleInputMethodService.onTrimMemory():4406 onTrimMemory(): 15
12-08 00:36:28.229 W/Bugle   ( 2387): TextClassifierLibManagerImpl: Reclaiming memory at level: 40
12-08 00:36:29.078 I/resolv  (  292): res_nsend: used send_dg 0 terrno: 110
12-08 00:36:29.079 I/resolv  (  292): res_nsend: used send_dg 0 terrno: 110
12-08 00:36:29.187 I/resolv  (  292): res_nsend: used send_dg 0 terrno: 110
12-08 00:36:29.187 I/resolv  (  292): res_nsend: used send_dg 0 terrno: 110
12-08 00:36:29.421 D/BoundBrokerSvc( 1557): onUnbind: Intent { act=com.google.android.gms.asterism.service.START pkg=com.google.android.gms }
12-08 00:36:29.917 I/resolv  (  292): res_nsend: used send_dg 0 terrno: 110
12-08 00:36:29.918 I/resolv  (  292): doQuery: rcode=255, ancount=0, return value=-110
12-08 00:36:29.919 I/resolv  (  292): res_stats_usable_server: too many resolution errors, ignoring server
12-08 00:36:29.919 I/resolv  (  292): res_stats_usable_server: too many resolution errors, ignoring server
12-08 00:36:29.919 I/resolv  (  292): res_nsend: used send_dg 0 terrno: 110
12-08 00:36:29.919 I/resolv  (  292): doQuery: rcode=255, ancount=0, return value=-110
12-08 00:36:29.921 I/resolv  (  292): res_stats_usable_server: too many resolution errors, ignoring server
12-08 00:36:29.921 I/resolv  (  292): res_stats_usable_server: too many resolution errors, ignoring server
12-08 00:36:29.923 I/resolv  (  292): res_stats_usable_server: too many resolution errors, ignoring server
12-08 00:36:29.923 I/resolv  (  292): res_stats_usable_server: too many resolution errors, ignoring server
12-08 00:36:29.924 I/resolv  (  292): res_stats_usable_server: too many resolution errors, ignoring server
12-08 00:36:29.924 I/resolv  (  292): res_stats_usable_server: too many resolution errors, ignoring server
12-08 00:36:29.950 E/FirebaseInstanceId( 1756): Failed to get FIS auth token
12-08 00:36:29.950 E/FirebaseInstanceId( 1756): java.util.concurrent.ExecutionException: aljg: Firebase Installations Service is unavailable. Please try again later.
12-08 00:36:29.950 E/FirebaseInstanceId( 1756): 	at ppz.f(PG:5)
12-08 00:36:29.950 E/FirebaseInstanceId( 1756): 	at ppz.d(PG:8)
12-08 00:36:29.950 E/FirebaseInstanceId( 1756): 	at aliq.a(PG:14)
12-08 00:36:29.950 E/FirebaseInstanceId( 1756): 	at alib.a(PG:15)
12-08 00:36:29.950 E/FirebaseInstanceId( 1756): 	at pov.run(PG:1)
12-08 00:36:29.950 E/FirebaseInstanceId( 1756): 	at java.util.concurrent.ThreadPoolExecutor.runWorker(ThreadPoolExecutor.java:1137)
12-08 00:36:29.950 E/FirebaseInstanceId( 1756): 	at java.util.concurrent.ThreadPoolExecutor$Worker.run(ThreadPoolExecutor.java:637)
12-08 00:36:29.950 E/FirebaseInstanceId( 1756): 	at nwf.run(PG:2)
12-08 00:36:29.950 E/FirebaseInstanceId( 1756): 	at java.lang.Thread.run(Thread.java:1012)
12-08 00:36:29.950 E/FirebaseInstanceId( 1756): Caused by: aljg: Firebase Installations Service is unavailable. Please try again later.
12-08 00:36:29.950 E/FirebaseInstanceId( 1756): 	at aljz.c(PG:42)
12-08 00:36:29.950 E/FirebaseInstanceId( 1756): 	at alja.run(PG:25)
12-08 00:36:29.950 E/FirebaseInstanceId( 1756): 	at java.util.concurrent.ThreadPoolExecutor.runWorker(ThreadPoolExecutor.java:1137)
12-08 00:36:29.950 E/FirebaseInstanceId( 1756): 	at java.util.concurrent.ThreadPoolExecutor$Worker.run(ThreadPoolExecutor.java:637)
12-08 00:36:29.950 E/FirebaseInstanceId( 1756): 	... 1 more
12-08 00:36:30.026 D/OomAdjuster(  496): Not killing cached processes
12-08 00:36:30.031 W/FirebaseInstanceId( 1756): Token retrieval failed: SERVICE_NOT_AVAILABLE. Will retry token retrieval
12-08 00:36:30.384 D/BtGatt.ScanManager(  746): regularScanTimeout - client scan time was too long
12-08 00:36:30.387 W/BtGatt.ScanManager(  746): Moving filtered scan client to downgraded scan (scannerId 1)
12-08 00:36:30.395 D/BtGatt.ScanManager(  746): configureRegularScanParams() - queue=2
12-08 00:36:30.463 I/bt_stack(  746): [INFO:le_scanning_manager.cc(154)] Scan in shim layer stopped
12-08 00:36:30.482 I/bluetooth(  746): packages/modules/Bluetooth/system/gd/hci/le_address_manager.cc:190 unregister_client: Client unregistered
12-08 00:36:30.482 I/bluetooth(  746): packages/modules/Bluetooth/system/gd/hci/le_address_manager.cc:194 unregister_client: Cancelled address rotation alarm
12-08 00:36:30.496 D/BtGatt.ScanManager(  746): Start gattClientScanNative with old scanMode 1 new scanMode 0 ( in MS: 1400 / 140, in scan unit: 2240 / 224 ) [ScanClient scanModeApp 1 scanModeUsed 0 [appScanStats com.google.uid.shared:10109]]
12-08 00:36:30.497 I/bt_stack(  746): [INFO:le_scanning_manager.cc(250)] SetScanParameters in shim layer
12-08 00:36:30.497 I/bt_stack(  746): [INFO:le_scanning_manager.cc(154)] Scan in shim layer started
12-08 00:36:30.523 I/bluetooth(  746): packages/modules/Bluetooth/system/gd/hci/le_scanning_manager.cc:659 stop_scan: Scanning already stopped, return!
12-08 00:36:30.523 D/BtGatt.GattService(  746): onScanParamSetupCompleted : 0
12-08 00:36:30.535 I/bluetooth(  746): packages/modules/Bluetooth/system/gd/hci/le_address_manager.cc:172 register_client: Scheduled address rotation for first client registered
12-08 00:36:30.535 I/bluetooth(  746): packages/modules/Bluetooth/system/gd/hci/le_address_manager.cc:175 register_client: Client registered
12-08 00:36:31.135 I/resolv  (  292): res_nsend: used send_dg 0 terrno: 110
12-08 00:36:31.138 I/resolv  (  292): res_nsend: used send_dg 0 terrno: 110
12-08 00:36:31.982 D/BoundBrokerSvc( 1557): onUnbind: Intent { act=com.google.android.gms.auth.key.retrieval.service.START dat=chimera-action:/... cmp=com.google.android.gms/.chimera.GmsApiService }
12-08 00:36:32.090 D/BoundBrokerSvc( 1231): onUnbind: Intent { act=com.google.android.gms.gmscompliance.service.START dat=chimera-action:/... cmp=com.google.android.gms/.chimera.PersistentBoundBrokerService }
12-08 00:36:32.133 I/resolv  (  292): res_nsend: used send_dg 0 terrno: 110
12-08 00:36:32.133 I/resolv  (  292): res_nsend: used send_dg 0 terrno: 110
12-08 00:36:32.133 I/resolv  (  292): doQuery: rcode=255, ancount=0, return value=-110
12-08 00:36:32.133 I/resolv  (  292): doQuery: rcode=255, ancount=0, return value=-110
12-08 00:36:34.089 I/resolv  (  292): res_nsend: used send_dg 0 terrno: 110
12-08 00:36:34.089 I/resolv  (  292): res_nsend: used send_dg 0 terrno: 110
12-08 00:36:34.194 I/resolv  (  292): res_nsend: used send_dg 0 terrno: 110
12-08 00:36:34.194 I/resolv  (  292): res_nsend: used send_dg 0 terrno: 110
12-08 00:36:34.926 I/resolv  (  292): res_nsend: used send_dg 0 terrno: 110
12-08 00:36:34.926 I/resolv  (  292): res_nsend: used send_dg 0 terrno: 110
12-08 00:36:34.926 I/resolv  (  292): res_nsend: used send_dg 0 terrno: 110
12-08 00:36:34.926 I/resolv  (  292): res_nsend: used send_dg 0 terrno: 110
12-08 00:36:36.147 I/resolv  (  292): res_nsend: used send_dg 0 terrno: 110
12-08 00:36:36.147 I/resolv  (  292): res_nsend: used send_dg 0 terrno: 110
12-08 00:36:36.298 D/OomAdjuster(  496): Not killing cached processes
12-08 00:36:37.241 I/resolv  (  292): GetAddrInfoHandler::run: {101 786533 101 983141 10109 0}
12-08 00:36:37.277 I/resolv  (  292): res_nmkquery: (QUERY, IN, AAAA)
12-08 00:36:37.278 I/resolv  (  292): res_nmkquery: (QUERY, IN, A)
12-08 00:36:37.278 I/resolv  (  292): resolv_cache_lookup: Waiting for previous request
12-08 00:36:37.281 I/resolv  (  292): resolv_cache_lookup: Waiting for previous request
12-08 00:36:38.020 D/TrafficStats(  745): tagSocket(5) with statsTag=0xffffff81, statsUid=-1
12-08 00:36:38.020 D/TrafficStats(  745): tagSocket(67) with statsTag=0xffffff81, statsUid=-1
12-08 00:36:38.029 D/TrafficStats(  745): tagSocket(5) with statsTag=0xffffff81, statsUid=-1
12-08 00:36:38.030 D/TrafficStats(  745): tagSocket(67) with statsTag=0xffffff81, statsUid=-1
12-08 00:36:38.033 I/resolv  (  292): ResNSendHandler::run: 0 / {101 983141 101 983141 1073 1}
12-08 00:36:38.033 I/resolv  (  292): res_stats_usable_server: too many resolution errors, ignoring server
12-08 00:36:38.033 I/resolv  (  292): res_stats_usable_server: too many resolution errors, ignoring server
12-08 00:36:38.033 I/resolv  (  292): ResNSendHandler::run: 0 / {101 983141 101 983141 1073 1}
12-08 00:36:38.033 I/resolv  (  292): res_stats_usable_server: too many resolution errors, ignoring server
12-08 00:36:38.033 I/resolv  (  292): res_stats_usable_server: too many resolution errors, ignoring server
12-08 00:36:38.036 I/resolv  (  292): ResNSendHandler::run: 0 / {101 983141 101 983141 1073 1}
12-08 00:36:38.037 I/resolv  (  292): ResNSendHandler::run: 0 / {101 983141 101 983141 1073 1}
12-08 00:36:38.037 I/resolv  (  292): res_stats_usable_server: too many resolution errors, ignoring server
12-08 00:36:38.037 I/resolv  (  292): res_stats_usable_server: too many resolution errors, ignoring server
12-08 00:36:38.037 I/resolv  (  292): res_stats_usable_server: too many resolution errors, ignoring server
12-08 00:36:38.038 I/resolv  (  292): res_stats_usable_server: too many resolution errors, ignoring server
12-08 00:36:39.096 I/resolv  (  292): res_nsend: used send_dg 0 terrno: 110
12-08 00:36:39.097 I/resolv  (  292): res_nsend: used send_dg 0 terrno: 110
12-08 00:36:39.201 I/resolv  (  292): res_nsend: used send_dg 0 terrno: 110
12-08 00:36:39.201 I/resolv  (  292): res_nsend: used send_dg 0 terrno: 110
12-08 00:36:39.201 I/resolv  (  292): doQuery: rcode=255, ancount=0, return value=-110
12-08 00:36:39.202 I/resolv  (  292): doQuery: rcode=255, ancount=0, return value=-110
12-08 00:36:39.202 I/resolv  (  292): res_stats_usable_server: too many resolution errors, ignoring server
12-08 00:36:39.202 I/resolv  (  292): res_stats_usable_server: too many resolution errors, ignoring server
12-08 00:36:39.203 I/resolv  (  292): res_stats_usable_server: too many resolution errors, ignoring server
12-08 00:36:39.203 I/resolv  (  292): res_stats_usable_server: too many resolution errors, ignoring server
12-08 00:36:39.208 I/resolv  (  292): res_stats_usable_server: too many resolution errors, ignoring server
12-08 00:36:39.208 I/resolv  (  292): res_stats_usable_server: too many resolution errors, ignoring server
12-08 00:36:39.208 I/resolv  (  292): res_stats_usable_server: too many resolution errors, ignoring server
12-08 00:36:39.208 I/resolv  (  292): res_stats_usable_server: too many resolution errors, ignoring server
12-08 00:36:39.225 I/resolv  (  292): GetAddrInfoHandler::run: {101 786533 101 983141 10109 0}
12-08 00:36:39.226 I/resolv  (  292): res_nmkquery: (QUERY, IN, AAAA)
12-08 00:36:39.226 I/resolv  (  292): res_stats_usable_server: too many resolution errors, ignoring server
12-08 00:36:39.226 I/resolv  (  292): res_stats_usable_server: too many resolution errors, ignoring server
12-08 00:36:39.226 I/resolv  (  292): res_nmkquery: (QUERY, IN, A)
12-08 00:36:39.228 I/resolv  (  292): res_stats_usable_server: too many resolution errors, ignoring server
12-08 00:36:39.228 I/resolv  (  292): res_stats_usable_server: too many resolution errors, ignoring server
12-08 00:36:39.932 I/resolv  (  292): res_nsend: used send_dg 0 terrno: 110
12-08 00:36:39.933 I/resolv  (  292): res_nsend: used send_dg 0 terrno: 110
12-08 00:36:39.934 I/resolv  (  292): res_nsend: used send_dg 0 terrno: 110
12-08 00:36:39.935 I/resolv  (  292): res_nsend: used send_dg 0 terrno: 110
12-08 00:36:41.031 I/resolv  (  292): GetAddrInfoHandler::run: {101 983141 101 983141 1073 1}
12-08 00:36:41.039 I/resolv  (  292): res_nmkquery: (QUERY, IN, AAAA)
12-08 00:36:41.039 I/resolv  (  292): res_nmkquery: (QUERY, IN, A)
12-08 00:36:41.040 I/resolv  (  292): resolv_cache_lookup: Waiting for previous request
12-08 00:36:41.040 I/resolv  (  292): resolv_cache_lookup: Waiting for previous request
12-08 00:36:41.159 I/resolv  (  292): res_nsend: used send_dg 0 terrno: 110
12-08 00:36:41.161 I/resolv  (  292): res_nsend: used send_dg 0 terrno: 110
12-08 00:36:41.299 D/WifiNl80211Manager(  496): Scan result ready event
12-08 00:36:41.300 D/WifiNative(  496): Scan result ready event
12-08 00:36:42.796 D/OomAdjuster(  496): Not killing cached processes
12-08 00:36:43.039 I/resolv  (  292): res_nsend: used send_dg 0 terrno: 110
12-08 00:36:43.039 I/resolv  (  292): res_nsend: used send_dg 0 terrno: 110
12-08 00:36:43.039 I/resolv  (  292): res_nsend: used send_dg 0 terrno: 110
12-08 00:36:43.043 I/resolv  (  292): res_nsend: used send_dg 0 terrno: 110
12-08 00:36:44.102 I/resolv  (  292): res_nsend: used send_dg 0 terrno: 110
12-08 00:36:44.102 I/resolv  (  292): doQuery: rcode=255, ancount=0, return value=-110
12-08 00:36:44.102 I/resolv  (  292): res_nsend: used send_dg 0 terrno: 110
12-08 00:36:44.103 I/resolv  (  292): doQuery: rcode=255, ancount=0, return value=-110
12-08 00:36:44.210 I/resolv  (  292): res_nsend: used send_dg 0 terrno: 110
12-08 00:36:44.210 I/resolv  (  292): res_nsend: used send_dg 0 terrno: 110
12-08 00:36:44.210 I/resolv  (  292): res_nsend: used send_dg 0 terrno: 110
12-08 00:36:44.210 I/resolv  (  292): res_nsend: used send_dg 0 terrno: 110
12-08 00:36:44.235 I/resolv  (  292): res_nsend: used send_dg 0 terrno: 110
12-08 00:36:44.235 I/resolv  (  292): res_nsend: used send_dg 0 terrno: 110
12-08 00:36:44.935 I/resolv  (  292): res_nsend: used send_dg 0 terrno: 110
12-08 00:36:44.938 I/resolv  (  292): res_nsend: used send_dg 0 terrno: 110
12-08 00:36:44.938 I/resolv  (  292): res_nsend: used send_dg 0 terrno: 110
12-08 00:36:44.939 I/resolv  (  292): res_nsend: used send_dg 0 terrno: 110
12-08 00:36:45.233 I/resolv  (  292): GetAddrInfoHandler::run: {101 786533 101 983141 10109 0}
12-08 00:36:45.237 I/resolv  (  292): res_nmkquery: (QUERY, IN, AAAA)
12-08 00:36:45.237 I/resolv  (  292): resolv_cache_lookup: Waiting for previous request
12-08 00:36:45.238 I/resolv  (  292): res_nmkquery: (QUERY, IN, A)
12-08 00:36:45.239 I/resolv  (  292): resolv_cache_lookup: Waiting for previous request
12-08 00:36:45.399 I/om.sih.rockfall( 3806): Background young concurrent copying GC freed 253897(8103KB) AllocSpace objects, 1(20KB) LOS objects, 47% free, 8974KB/16MB, paused 1.335ms,8us total 259.846ms
12-08 00:36:46.168 I/resolv  (  292): res_nsend: used send_dg 0 terrno: 110
12-08 00:36:46.168 I/resolv  (  292): res_nsend: used send_dg 0 terrno: 110
12-08 00:36:46.168 I/resolv  (  292): doQuery: rcode=255, ancount=0, return value=-110
12-08 00:36:46.168 I/resolv  (  292): doQuery: rcode=255, ancount=0, return value=-110
12-08 00:36:46.432 I/resolv  (  292): GetAddrInfoHandler::run: {101 786533 101 983141 10109 0}
12-08 00:36:46.435 I/resolv  (  292): res_nmkquery: (QUERY, IN, AAAA)
12-08 00:36:46.435 I/resolv  (  292): res_nmkquery: (QUERY, IN, A)
12-08 00:36:46.437 I/resolv  (  292): res_stats_usable_server: too many resolution errors, ignoring server
12-08 00:36:46.437 I/resolv  (  292): res_stats_usable_server: too many resolution errors, ignoring server
12-08 00:36:46.438 I/resolv  (  292): res_stats_usable_server: too many resolution errors, ignoring server
12-08 00:36:46.438 I/resolv  (  292): res_stats_usable_server: too many resolution errors, ignoring server
12-08 00:36:46.546 D/BoundBrokerSvc( 1231): onUnbind: Intent { act=com.google.android.gms.semanticlocation.service.START_ODLH pkg=com.google.android.gms }
12-08 00:36:47.009 D/BoundBrokerSvc( 1557): onUnbind: Intent { act=com.google.android.gms.wallet.service.BIND pkg=com.google.android.gms }
12-08 00:36:47.032 D/BoundBrokerSvc( 1557): onUnbind: Intent { act=com.google.android.gms.pay.service.BIND dat=chimera-action:/... cmp=com.google.android.gms/.chimera.GmsApiService }
12-08 00:36:47.592 D/BoundBrokerSvc( 1231): onUnbind: Intent { act=com.google.android.gms.phenotype.service.START pkg=com.google.android.gms }
12-08 00:36:48.045 I/resolv  (  292): res_nsend: used send_dg 0 terrno: 110
12-08 00:36:48.045 I/resolv  (  292): res_nsend: used send_dg 0 terrno: 110
12-08 00:36:48.046 I/resolv  (  292): res_nsend: used send_dg 0 terrno: 110
12-08 00:36:48.047 I/resolv  (  292): res_nsend: used send_dg 0 terrno: 110
12-08 00:36:48.068 W/FirebaseInstanceId( 1852): Token retrieval failed: SERVICE_NOT_AVAILABLE. Will retry token retrieval
12-08 00:36:49.217 I/resolv  (  292): res_nsend: used send_dg 0 terrno: 110
12-08 00:36:49.217 I/resolv  (  292): res_nsend: used send_dg 0 terrno: 110
12-08 00:36:49.217 I/resolv  (  292): res_nsend: used send_dg 0 terrno: 110
12-08 00:36:49.218 I/resolv  (  292): res_nsend: used send_dg 0 terrno: 110
12-08 00:36:49.241 I/resolv  (  292): res_nsend: used send_dg 0 terrno: 110
12-08 00:36:49.241 I/resolv  (  292): res_nsend: used send_dg 0 terrno: 110
12-08 00:36:49.941 I/resolv  (  292): res_nsend: used send_dg 0 terrno: 110
12-08 00:36:49.942 I/resolv  (  292): res_nsend: used send_dg 0 terrno: 110
12-08 00:36:49.943 I/resolv  (  292): doQuery: rcode=255, ancount=0, return value=-110
12-08 00:36:49.943 I/resolv  (  292): res_nsend: used send_dg 0 terrno: 110
12-08 00:36:49.944 I/resolv  (  292): doQuery: rcode=255, ancount=0, return value=-110
12-08 00:36:49.945 I/resolv  (  292): doQuery: rcode=255, ancount=0, return value=-110
12-08 00:36:49.945 I/resolv  (  292): res_nsend: used send_dg 0 terrno: 110
12-08 00:36:49.945 I/resolv  (  292): doQuery: rcode=255, ancount=0, return value=-110
12-08 00:36:50.018 E/FirebaseInstanceId( 2387): Failed to get FIS auth token
12-08 00:36:50.018 E/FirebaseInstanceId( 2387): java.util.concurrent.ExecutionException: cglf: Firebase Installations Service is unavailable. Please try again later.
12-08 00:36:50.018 E/FirebaseInstanceId( 2387): 	at bdws.h(PG:5)
12-08 00:36:50.018 E/FirebaseInstanceId( 2387): 	at bdws.f(PG:7)
12-08 00:36:50.018 E/FirebaseInstanceId( 2387): 	at cgkp.a(PG:18)
12-08 00:36:50.018 E/FirebaseInstanceId( 2387): 	at cgka.a(PG:2)
12-08 00:36:50.018 E/FirebaseInstanceId( 2387): 	at bdvi.run(PG:1)
12-08 00:36:50.018 E/FirebaseInstanceId( 2387): 	at java.util.concurrent.ThreadPoolExecutor.runWorker(ThreadPoolExecutor.java:1137)
12-08 00:36:50.018 E/FirebaseInstanceId( 2387): 	at java.util.concurrent.ThreadPoolExecutor$Worker.run(ThreadPoolExecutor.java:637)
12-08 00:36:50.018 E/FirebaseInstanceId( 2387): 	at bckx.run(PG:2)
12-08 00:36:50.018 E/FirebaseInstanceId( 2387): 	at java.lang.Thread.run(Thread.java:1012)
12-08 00:36:50.018 E/FirebaseInstanceId( 2387): Caused by: cglf: Firebase Installations Service is unavailable. Please try again later.
12-08 00:36:50.018 E/FirebaseInstanceId( 2387): 	at cgly.c(PG:42)
12-08 00:36:50.018 E/FirebaseInstanceId( 2387): 	at cgkz.run(PG:25)
12-08 00:36:50.018 E/FirebaseInstanceId( 2387): 	at java.util.concurrent.ThreadPoolExecutor.runWorker(ThreadPoolExecutor.java:1137)
12-08 00:36:50.018 E/FirebaseInstanceId( 2387): 	at java.util.concurrent.ThreadPoolExecutor$Worker.run(ThreadPoolExecutor.java:637)
12-08 00:36:50.018 E/FirebaseInstanceId( 2387): 	... 1 more
12-08 00:36:50.021 E/FirebaseInstanceId( 1852): Failed to get FIS auth token
12-08 00:36:50.021 E/FirebaseInstanceId( 1852): java.util.concurrent.ExecutionException: alxt: Firebase Installations Service is unavailable. Please try again later.
12-08 00:36:50.021 E/FirebaseInstanceId( 1852): 	at ppu.x(PG:32)
12-08 00:36:50.021 E/FirebaseInstanceId( 1852): 	at ppu.g(PG:31)
12-08 00:36:50.021 E/FirebaseInstanceId( 1852): 	at alxh.a(PG:107)
12-08 00:36:50.021 E/FirebaseInstanceId( 1852): 	at amjc.d(PG:44)
12-08 00:36:50.021 E/FirebaseInstanceId( 1852): 	at alxf.a(PG:43)
12-08 00:36:50.021 E/FirebaseInstanceId( 1852): 	at pid.run(PG:1730)
12-08 00:36:50.021 E/FirebaseInstanceId( 1852): 	at java.util.concurrent.ThreadPoolExecutor.runWorker(ThreadPoolExecutor.java:1137)
12-08 00:36:50.021 E/FirebaseInstanceId( 1852): 	at java.util.concurrent.ThreadPoolExecutor$Worker.run(ThreadPoolExecutor.java:637)
12-08 00:36:50.021 E/FirebaseInstanceId( 1852): 	at ovw.run(PG:39)
12-08 00:36:50.021 E/FirebaseInstanceId( 1852): 	at java.lang.Thread.run(Thread.java:1012)
12-08 00:36:50.021 E/FirebaseInstanceId( 1852): Caused by: alxt: Firebase Installations Service is unavailable. Please try again later.
12-08 00:36:50.021 E/FirebaseInstanceId( 1852): 	at alyf.c(PG:286)
12-08 00:36:50.021 E/FirebaseInstanceId( 1852): 	at alxq.run(PG:64)
12-08 00:36:50.021 E/FirebaseInstanceId( 1852): 	at java.util.concurrent.ThreadPoolExecutor.runWorker(ThreadPoolExecutor.java:1137)
12-08 00:36:50.021 E/FirebaseInstanceId( 1852): 	at java.util.concurrent.ThreadPoolExecutor$Worker.run(ThreadPoolExecutor.java:637)
12-08 00:36:50.021 E/FirebaseInstanceId( 1852): 	... 1 more
12-08 00:36:50.061 D/OomAdjuster(  496): Not killing cached processes
12-08 00:36:50.090 W/FirebaseInstanceId( 2387): Token retrieval failed: SERVICE_NOT_AVAILABLE. Will retry token retrieval
12-08 00:36:50.540 D/NetworkMonitor/101(  745): PROBE_DNS www.google.com 12522ms FAIL in type ADDRCONFIG Timeout
12-08 00:36:50.540 D/NetworkMonitor/101(  745): PROBE_DNS connectivitycheck.gstatic.com 12522ms FAIL in type ADDRCONFIG Timeout
12-08 00:36:50.555 I/resolv  (  292): GetAddrInfoHandler::run: {101 983141 101 983141 1073 1}
12-08 00:36:50.555 I/resolv  (  292): GetAddrInfoHandler::run: {101 983141 101 983141 1073 1}
12-08 00:36:50.560 I/resolv  (  292): res_nmkquery: (QUERY, IN, AAAA)
