12-08 00:40:52.472 W/system_server(  496): Long monitor contention with owner binder:496_6 (824) at void com.android.server.am.ActivityManagerService.serviceDoneExecuting(android.os.IBinder, int, int, int)(ActivityManagerService.java:12817) waiters=0 in void com.android.server.am.AppProfiler$BgHandler.handleMessage(android.os.Message) for 1.748s
12-08 00:40:52.496 W/system_server(  496): Long monitor contention with owner binder:496_6 (824) at void com.android.server.am.ActivityManagerService.serviceDoneExecuting(android.os.IBinder, int, int, int)(ActivityManagerService.java:12817) waiters=1 in boolean com.android.server.am.ActivityManagerService.stopServiceToken(android.content.ComponentName, android.os.IBinder, int) for 1.844s
12-08 00:40:52.579 I/ChimeraConfigurator( 1557): Detected pending changes for urgent request: [vision.ocr]. Pending module sets: container:2318189190400+mlkit.ocr.common,tflite_dynamite:2439308015100400+tflite_dynamite,vision_ocr:2316024025100000+vision.ocr
12-08 00:40:52.597 E/WakeLock( 1231): GCM_HB_ALARM release without a matched acquire!
12-08 00:40:52.707 W/WakeLock( 1231): GCM_HB_ALARM counter does not exist
12-08 00:40:52.957 I/GmsDebugLogger( 1557): [73] 1801
12-08 00:40:53.146 W/ZappDownloader( 1557): No successful module downloads for requested features [vision.ocr].
12-08 00:40:53.192 I/GmsDebugLogger( 1557): [30] [VisionOcrDynamite.integ:231602402100000],[MlkitOcrCommon.optional:231818100400],[TfliteDynamiteDynamite.integ:243930801100400]
12-08 00:40:53.288 W/ChimeraConfigService( 1557): Retry attempt was throttled. [CONTEXT service_id=264 ]
12-08 00:40:53.288 I/GmsDebugLogger( 1557): [83] 1 [vision.ocr]
12-08 00:40:53.565 W/Vision  ( 1557): Request for optional module download of ocr failed. Request again.
12-08 00:40:53.693 W/Vision  ( 1557): Would have logged:
12-08 00:40:53.693 W/Vision  ( 1557): # dsae@37884fe7
12-08 00:40:53.741 I/Vision  ( 1557): Schedule retrying download ocr at 584667 with backoff 320 seconds
12-08 00:40:54.639 I/resolv  (  292): res_nsend: used send_dg 0 terrno: 110
12-08 00:40:54.639 I/resolv  (  292): res_nsend: used send_dg 0 terrno: 110
12-08 00:40:54.976 I/resolv  (  292): GetAddrInfoHandler::run: {100 786532 100 983140 10109 0}
12-08 00:40:54.983 I/resolv  (  292): res_nmkquery: (QUERY, IN, A)
12-08 00:40:54.998 I/resolv  (  292): res_stats_usable_server: too many resolution errors, ignoring server
12-08 00:40:55.012 I/resolv  (  292): res_nmkquery: (QUERY, IN, AAAA)
12-08 00:40:55.019 I/resolv  (  292): res_stats_usable_server: too many resolution errors, ignoring server
12-08 00:40:55.549 I/Choreographer(  691): Skipped 175 frames!  The application may be doing too much work on its main thread.
12-08 00:40:55.595 W/.gms.persistent( 1231): Long monitor contention with owner netscheduler-queue-handler (2606) at boolean byqm.handleMessage(android.os.Message)(:com.google.android.gms@231818044@23.18.18 (190400-535401451):8) waiters=0 in void byqp.a(byqm) for 490ms
12-08 00:40:55.671 I/resolv  (  292): res_nsend: used send_dg 0 terrno: 110
12-08 00:40:55.671 I/resolv  (  292): doQuery: rcode=255, ancount=0, return value=-110
12-08 00:40:55.671 I/resolv  (  292): res_nsend: used send_dg 0 terrno: 110
12-08 00:40:55.671 I/resolv  (  292): doQuery: rcode=255, ancount=0, return value=-110
12-08 00:40:55.672 I/resolv  (  292): res_stats_usable_server: too many resolution errors, ignoring server
12-08 00:40:55.678 I/resolv  (  292): res_stats_usable_server: too many resolution errors, ignoring server
12-08 00:40:55.785 I/binder  ( 2361): undelivered transaction 219999, process died.
12-08 00:40:55.987 W/MessengerIpcClient( 1557): Timing out request: 1
12-08 00:40:56.006 D/OomAdjuster(  496): Not killing cached processes
12-08 00:40:56.108 D/ConnectivityService(  496): releasing NetworkRequest [ REQUEST id=121, [ Capabilities: INTERNET&NOT_RESTRICTED&TRUSTED&NOT_VCN_MANAGED Uid: 10112 RequestorUid: 10112 RequestorPkg: com.google.android.apps.messaging UnderlyingNetworks: Null] ] (release request)
12-08 00:40:56.120 W/GCM-GMS ( 1557): Failed to get direct boot token: java.io.IOException: SERVICE_NOT_AVAILABLE
12-08 00:40:56.162 I/ActivityManager(  496): Process com.google.android.apps.messaging (pid 2387) has died: cch+5 CEM 
12-08 00:40:56.160 I/Zygote  (  293): Process 2387 exited due to signal 9 (Killed)
12-08 00:40:56.914 I/RescueParty(  496): Starting to observe: [android], updated namespace: wifi
12-08 00:40:56.957 I/NetworkScheduler.Stats( 1231): Task com.google.android.gms/com.google.android.gms.tapandpay.gcmtask.TapAndPayGcmTaskService finished executing. cause:4 result: 3 elapsed_millis: 34423 uptime_millis: 34423 exec_start_elapsed_seconds: 551 [CONTEXT service_id=218 ]
12-08 00:40:57.231 I/resolv  (  292): GetAddrInfoHandler::run: {100 786532 100 983140 10109 0}
12-08 00:40:57.272 I/resolv  (  292): res_nmkquery: (QUERY, IN, AAAA)
12-08 00:40:57.277 I/resolv  (  292): res_nmkquery: (QUERY, IN, A)
12-08 00:40:57.277 I/resolv  (  292): res_nsend: used send_dg 0 terrno: 110
12-08 00:40:57.285 I/resolv  (  292): res_nsend: used send_dg 0 terrno: 110
12-08 00:40:57.294 I/resolv  (  292): res_stats_usable_server: too many resolution errors, ignoring server
12-08 00:40:57.294 I/resolv  (  292): res_stats_usable_server: too many resolution errors, ignoring server
12-08 00:40:57.428 I/resolv  (  292): res_nsend: used send_dg 0 terrno: 110
12-08 00:40:57.529 I/resolv  (  292): res_nsend: used send_dg 0 terrno: 110
12-08 00:40:58.051 W/.gms.persistent( 1231): Long monitor contention with owner lowpool[5] (2424) at void byqp.a(byqm)(:com.google.android.gms@231818044@23.18.18 (190400-535401451):9) waiters=0 in boolean byqm.handleMessage(android.os.Message) for 1.870s
12-08 00:40:59.544 I/resolv  (  292): GetAddrInfoHandler::run: {100 100 100 983140 10138 0}
12-08 00:40:59.588 I/resolv  (  292): res_nmkquery: (QUERY, IN, AAAA)
12-08 00:40:59.588 I/resolv  (  292): resolv_cache_lookup: Waiting for previous request
12-08 00:40:59.597 I/resolv  (  292): res_nmkquery: (QUERY, IN, A)
12-08 00:40:59.597 I/resolv  (  292): resolv_cache_lookup: Waiting for previous request
12-08 00:40:59.646 I/resolv  (  292): res_nsend: used send_dg 0 terrno: 110
12-08 00:40:59.646 I/resolv  (  292): doQuery: rcode=255, ancount=0, return value=-110
12-08 00:40:59.647 I/resolv  (  292): res_nsend: used send_dg 0 terrno: 110
12-08 00:40:59.647 I/resolv  (  292): doQuery: rcode=255, ancount=0, return value=-110
12-08 00:41:00.004 I/resolv  (  292): res_nsend: used send_dg 0 terrno: 110
12-08 00:41:00.025 I/resolv  (  292): res_nsend: used send_dg 0 terrno: 110
12-08 00:41:00.150 E/WakeLock( 1231): GCM_CONN_ALARM ** IS FORCE-RELEASED ON TIMEOUT **
12-08 00:41:00.224 D/EGL_emulation(  691): app_time_stats: avg=19961.67ms min=18.56ms max=39904.77ms count=2
12-08 00:41:00.501 I/Choreographer(  691): Skipped 297 frames!  The application may be doing too much work on its main thread.
12-08 00:41:00.679 I/resolv  (  292): res_nsend: used send_dg 0 terrno: 110
12-08 00:41:00.683 I/resolv  (  292): res_nsend: used send_dg 0 terrno: 110
12-08 00:41:01.366 I/Choreographer(  691): Skipped 50 frames!  The application may be doing too much work on its main thread.
12-08 00:41:01.406 D/EGL_emulation(  691): app_time_stats: avg=336.13ms min=206.35ms max=465.91ms count=2
12-08 00:41:01.557 I/AiAi    ( 1387): onTrimMemory() with level 10
12-08 00:41:01.648 I/OpenGLRenderer(  691): Davey! duration=16497ms; Flags=0, FrameTimelineVsyncId=112435, IntendedVsync=574666512638, Vsync=575999845918, InputEventId=0, HandleInputStart=576052862022, AnimationStart=576052878647, PerformTraversalsStart=576052879564, DrawStart=585557129694, FrameDeadline=574683179304, FrameInterval=576004844522, FrameStartTime=16666666, SyncQueued=586092894277, SyncStart=586107710819, IssueDrawCommandsStart=586209887444, SwapBuffers=590566092363, FrameCompleted=591179200446, DequeueBufferDuration=53125, QueueBufferDuration=365392167, GpuCompleted=591172978196, SwapBuffersCompleted=591179200446, DisplayPresentTime=0, CommandSubmissionCompleted=590566092363, 
12-08 00:41:01.668 W/d.process.media( 2885): Long monitor contention with owner binder:2885_4 (3462) at boolean android.os.MessageQueue.enqueueMessage(android.os.Message, long)(MessageQueue.java:600) waiters=0 in android.os.Message android.os.MessageQueue.next() for 169ms
12-08 00:41:01.713 I/OpenGLRenderer(  691): Davey! duration=3779ms; Flags=0, FrameTimelineVsyncId=114199, IntendedVsync=583566512282, Vsync=586483178832, InputEventId=0, HandleInputStart=586499158111, AnimationStart=586499158777, PerformTraversalsStart=586499343819, DrawStart=586682561944, FrameDeadline=591199845310, FrameInterval=586492664152, FrameStartTime=16666666, SyncQueued=586688428652, SyncStart=591232275530, IssueDrawCommandsStart=591260940321, SwapBuffers=591330603655, FrameCompleted=591890339363, DequeueBufferDuration=503389375, QueueBufferDuration=7337625, GpuCompleted=591888727822, SwapBuffersCompleted=591890339363, DisplayPresentTime=0, CommandSubmissionCompleted=591330603655, 
12-08 00:41:01.719 I/OpenGLRenderer(  691): Davey! duration=5680ms; Flags=0, FrameTimelineVsyncId=115263, IntendedVsync=586499845498, Vsync=591449845300, InputEventId=0, HandleInputStart=591450939280, AnimationStart=591450940071, PerformTraversalsStart=591454706155, DrawStart=591455547405, FrameDeadline=591916511948, FrameInterval=591450558655, FrameStartTime=16666666, SyncQueued=591475556488, SyncStart=591916722947, IssueDrawCommandsStart=592236460530, SwapBuffers=592310388530, FrameCompleted=592621089364, DequeueBufferDuration=265749333, QueueBufferDuration=30370375, GpuCompleted=592354428822, SwapBuffersCompleted=592621089364, DisplayPresentTime=0, CommandSubmissionCompleted=592310388530, 
12-08 00:41:01.744 I/OpenGLRenderer(  691): Davey! duration=897ms; Flags=0, FrameTimelineVsyncId=115951, IntendedVsync=591466511966, Vsync=592299845266, InputEventId=0, HandleInputStart=592315187072, AnimationStart=592315187530, PerformTraversalsStart=592315187655, DrawStart=592315264030, FrameDeadline=592383178596, FrameInterval=592315069447, FrameStartTime=16666666, SyncQueued=592315916488, SyncStart=592621232447, IssueDrawCommandsStart=592643353280, SwapBuffers=592652670322, FrameCompleted=592669485989, DequeueBufferDuration=2625, QueueBufferDuration=628000, GpuCompleted=592669449447, SwapBuffersCompleted=592669485989, DisplayPresentTime=0, CommandSubmissionCompleted=592652670322, 
12-08 00:41:01.841 W/on.gearhead:car( 2245): Long monitor contention with owner binder:2245_2 (2262) at boolean android.os.MessageQueue.enqueueMessage(android.os.Message, long)(MessageQueue.java:600) waiters=0 in android.os.Message android.os.MessageQueue.next() for 104ms
12-08 00:41:02.290 I/resolv  (  292): res_nsend: used send_dg 0 terrno: 110
12-08 00:41:02.290 I/resolv  (  292): res_nsend: used send_dg 0 terrno: 110
12-08 00:41:02.290 I/resolv  (  292): doQuery: rcode=255, ancount=0, return value=-110
12-08 00:41:02.290 I/resolv  (  292): doQuery: rcode=255, ancount=0, return value=-110
12-08 00:41:02.299 I/resolv  (  292): res_nsend: used send_dg 0 terrno: 110
12-08 00:41:02.325 I/resolv  (  292): res_nsend: used send_dg 0 terrno: 110
12-08 00:41:02.441 I/resolv  (  292): res_nsend: used send_dg 0 terrno: 110
12-08 00:41:02.441 I/resolv  (  292): doQuery: rcode=255, ancount=0, return value=-110
12-08 00:41:02.442 I/resolv  (  292): res_stats_usable_server: too many resolution errors, ignoring server
12-08 00:41:02.458 W/.apps.wallpaper( 1897): Long monitor contention with owner binder:1897_3 (1929) at boolean android.os.MessageQueue.enqueueMessage(android.os.Message, long)(MessageQueue.java:600) waiters=0 in android.os.Message android.os.MessageQueue.next() for 232ms
12-08 00:41:02.535 I/resolv  (  292): res_nsend: used send_dg 0 terrno: 110
12-08 00:41:02.535 I/resolv  (  292): doQuery: rcode=255, ancount=0, return value=-110
12-08 00:41:02.538 I/resolv  (  292): res_stats_usable_server: too many resolution errors, ignoring server
12-08 00:41:02.624 W/.gms.persistent( 1231): Long monitor contention with owner netscheduler-queue-handler (2606) at boolean byqm.handleMessage(android.os.Message)(:com.google.android.gms@231818044@23.18.18 (190400-535401451):8) waiters=0 in void byqp.a(byqm) for 4.540s
12-08 00:41:02.695 I/resolv  (  292): GetAddrInfoHandler::run: {100 786532 100 983140 10109 0}
12-08 00:41:02.705 I/resolv  (  292): res_nmkquery: (QUERY, IN, AAAA)
12-08 00:41:02.705 I/resolv  (  292): res_stats_usable_server: too many resolution errors, ignoring server
12-08 00:41:02.716 I/resolv  (  292): res_nmkquery: (QUERY, IN, A)
12-08 00:41:02.720 I/resolv  (  292): res_stats_usable_server: too many resolution errors, ignoring server
12-08 00:41:02.800 W/Looper  (  496): Slow delivery took 6784ms android.ui h=com.android.server.am.ActivityManagerService$UiHandler c=null m=31
12-08 00:41:02.888 W/Looper  (  496): Slow delivery took 17455ms main h=android.os.Handler c=com.android.internal.os.BinderCallsStats$1@6be913d m=0
12-08 00:41:02.898 W/MessengerIpcClient( 4409): Received response for unknown request: 4
12-08 00:41:03.250 I/resolv  (  292): GetAddrInfoHandler::run: {100 786532 100 983140 10109 0}
12-08 00:41:03.256 I/crash_dump64( 5554): obtaining output fd from tombstoned, type: kDebuggerdNativeBacktrace
12-08 00:41:03.275 I/resolv  (  292): res_nmkquery: (QUERY, IN, AAAA)
12-08 00:41:03.276 I/resolv  (  292): res_nmkquery: (QUERY, IN, A)
12-08 00:41:03.276 I/resolv  (  292): resolv_cache_lookup: Waiting for previous request
12-08 00:41:03.279 I/tombstoned(  194): received crash request for pid 496
12-08 00:41:03.279 E/tombstoned(  194): failed to get crash output for type kDebuggerdNativeBacktrace
12-08 00:41:03.280 I/resolv  (  292): resolv_cache_lookup: Waiting for previous request
12-08 00:41:03.284 I/AppBase ( 1352): AppBase.onTrimMemory():497 onTrimMemory(): 10
12-08 00:41:03.287 E/libc    ( 5554): failed to read response to DumpRequest packet: No message of desired type
12-08 00:41:03.287 I/crash_dump64( 5554): performing dump of process 496 (target tid = 496)
12-08 00:41:03.343 I/GoogleInputMethodService( 1352): GoogleInputMethodService.onTrimMemory():4406 onTrimMemory(): 10
12-08 00:41:03.356 W/android.youtube( 1852): Suspending all threads took: 1.232s
12-08 00:41:03.627 I/libprocessgroup(  496): Successfully killed process cgroup uid 10112 pid 2387 in 52ms
12-08 00:41:03.720 W/Looper  (  496): Drained
12-08 00:41:03.766 I/ReactNativeJNI( 3806): Memory warning (pressure level: TRIM_MEMORY_RUNNING_LOW) received by JS VM, ignoring because it's non-severe
12-08 00:41:03.830 W/system_server(  496): Long monitor contention with owner binder:496_1B (2613) at void com.android.server.am.CachedAppOptimizer.unfreezeTemporarily(com.android.server.am.ProcessRecord, java.lang.String)(CachedAppOptimizer.java:1045) waiters=1 in int com.android.server.am.ActivityManagerService.getUidState(int) for 1.075s
12-08 00:41:03.858 W/system_server(  496): Long monitor contention with owner binder:496_1B (2613) at void com.android.server.am.CachedAppOptimizer.unfreezeTemporarily(com.android.server.am.ProcessRecord, java.lang.String)(CachedAppOptimizer.java:1045) waiters=2 in int com.android.server.am.ActivityManagerService.getUidState(int) for 873ms
12-08 00:41:03.881 I/resolv  (  292): GetAddrInfoHandler::run: {100 100 100 983140 10144 0}
12-08 00:41:03.898 I/resolv  (  292): res_nmkquery: (QUERY, IN, AAAA)
12-08 00:41:03.898 I/resolv  (  292): res_stats_usable_server: too many resolution errors, ignoring server
12-08 00:41:03.906 I/resolv  (  292): res_nmkquery: (QUERY, IN, A)
12-08 00:41:03.913 I/resolv  (  292): res_stats_usable_server: too many resolution errors, ignoring server
12-08 00:41:03.916 W/system_server(  496): Long monitor contention with owner binder:496_1B (2613) at void com.android.server.am.ActivityManagerService$AppDeathRecipient.binderDied()(ActivityManagerService.java:1479) waiters=4 in void com.android.server.am.AppProfiler$BgHandler.handleMessage(android.os.Message) for 947ms
12-08 00:41:03.927 W/system_server(  496): Long monitor contention with owner binder:496_1B (2613) at void com.android.server.am.ActivityManagerService$AppDeathRecipient.binderDied()(ActivityManagerService.java:1479) waiters=2 in int com.android.server.am.ActivityManagerService.broadcastIntentWithFeature(android.app.IApplicationThread, java.lang.String, android.content.Intent, java.lang.String, android.content.IIntentReceiver, int, java.lang.String, android.os.Bundle, java.lang.String[], java.lang.String[], java.lang.String[], int, android.os.Bundle, boolean, boolean, int) for 5.396s
12-08 00:41:03.931 W/Looper  (  496): Slow dispatch took 967ms main h=com.android.providers.settings.SettingsProvider$SettingsRegistry$MyHandler c=null m=1
12-08 00:41:03.995 I/PackageWatchdog(  496): Syncing state, reason: observing new packages
12-08 00:41:04.004 D/PackageWatchdog(  496): rescue-party-observer added the following packages to monitor [android]
12-08 00:41:04.004 I/PackageWatchdog(  496): Syncing state, reason: updated observers
12-08 00:41:04.004 I/PackageWatchdog(  496): Not pruning observers, elapsed time: 0ms
12-08 00:41:04.011 I/PackageWatchdog(  496): Saving observer state to file
12-08 00:41:04.033 W/system_server(  496): Long monitor contention with owner binder:496_1B (2613) at void com.android.server.am.ActivityManagerService$AppDeathRecipient.binderDied()(ActivityManagerService.java:1479) waiters=3 in void com.android.server.am.ActivityManagerService.unbindFinished(android.os.IBinder, android.content.Intent, boolean) for 3.852s
12-08 00:41:04.044 W/system_server(  496): Long monitor contention with owner binder:496_1B (2613) at void com.android.server.am.ActivityManagerService$AppDeathRecipient.binderDied()(ActivityManagerService.java:1479) waiters=0 in void com.android.server.am.ActivityManagerService.serviceDoneExecuting(android.os.IBinder, int, int, int) for 7.946s
12-08 00:41:04.047 W/system_server(  496): Long monitor contention with owner binder:496_1B (2613) at void com.android.server.am.ActivityManagerService$AppDeathRecipient.binderDied()(ActivityManagerService.java:1479) waiters=1 in boolean com.android.server.am.ActivityManagerService.unbindService(android.app.IServiceConnection) for 7.945s
12-08 00:41:04.173 W/Looper  (  496): Slow dispatch took 112ms main h=com.android.providers.settings.SettingsProvider$SettingsRegistry$MyHandler c=null m=1
12-08 00:41:04.316 D/OomAdjuster(  496): Not killing cached processes
12-08 00:41:04.618 W/system_server(  496): Long monitor contention with owner binder:496_6 (824) at boolean com.android.server.am.ActivityManagerService.unbindService(android.app.IServiceConnection)(ActivityManagerService.java:12781) waiters=2 in void com.android.server.am.ActivityManagerService.serviceDoneExecuting(android.os.IBinder, int, int, int) for 546ms
12-08 00:41:04.622 W/system_server(  496): Long monitor contention with owner binder:496_6 (824) at boolean com.android.server.am.ActivityManagerService.unbindService(android.app.IServiceConnection)(ActivityManagerService.java:12781) waiters=3 in int com.android.server.am.ActivityManagerService.broadcastIntentWithFeature(android.app.IApplicationThread, java.lang.String, android.content.Intent, java.lang.String, android.content.IIntentReceiver, int, java.lang.String, android.os.Bundle, java.lang.String[], java.lang.String[], java.lang.String[], int, android.os.Bundle, boolean, boolean, int) for 424ms
12-08 00:41:04.664 W/Looper  (  496): Slow dispatch took 468ms main h=com.android.server.alarm.AlarmManagerService$AlarmHandler c=com.android.server.alarm.AlarmManagerService$3$$ExternalSyntheticLambda0@15d92c7 m=0
12-08 00:41:04.691 I/PackageWatchdog(  496): Syncing health check requests for packages: {}
12-08 00:41:04.703 I/ExplicitHealthCheckController(  496): Service not ready to get health check supported packages. Binding...
12-08 00:41:04.903 I/ExplicitHealthCheckController(  496): Explicit health check service is bound
12-08 00:41:04.903 W/Looper  (  496): Slow dispatch took 212ms main h=android.os.Handler c=com.android.server.PackageWatchdog$$ExternalSyntheticLambda2@c7ab8b8 m=0
12-08 00:41:04.944 W/Looper  (  496): Drained
12-08 00:41:05.009 I/resolv  (  292): res_nsend: used send_dg 0 terrno: 110
12-08 00:41:05.009 I/resolv  (  292): doQuery: rcode=255, ancount=0, return value=-110
12-08 00:41:05.014 I/resolv  (  292): res_stats_usable_server: too many resolution errors, ignoring server
12-08 00:41:05.028 I/resolv  (  292): res_nsend: used send_dg 0 terrno: 110
12-08 00:41:05.029 I/resolv  (  292): doQuery: rcode=255, ancount=0, return value=-110
12-08 00:41:05.031 I/resolv  (  292): res_stats_usable_server: too many resolution errors, ignoring server
12-08 00:41:05.083 I/resolv  (  292): GetAddrInfoHandler::run: {100 786532 100 983140 10109 0}
12-08 00:41:05.099 I/resolv  (  292): res_nmkquery: (QUERY, IN, AAAA)
12-08 00:41:05.100 I/resolv  (  292): res_stats_usable_server: too many resolution errors, ignoring server
12-08 00:41:05.101 I/resolv  (  292): res_nmkquery: (QUERY, IN, A)
12-08 00:41:05.105 I/resolv  (  292): res_stats_usable_server: too many resolution errors, ignoring server
12-08 00:41:05.232 I/NetworkScheduler.Stats( 1231): Task com.google.android.gms/com.google.android.gms.gcm.gmsproc.GcmInGmsTaskService finished executing. cause:4 result: 3 elapsed_millis: 39169 uptime_millis: 39169 exec_start_elapsed_seconds: 554 [CONTEXT service_id=218 ]
12-08 00:41:05.260 I/ExplicitHealthCheckController(  496): Explicit health check service is connected ComponentInfo{com.google.android.ext.services/android.ext.services.watchdog.ExplicitHealthCheckServiceImpl}
12-08 00:41:05.266 I/ExplicitHealthCheckController(  496): Service initialized, syncing requests
12-08 00:41:05.266 I/PackageWatchdog(  496): Syncing health check requests for packages: {}
12-08 00:41:05.266 D/ExplicitHealthCheckController(  496): Getting health check supported packages
12-08 00:41:05.411 I/ExplicitHealthCheckController(  496): Explicit health check supported packages [PackageConfig{com.google.android.networkstack, 86400000}]
12-08 00:41:05.412 D/PackageWatchdog(  496): Received supported packages [PackageConfig{com.google.android.networkstack, 86400000}]
12-08 00:41:05.412 D/ExplicitHealthCheckController(  496): Getting health check requested packages
12-08 00:41:05.419 I/ExplicitHealthCheckController(  496): Explicit health check requested packages []
12-08 00:41:05.426 I/ExplicitHealthCheckController(  496): No more health check requests, unbinding...
12-08 00:41:05.436 I/ExplicitHealthCheckController(  496): Explicit health check service is unbound
12-08 00:41:05.689 I/resolv  (  292): res_nsend: used send_dg 0 terrno: 110
12-08 00:41:05.689 I/resolv  (  292): doQuery: rcode=255, ancount=0, return value=-110
12-08 00:41:05.699 I/resolv  (  292): res_nsend: used send_dg 0 terrno: 110
12-08 00:41:05.700 I/resolv  (  292): doQuery: rcode=255, ancount=0, return value=-110
12-08 00:41:05.833 I/sysrq   (  519): Show Blocked State
12-08 00:41:05.861 I/sysrq   (  519): Show backtrace of all active CPUs
12-08 00:41:05.861 I/sysrq   (  519): CPU1:
12-08 00:41:05.861 I/Call trace(  519):  
12-08 00:41:05.958 E/FirebaseInstanceId( 1756): Failed to get FIS auth token
12-08 00:41:05.958 E/FirebaseInstanceId( 1756): java.util.concurrent.ExecutionException: aljg: Firebase Installations Service is unavailable. Please try again later.
12-08 00:41:05.958 E/FirebaseInstanceId( 1756): 	at ppz.f(PG:5)
12-08 00:41:05.958 E/FirebaseInstanceId( 1756): 	at ppz.d(PG:8)
12-08 00:41:05.958 E/FirebaseInstanceId( 1756): 	at aliq.a(PG:14)
12-08 00:41:05.958 E/FirebaseInstanceId( 1756): 	at alib.a(PG:15)
12-08 00:41:05.958 E/FirebaseInstanceId( 1756): 	at pov.run(PG:1)
12-08 00:41:05.958 E/FirebaseInstanceId( 1756): 	at java.util.concurrent.ThreadPoolExecutor.runWorker(ThreadPoolExecutor.java:1137)
12-08 00:41:05.958 E/FirebaseInstanceId( 1756): 	at java.util.concurrent.ThreadPoolExecutor$Worker.run(ThreadPoolExecutor.java:637)
12-08 00:41:05.958 E/FirebaseInstanceId( 1756): 	at nwf.run(PG:2)
12-08 00:41:05.958 E/FirebaseInstanceId( 1756): 	at java.lang.Thread.run(Thread.java:1012)
12-08 00:41:05.958 E/FirebaseInstanceId( 1756): Caused by: aljg: Firebase Installations Service is unavailable. Please try again later.
12-08 00:41:05.958 E/FirebaseInstanceId( 1756): 	at aljz.c(PG:42)
12-08 00:41:05.958 E/FirebaseInstanceId( 1756): 	at alja.run(PG:25)
12-08 00:41:05.958 E/FirebaseInstanceId( 1756): 	at java.util.concurrent.ThreadPoolExecutor.runWorker(ThreadPoolExecutor.java:1137)
12-08 00:41:05.958 E/FirebaseInstanceId( 1756): 	at java.util.concurrent.ThreadPoolExecutor$Worker.run(ThreadPoolExecutor.java:637)
12-08 00:41:05.958 E/FirebaseInstanceId( 1756): 	... 1 more
12-08 00:41:05.861 I/        (  519): dump_backtrace.cfi_jt+0x0/0x8
12-08 00:41:05.910 I/        (  519): sysrq_handle_showallcpus+0x94/0x14c
12-08 00:41:05.959 I/        (  519): __handle_sysrq+0x124/0x25c
12-08 00:41:05.959 I/        (  519): write_sysrq_trigger+0x11c/0x198
12-08 00:41:05.959 I/        (  519): proc_reg_write+0x100/0x200
12-08 00:41:05.961 I/        (  519): vfs_write+0x170/0x40c
12-08 00:41:05.980 I/        (  519): ksys_write+0x7c/0xf0
12-08 00:41:05.980 I/        (  519): __arm64_sys_write+0x20/0x30
12-08 00:41:05.980 I/        (  519): invoke_syscall+0x60/0x150
12-08 00:41:05.981 I/        (  519): el0_svc_common+0x8c/0xf8
12-08 00:41:05.981 I/        (  519): do_el0_svc+0x28/0x98
12-08 00:41:05.981 I/        (  519): el0_svc+0x24/0x84
12-08 00:41:05.981 I/        (  519): el0t_64_sync_handler+0x88/0xec
12-08 00:41:05.981 I/        (  519): el0t_64_sync+0x1b8/0x1bc
12-08 00:41:05.982 I/[    C3] sysrq(    0): CPU3:
12-08 00:41:05.982 I/        (    0): [    C3] Call trace:
12-08 00:41:05.982 I/        (    0): [    C3]  dump_backtrace.cfi_jt+0x0/0x8
12-08 00:41:05.982 I/        (    0): [    C3]  showacpu+0x100/0x218
12-08 00:41:05.982 I/        (    0): [    C3]  flush_smp_call_function_queue+0x1f0/0x3a0
12-08 00:41:05.982 I/        (    0): [    C3]  do_handle_IPI+0xe0/0x324
12-08 00:41:05.982 I/        (    0): [    C3]  ipi_handler+0x20/0x34
12-08 00:41:05.982 I/        (    0): [    C3]  handle_percpu_devid_irq+0xc0/0x374
12-08 00:41:05.982 I/        (    0): [    C3]  handle_domain_irq+0xec/0x178
12-08 00:41:05.982 I/        (    0): [    C3]  gic_handle_irq+0x60/0x12c
12-08 00:41:05.992 I/        (    0): [    C3]  call_on_irq_stack+0x3c/0x70
12-08 00:41:05.992 I/        (    0): [    C3]  do_interrupt_handler+0x44/0xa0
12-08 00:41:05.992 I/        (    0): [    C3]  el1_interrupt+0x34/0x64
12-08 00:41:05.992 I/        (    0): [    C3]  el1h_64_irq_handler+0x1c/0x2c
12-08 00:41:05.992 I/        (    0): [    C3]  el1h_64_irq+0x7c/0x80
12-08 00:41:05.992 I/        (    0): [    C3]  clear_page+0x18/0x54
12-08 00:41:05.992 I/        (    0): [    C3]  post_alloc_hook+0xa4/0x190
12-08 00:41:05.992 I/        (    0): [    C3]  prep_new_page+0x2c/0x1ac
12-08 00:41:05.992 I/        (    0): [    C3]  get_page_from_freelist+0x2ac/0x304
12-08 00:41:05.992 I/        (    0): [    C3]  __alloc_pages+0xd8/0x274
12-08 00:41:05.992 I/        (    0): [    C3]  wp_page_copy+0xa4/0x10d8
12-08 00:41:05.992 I/        (    0): [    C3]  do_wp_page+0x498/0x65c
12-08 00:41:05.992 I/        (    0): [    C3]  handle_pte_fault+0x68/0x1f0
12-08 00:41:05.992 I/        (    0): [    C3]  __handle_mm_fault+0x368/0x6f0
12-08 00:41:05.992 I/        (    0): [    C3]  do_handle_mm_fault+0x15c/0x2c8
12-08 00:41:05.992 I/        (    0): [    C3]  do_page_fault+0x338/0x750
12-08 00:41:05.992 I/        (    0): [    C3]  do_mem_abort+0x68/0x148
12-08 00:41:05.992 I/        (    0): [    C3]  el0_da+0x3c/0xa0
12-08 00:41:05.992 I/        (    0): [    C3]  el0t_64_sync_handler+0xc4/0xec
12-08 00:41:05.992 I/        (    0): [    C3]  el0t_64_sync+0x1b8/0x1bc
12-08 00:41:05.992 I/[    C2] sysrq(    0): CPU2:
12-08 00:41:05.992 I/        (    0): [    C2] Call trace:
12-08 00:41:05.992 I/        (    0): [    C2]  dump_backtrace.cfi_jt+0x0/0x8
12-08 00:41:05.992 I/        (    0): [    C2]  showacpu+0x100/0x218
12-08 00:41:05.992 I/        (    0): [    C2]  flush_smp_call_function_queue+0x1f0/0x3a0
12-08 00:41:05.992 I/        (    0): [    C2]  do_handle_IPI+0xe0/0x324
12-08 00:41:05.992 I/        (    0): [    C2]  ipi_handler+0x20/0x34
12-08 00:41:05.992 I/        (    0): [    C2]  handle_percpu_devid_irq+0xc0/0x374
12-08 00:41:05.992 I/        (    0): [    C2]  handle_domain_irq+0xec/0x178
12-08 00:41:05.992 I/        (    0): [    C2]  gic_handle_irq+0x60/0x12c
12-08 00:41:05.992 I/        (    0): [    C2]  call_on_irq_stack+0x3c/0x70
12-08 00:41:05.992 I/        (    0): [    C2]  do_interrupt_handler+0x44/0xa0
12-08 00:41:05.992 I/        (    0): [    C2]  el1_interrupt+0x34/0x64
12-08 00:41:05.992 I/        (    0): [    C2]  el1h_64_irq_handler+0x1c/0x2c
12-08 00:41:05.992 I/        (    0): [    C2]  el1h_64_irq+0x7c/0x80
12-08 00:41:05.992 I/        (    0): [    C2]  clear_page+0x18/0x54
12-08 00:41:05.992 I/        (    0): [    C2]  post_alloc_hook+0xa4/0x190
12-08 00:41:05.992 I/        (    0): [    C2]  prep_new_page+0x2c/0x1ac
12-08 00:41:05.992 I/        (    0): [    C2]  get_page_from_freelist+0x2ac/0x304
12-08 00:41:05.992 I/        (    0): [    C2]  __alloc_pages+0xd8/0x274
12-08 00:41:05.992 I/        (    0): [    C2]  page_cache_ra_unbounded+0x1fc/0x3a0
12-08 00:41:05.992 I/        (    0): [    C2]  ondemand_readahead+0x320/0x578
12-08 00:41:05.992 I/        (    0): [    C2]  page_cache_async_ra+0xe4/0x178
12-08 00:41:05.992 I/        (    0): [    C2]  do_async_mmap_readahead+0x114/0x158
12-08 00:41:05.992 I/        (    0): [    C2]  filemap_fault+0x98/0x770
12-08 00:41:05.992 I/        (    0): [    C2]  __do_fault+0xcc/0x21c
12-08 00:41:05.992 I/        (    0): [    C2]  do_fault+0x70/0x504
12-08 00:41:05.992 I/        (    0): [    C2]  handle_pte_fault+0x80/0x1f0
12-08 00:41:05.992 I/        (    0): [    C2]  __handle_mm_fault+0x368/0x6f0
12-08 00:41:05.992 I/        (    0): [    C2]  do_handle_mm_fault+0x15c/0x2c8
12-08 00:41:05.992 I/        (    0): [    C2]  do_page_fault+0x580/0x750
12-08 00:41:05.992 I/        (    0): [    C2]  do_translation_fault+0x48/0x64
12-08 00:41:05.992 I/        (    0): [    C2]  do_mem_abort+0x68/0x148
12-08 00:41:05.992 I/        (    0): [    C2]  el0_da+0x3c/0xa0
12-08 00:41:05.992 I/        (    0): [    C2]  el0t_64_sync_handler+0xc4/0xec
12-08 00:41:05.992 I/        (    0): [    C2]  el0t_64_sync+0x1b8/0x1bc
12-08 00:41:05.992 I/[    C0] sysrq(    0): CPU0:
12-08 00:41:05.992 I/        (    0): [    C0] Call trace:
12-08 00:41:05.992 I/        (    0): [    C0]  dump_backtrace.cfi_jt+0x0/0x8
12-08 00:41:05.992 I/        (    0): [    C0]  showacpu+0x100/0x218
12-08 00:41:05.992 I/        (    0): [    C0]  flush_smp_call_function_queue+0x1f0/0x3a0
12-08 00:41:05.992 I/        (    0): [    C0]  do_handle_IPI+0xe0/0x324
12-08 00:41:05.992 I/        (    0): [    C0]  ipi_handler+0x20/0x34
12-08 00:41:05.992 I/        (    0): [    C0]  handle_percpu_devid_irq+0xc0/0x374
12-08 00:41:05.992 I/        (    0): [    C0]  handle_domain_irq+0xec/0x178
12-08 00:41:05.992 I/        (    0): [    C0]  gic_handle_irq+0x60/0x12c
12-08 00:41:05.992 I/        (    0): [    C0]  call_on_irq_stack+0x3c/0x70
12-08 00:41:05.992 I/        (    0): [    C0]  do_interrupt_handler+0x44/0xa0
12-08 00:41:05.992 I/        (    0): [    C0]  el0_interrupt+0x3c/0x118
12-08 00:41:05.992 I/        (    0): [    C0]  __el0_irq_handler_common+0x1c/0x2c
12-08 00:41:05.992 I/        (    0): [    C0]  el0t_64_irq_handler+0x14/0x24
12-08 00:41:05.992 I/        (    0): [    C0]  el0t_64_irq+0x1b8/0x1bc
12-08 00:41:06.070 W/.gms.persistent( 1231): Long monitor contention with owner lowpool[12] (2634) at void bytb.v(byps, byps, int)(:com.google.android.gms@231818044@23.18.18 (190400-535401451):2) waiters=0 in int bytb.l(bysm, aphn) for 618ms
12-08 00:41:06.315 I/DropBoxManagerService(  496): add tag=system_server_watchdog isTagEnabled=true flags=0x6
12-08 00:41:06.356 D/EGL_emulation(  691): app_time_stats: avg=2342.29ms min=48.43ms max=4636.14ms count=2
12-08 00:41:06.368 I/AiAiEcho( 1387): Predicting[0]: 
12-08 00:41:06.412 I/AiAiEcho( 1387): Ranked targets strategy: SORT, count: 0, ranking metadata: 
12-08 00:41:06.556 I/AiAiEcho( 1387): #postPredictionTargets: Sending updates to UISurface lockscreen with targets# 0
12-08 00:41:06.580 I/AiAiEcho( 1387): #postPredictionTargets: Sending updates to UISurface home with targets# 0
12-08 00:41:06.603 W/Watchdog(  496): *** WATCHDOG KILLING SYSTEM PROCESS: Blocked in monitor com.android.server.am.ActivityManagerService on foreground thread (android.fg), Blocked in handler on main thread (main), Blocked in handler on ActivityManager (ActivityManager)
12-08 00:41:06.624 I/AiAiEcho( 1387): #postPredictionTargets: Sending updates to UISurface media_data_manager with targets# 0
12-08 00:41:06.638 W/BroadcastQueue(  496): Background execution not allowed: receiving Intent { act=android.intent.action.DROPBOX_ENTRY_ADDED flg=0x10 (has extras) } to com.google.android.gms/.stats.service.DropBoxEntryAddedReceiver
12-08 00:41:06.640 W/BroadcastQueue(  496): Background execution not allowed: receiving Intent { act=android.intent.action.DROPBOX_ENTRY_ADDED flg=0x10 (has extras) } to com.google.android.gms/.chimera.GmsIntentOperationService$PersistentTrustedReceiver
12-08 00:41:06.943 D/SsMediaDataProvider(  691): Forwarding Smartspace updates []
12-08 00:41:06.983 W/Watchdog(  496): android.fg annotated stack trace:
12-08 00:41:07.032 W/Watchdog(  496):     at android.os.MessageQueue.nativePollOnce(Native Method)
12-08 00:41:07.033 W/Watchdog(  496):     at android.os.MessageQueue.next(MessageQueue.java:335)
12-08 00:41:07.033 W/Watchdog(  496):     at android.os.Looper.loopOnce(Looper.java:161)
12-08 00:41:07.033 W/Watchdog(  496):     at android.os.Looper.loop(Looper.java:288)
12-08 00:41:07.033 W/Watchdog(  496):     at android.os.HandlerThread.run(HandlerThread.java:67)
12-08 00:41:07.033 W/Watchdog(  496):     at com.android.server.ServiceThread.run(ServiceThread.java:44)
12-08 00:41:07.040 W/Watchdog(  496): main annotated stack trace:
12-08 00:41:07.040 W/Watchdog(  496):     at android.os.MessageQueue.nativePollOnce(Native Method)
12-08 00:41:07.040 W/Watchdog(  496):     at android.os.MessageQueue.next(MessageQueue.java:335)
12-08 00:41:07.040 W/Watchdog(  496):     at android.os.Looper.loopOnce(Looper.java:161)
12-08 00:41:07.040 W/Watchdog(  496):     at android.os.Looper.loop(Looper.java:288)
12-08 00:41:07.040 W/Watchdog(  496):     at com.android.server.SystemServer.run(SystemServer.java:962)
12-08 00:41:07.040 W/Watchdog(  496):     at com.android.server.SystemServer.main(SystemServer.java:647)
12-08 00:41:07.040 W/Watchdog(  496):     at java.lang.reflect.Method.invoke(Native Method)
12-08 00:41:07.040 W/Watchdog(  496):     at com.android.internal.os.RuntimeInit$MethodAndArgsCaller.run(RuntimeInit.java:548)
12-08 00:41:07.040 W/Watchdog(  496):     at com.android.internal.os.ZygoteInit.main(ZygoteInit.java:914)
12-08 00:41:07.041 W/Watchdog(  496): ActivityManager annotated stack trace:
12-08 00:41:07.041 W/Watchdog(  496):     at android.os.MessageQueue.nativePollOnce(Native Method)
12-08 00:41:07.041 W/Watchdog(  496):     at android.os.MessageQueue.next(MessageQueue.java:335)
12-08 00:41:07.041 W/Watchdog(  496):     at android.os.Looper.loopOnce(Looper.java:161)
12-08 00:41:07.041 W/Watchdog(  496):     at android.os.Looper.loop(Looper.java:288)
12-08 00:41:07.041 W/Watchdog(  496):     at android.os.HandlerThread.run(HandlerThread.java:67)
12-08 00:41:07.041 W/Watchdog(  496):     at com.android.server.ServiceThread.run(ServiceThread.java:44)
12-08 00:41:07.041 W/Watchdog(  496): *** GOODBYE!
12-08 00:41:07.305 I/resolv  (  292): res_nsend: used send_dg 0 terrno: 110
12-08 00:41:07.310 I/resolv  (  292): doQuery: rcode=255, ancount=0, return value=-110
12-08 00:41:07.333 I/resolv  (  292): res_nsend: used send_dg 0 terrno: 110
12-08 00:41:07.333 I/resolv  (  292): doQuery: rcode=255, ancount=0, return value=-110
12-08 00:41:07.458 I/resolv  (  292): res_nsend: used send_dg 0 terrno: 110
12-08 00:41:07.553 I/resolv  (  292): res_nsend: used send_dg 0 terrno: 110
12-08 00:41:07.618 E/WakeLock( 1231): GCM_HB_ALARM release without a matched acquire!
12-08 00:41:07.618 W/WakeLock( 1231): GCM_HB_ALARM counter does not exist
12-08 00:41:07.627 I/Process (  496): Sending signal. PID: 496 SIG: 9
12-08 00:41:07.630 I/AlarmManager( 1231): setExactAndAllowWhileIdle [name: GCM_CONN_ALARM type: 2 triggerAtMillis: 605649]
12-08 00:41:07.708 I/resolv  (  292): res_nsend: used send_dg 0 terrno: 110
12-08 00:41:07.726 I/resolv  (  292): res_nsend: used send_dg 0 terrno: 110
12-08 00:41:08.720 I/resolv  (  292): GetAddrInfoHandler::run: {100 786532 100 983140 10109 0}
12-08 00:41:08.731 I/resolv  (  292): res_nmkquery: (QUERY, IN, A)
12-08 00:41:08.745 I/resolv  (  292): res_nmkquery: (QUERY, IN, AAAA)
12-08 00:41:08.745 I/resolv  (  292): resolv_cache_lookup: Waiting for previous request
12-08 00:41:08.747 I/resolv  (  292): resolv_cache_lookup: Waiting for previous request
12-08 00:41:08.910 I/resolv  (  292): res_nsend: used send_dg 0 terrno: 110
12-08 00:41:08.934 I/resolv  (  292): res_nsend: used send_dg 0 terrno: 110
12-08 00:41:08.973 I/binder_alloc( 2304): 496: binder_alloc_buf, no vma
12-08 00:41:08.973 I/binder  ( 2304): 1756:2304 transaction failed 29189/-3, size 76-0 line 3371
12-08 00:41:09.237 I/adbd    (  357): adbd_auth: hit EOF on framework fd
12-08 00:41:09.243 I/adbd    (  357): adbd_auth: received new framework fd -1 (current = 34)
12-08 00:41:10.043 I/resolv  (  292): res_nsend: used send_dg 0 terrno: 110
12-08 00:41:10.047 I/resolv  (  292): res_nsend: used send_dg 0 terrno: 110
12-08 00:41:10.133 I/resolv  (  292): res_nsend: used send_dg 0 terrno: 110
12-08 00:41:10.145 I/resolv  (  292): res_nsend: used send_dg 0 terrno: 110
12-08 00:41:10.578 I/lowmemorykiller(  146): lmkd data connection dropped
12-08 00:41:10.580 I/lowmemorykiller(  146): closing lmkd data connection
12-08 00:41:10.637 I/.gms.persistent( 1231): Background young concurrent copying GC freed 256308(11MB) AllocSpace objects, 5(100KB) LOS objects, 41% free, 15MB/25MB, paused 102.028ms,3.525ms total 46.764s
12-08 00:41:11.433 D/android.hardware.wifi@1.0-service(  321): Dead callback removed from list
12-08 00:41:11.454 D/android.hardware.wifi@1.0-service(  321): Dead callback removed from list
12-08 00:41:11.482 D/android.hardware.wifi@1.0-service(  321): Dead callback removed from list
12-08 00:41:11.552 E/wpa_supplicant(  686): Client died. Terminating...
12-08 00:41:11.557 I/resolv  (  292): GetAddrInfoHandler::run: {100 786532 100 983140 10109 0}
12-08 00:41:11.562 E/netd    (  292): unlinkToDeath: removed reference to death recipient but unlink failed.
12-08 00:41:11.594 E/IPCThreadState(  292): attemptIncStrongHandle(6): Not supported
12-08 00:41:11.604 I/resolv  (  292): res_nmkquery: (QUERY, IN, AAAA)
12-08 00:41:11.606 I/resolv  (  292): resolv_cache_lookup: Waiting for previous request
12-08 00:41:11.622 I/resolv  (  292): res_nmkquery: (QUERY, IN, A)
12-08 00:41:11.622 I/resolv  (  292): resolv_cache_lookup: Waiting for previous request
12-08 00:41:11.634 W/Sensors ( 1231): sensorservice died [0xb40000742a41acf0]
12-08 00:41:11.641 W/Sensors (  691): sensorservice died [0xb40000742a41f1b0]
12-08 00:41:11.653 W/Sensors ( 3806): sensorservice died [0xb40000742a4223e0]
12-08 00:41:11.691 E/wpa_supplicant(  686): unlinkToDeath: removed reference to death recipient but unlink failed.
12-08 00:41:11.718 W/Sensors ( 3364): sensorservice died [0xb40000742a4210a0]
12-08 00:41:11.988 W/statsd  (  291): statscompanion service died
12-08 00:41:11.990 W/statsd  (  291): Reset statsd upon system server restarts.
12-08 00:41:12.084 I/wpa_supplicant(  686): p2p-dev-wlan0: CTRL-EVENT-DSCP-POLICY clear_all
12-08 00:41:12.099 E/IPCThreadState(  291): attemptIncStrongHandle(3): Not supported
12-08 00:41:12.114 E/IPCThreadState(  291): attemptIncStrongHandle(147): Not supported
12-08 00:41:12.504 I/resolv  (  292): res_nsend: used send_dg 0 terrno: 110
12-08 00:41:12.513 I/resolv  (  292): doQuery: rcode=255, ancount=0, return value=-110
12-08 00:41:12.556 I/resolv  (  292): res_nsend: used send_dg 0 terrno: 110
12-08 00:41:12.557 I/resolv  (  292): doQuery: rcode=255, ancount=0, return value=-110
12-08 00:41:12.561 E/resolv  (  292): reportDnsEvent: DNS event not sent since no INetdEventListener receiver is available.
12-08 00:41:12.579 I/wpa_supplicant(  686): p2p-dev-wlan0: CTRL-EVENT-DSCP-POLICY clear_all
12-08 00:41:12.649 I/wpa_supplicant(  686): nl80211: deinit ifname=p2p-dev-wlan0 disabled_11b_rates=0
12-08 00:41:12.717 I/resolv  (  292): res_nsend: used send_dg 0 terrno: 110
12-08 00:41:12.718 I/resolv  (  292): doQuery: rcode=255, ancount=0, return value=-110
12-08 00:41:12.720 I/resolv  (  292): res_stats_usable_server: too many resolution errors, ignoring server
12-08 00:41:12.731 I/resolv  (  292): res_nsend: used send_dg 0 terrno: 110
12-08 00:41:12.731 I/resolv  (  292): doQuery: rcode=255, ancount=0, return value=-110
12-08 00:41:12.737 I/resolv  (  292): res_stats_usable_server: too many resolution errors, ignoring server
12-08 00:41:12.737 E/resolv  (  292): reportDnsEvent: DNS event not sent since no INetdEventListener receiver is available.
12-08 00:41:12.898 W/Sensors ( 1231): sensorservice died [0xb40000742a41acf0]
12-08 00:41:12.949 W/Sensors ( 1078): sensorservice died [0xb40000742a420860]
12-08 00:41:12.974 W/Sensors ( 2862): sensorservice died [0xb40000742a423670]
12-08 00:41:13.026 E/Zygote  (  293): Zygote failed to write to system_server FD: Connection refused
12-08 00:41:13.026 I/Zygote  (  293): Process 496 exited due to signal 9 (Killed)
12-08 00:41:13.027 E/Zygote  (  293): Exit zygote because system server (pid 496) has terminated
12-08 00:41:13.052 W/Sensors ( 1387): sensorservice died [0xb40000742a420910]
12-08 00:41:13.150 W/AudioFlinger(  328): power manager service died !!!
12-08 00:41:13.172 W/AudioFlinger(  328): power manager service died !!!
12-08 00:41:13.780 I/wpa_supplicant(  686): p2p-dev-wlan0: CTRL-EVENT-TERMINATING 
12-08 00:41:13.792 I/CaptureStateNotifier(  328): Listener binder died
12-08 00:41:13.798 I/wpa_supplicant(  686): wlan0: CTRL-EVENT-DSCP-POLICY clear_all
12-08 00:41:13.917 I/resolv  (  292): res_nsend: used send_dg 0 terrno: 110
12-08 00:41:13.919 I/resolv  (  292): doQuery: rcode=255, ancount=0, return value=-110
12-08 00:41:13.940 I/resolv  (  292): res_nsend: used send_dg 0 terrno: 110
12-08 00:41:13.940 I/resolv  (  292): doQuery: rcode=255, ancount=0, return value=-110
12-08 00:41:13.941 E/resolv  (  292): reportDnsEvent: DNS event not sent since no INetdEventListener receiver is available.
12-08 00:41:15.053 I/resolv  (  292): res_nsend: used send_dg 0 terrno: 110
12-08 00:41:15.053 I/resolv  (  292): doQuery: rcode=255, ancount=0, return value=-110
12-08 00:41:15.054 I/resolv  (  292): res_stats_usable_server: too many resolution errors, ignoring server
12-08 00:41:15.064 I/resolv  (  292): res_nsend: used send_dg 0 terrno: 110
12-08 00:41:15.065 I/resolv  (  292): doQuery: rcode=255, ancount=0, return value=-110
12-08 00:41:15.068 D/vold    (  159): Aborting fuse connection entry /sys/fs/fuse/connections/75/abort
12-08 00:41:15.068 E/resolv  (  292): reportDnsEvent: DNS event not sent since no INetdEventListener receiver is available.
12-08 00:41:15.075 W/vold    (  159): Skip fsync /sys/fs/fuse/connections/75/abort on a file system does not support synchronization: Invalid argument
12-08 00:41:15.093 I/resolv  (  292): res_stats_usable_server: too many resolution errors, ignoring server
12-08 00:41:15.108 E/wpa_supplicant(  686): Error deregistering for death notification for network callback object
12-08 00:41:15.112 E/wpa_supplicant(  686): Failed to invoke AIDL iface callback
12-08 00:41:15.143 I/resolv  (  292): res_nsend: used send_dg 0 terrno: 110
12-08 00:41:15.144 I/resolv  (  292): doQuery: rcode=255, ancount=0, return value=-110
12-08 00:41:15.177 I/resolv  (  292): res_nsend: used send_dg 0 terrno: 110
12-08 00:41:15.177 I/resolv  (  292): doQuery: rcode=255, ancount=0, return value=-110
12-08 00:41:15.179 E/resolv  (  292): reportDnsEvent: DNS event not sent since no INetdEventListener receiver is available.
12-08 00:41:15.263 D/BufferPoolAccessor2.0(  402): bufferpool2 0xb4000070b3a560f8 : 0(0 size) total buffers - 0(0 size) used buffers - 8/10 (recycle/alloc) - 2/9 (fetch/transfer)
12-08 00:41:15.266 D/BufferPoolAccessor2.0(  402): bufferpool2 0xb4000070b3a52728 : 0(0 size) total buffers - 0(0 size) used buffers - 13/15 (recycle/alloc) - 2/14 (fetch/transfer)
12-08 00:41:15.266 D/BufferPoolAccessor2.0(  402): bufferpool2 0xb4000070b3a57128 : 0(0 size) total buffers - 0(0 size) used buffers - 5/7 (recycle/alloc) - 2/6 (fetch/transfer)
12-08 00:41:15.336 D/BufferPoolAccessor2.0(  402): Destruction - bufferpool2 0xb4000070b3a560f8 cached: 0/0M, 0/0% in use; allocs: 10, 80% recycled; transfers: 9, 78% unfetched
12-08 00:41:15.337 D/BufferPoolAccessor2.0(  402): Destruction - bufferpool2 0xb4000070b3a57128 cached: 0/0M, 0/0% in use; allocs: 7, 71% recycled; transfers: 6, 67% unfetched
12-08 00:41:15.396 D/SurfaceFlinger(  331): Setting power mode 2 on display 4619827259835644672
12-08 00:41:15.440 D/BufferPoolAccessor2.0(  402): bufferpool2 0xb4000070b3a53068 : 0(0 size) total buffers - 0(0 size) used buffers - 8/10 (recycle/alloc) - 2/9 (fetch/transfer)
12-08 00:41:15.440 D/BufferPoolAccessor2.0(  402): Destruction - bufferpool2 0xb4000070b3a53068 cached: 0/0M, 0/0% in use; allocs: 10, 80% recycled; transfers: 9, 78% unfetched
12-08 00:41:15.440 D/BufferPoolAccessor2.0(  402): Destruction - bufferpool2 0xb4000070b3a52728 cached: 0/0M, 0/0% in use; allocs: 15, 87% recycled; transfers: 14, 86% unfetched
12-08 00:41:15.442 D/BufferPoolAccessor2.0(  402): bufferpool2 0xb4000070b3a57a68 : 0(0 size) total buffers - 0(0 size) used buffers - 12/15 (recycle/alloc) - 3/14 (fetch/transfer)
12-08 00:41:15.442 D/BufferPoolAccessor2.0(  402): Destruction - bufferpool2 0xb4000070b3a57a68 cached: 0/0M, 0/0% in use; allocs: 15, 80% recycled; transfers: 14, 79% unfetched
12-08 00:41:15.443 D/BufferPoolAccessor2.0(  402): bufferpool2 0xb4000070b3a52978 : 0(0 size) total buffers - 0(0 size) used buffers - 7/11 (recycle/alloc) - 5/10 (fetch/transfer)
12-08 00:41:15.443 D/BufferPoolAccessor2.0(  402): Destruction - bufferpool2 0xb4000070b3a52978 cached: 0/0M, 0/0% in use; allocs: 11, 64% recycled; transfers: 10, 50% unfetched
12-08 00:41:16.195 I/wpa_supplicant(  686): wlan0: CTRL-EVENT-DSCP-POLICY clear_all
12-08 00:41:16.195 I/wpa_supplicant(  686): nl80211: deinit ifname=wlan0 disabled_11b_rates=0
12-08 00:41:16.229 I/BpBinder(  686): onLastStrongRef automatically unlinking death recipients: android.hardware.wifi.supplicant.ISupplicantStaIfaceCallback
12-08 00:41:16.229 I/wpa_supplicant(  686): wlan0: CTRL-EVENT-TERMINATING 
12-08 00:41:17.773 I/resolv  (  292): res_nsend: used send_dg 0 terrno: 110
12-08 00:41:17.781 I/resolv  (  292): res_nsend: used send_dg 0 terrno: 110
12-08 00:41:12.302 I/binder  ( 5435): send failed reply for transaction 221519 to 1231:5593
12-08 00:41:21.405 D/BufferPoolAccessor2.0(  402): evictor expired: 6, evicted: 0
12-08 00:41:22.794 I/hwservicemanager(  148): Notifying android.hardware.gnss@2.0::IGnss/default they have clients: 0
12-08 00:41:25.796 I/hwservicemanager(  148): Notifying android.hardware.gnss@2.0::IGnss/default they have clients: 1
12-08 00:41:25.867 I/wificond( 5629): wificond is starting up...
12-08 00:41:25.961 I/HidlLazyUtils(  739): Process has 0 (of 1 available) client(s) in use after notification android.hardware.gnss@2.0::IGnss/default has clients: 0
12-08 00:41:25.981 I/HidlLazyUtils(  739): Trying to exit HAL. No clients in use for any service in process.
12-08 00:41:25.992 I/servicemanager(  147): Could not find android.hardware.net.nlinterceptor.IInterceptor/default in the VINTF manifest.
12-08 00:41:26.454 I/hwservicemanager(  148): Tried to unregister for android.hardware.gnss@2.0::IGnss/default but there are clients: 1
12-08 00:41:26.456 I/HidlLazyUtils(  739): Failed to unregister HAL android.hardware.gnss@2.0::IGnss/default
12-08 00:41:26.456 I/HidlLazyUtils(  739): Process has 1 (of 1 available) client(s) in use after notification android.hardware.gnss@2.0::IGnss/default has clients: 1
12-08 00:41:26.457 I/HidlServiceManagement( 5629): Registered android.system.wifi.keystore@1.0::IKeystore/default
12-08 00:41:26.764 I/netdClient( 5628): Skipping libnetd_client init since *we* are netd
12-08 00:41:27.376 I/netd    ( 5628): netd 1.0 starting
12-08 00:41:27.455 I/netd    ( 5628): Pid file removed
12-08 00:41:27.456 I/netd    ( 5628): SIGPIPE is blocked
12-08 00:41:27.457 I/netd    ( 5628): setCloseOnExec(dnsproxyd)
12-08 00:41:27.457 I/netd    ( 5628): setCloseOnExec(fwmarkd)
12-08 00:41:27.457 I/netd    ( 5628): setCloseOnExec(mdns)
12-08 00:41:27.472 I/NetdUpdatable( 5628): libnetd_updatable_init: Initializing
12-08 00:41:27.508 I/BpfHandler( 5628): BPF programs are loaded
12-08 00:41:27.526 I/BpfHandler( 5628): initMaps successfully
12-08 00:41:27.526 I/netd    ( 5628): libnetd_updatable_init success
12-08 00:41:27.526 I/netd    ( 5628): NetlinkManager instanced
12-08 00:41:27.529 I/netd    ( 5628): enter NetworkController ctor
12-08 00:41:27.537 E/TcUtils ( 5628): NLMSG_ERROR message return error: -2
12-08 00:41:27.538 E/TcUtils ( 5628): NLMSG_ERROR message return error: -2
12-08 00:41:27.538 E/TcUtils ( 5628): NLMSG_ERROR message return error: -2
12-08 00:41:27.538 E/TcUtils ( 5628): NLMSG_ERROR message return error: -2
12-08 00:41:27.538 E/TcUtils ( 5628): NLMSG_ERROR message return error: -22
